******************************************************************************
                  TI ARM Linker PC v5.2.5                      
******************************************************************************
>> Linked Wed May 04 16:37:33 2016

OUTPUT FILE NAME:   <task.out>
ENTRY POINT SYMBOL: "_c_int00"  address: 00004919


MEMORY CONFIGURATION

         name            origin    length      used     unused   attr    fill
----------------------  --------  ---------  --------  --------  ----  --------
  FLASH                 00000000   00100000  00009176  000f6e8a  R  X
  SRAM                  20000000   00040000  000031f7  0003ce09  RW X


SEGMENT ALLOCATION MAP

run origin  load origin   length   init length attrs members
----------  ----------- ---------- ----------- ----- -------
00000000    00000000    00009180   00009180    r-x
  00000000    00000000    0000003c   0000003c    r-- .resetVecs
  00000040    00000040    00006312   00006312    r-x .text
  00006354    00006354    00002960   00002960    r-- .const
  00008cb8    00008cb8    000004c8   000004c8    r-- .cinit
20000000    20000000    00000360   00000000    rw-
  20000000    20000000    00000360   00000000    rw- .vecs
20000380    20000380    00002e98   00000000    rw-
  20000380    20000380    000024b0   00000000    rw- .bss
  20002830    20002830    000006e7   00000000    rw- .data
  20002f18    20002f18    00000300   00000000    rw- .stack


SECTION ALLOCATION MAP

 output                                  attributes/
section   page    origin      length       input sections
--------  ----  ----------  ----------   ----------------
.text      0    00000040    00006312     
                  00000040    00000430     sysbios.aem4f : BIOS.obj (.text:ti_sysbios_family_arm_m3_Hwi_excDumpRegs__I)
                  00000470    0000034c     ti.targets.arm.rtsarm.aem4f : System.oem4f (.text:xdc_runtime_System_doPrint__I)
                  000007bc    000002d4     rtsv7M4_T_le_v4SPD16_eabi.lib : trgdrv.obj (.text)
                  00000a90    000002c8     sysbios.aem4f : BIOS.obj (.text:ti_sysbios_knl_Semaphore_pend__E)
                  00000d58    00000254                   : BIOS.obj (.text:ti_sysbios_heaps_HeapMem_free__E)
                  00000fac    00000004     driverlib.lib : timer.obj (.text:TimerIntClear)
                  00000fb0    00000248     sysbios.aem4f : BIOS.obj (.text:ti_sysbios_heaps_HeapMem_alloc__E)
                  000011f8    00000204     driverlib.lib : sysctl.obj (.text:SysCtlClockFreqSet)
                  000013fc    00000204     Boot.aem4f : Boot_sysctl.oem4f (.text:ti_catalog_arm_cortexm4_tiva_ce_Boot_sysCtlClockFreqSetI__I)
                  00001600    000001fc     sysbios.aem4f : BIOS.obj (.text:ti_sysbios_family_arm_m3_Hwi_excHandlerMax__I)
                  000017fc    00000004     empty_pem4f.oem4f (.text:ti_sysbios_BIOS_RtsGateProxy_enter__E)
                  00001800    0000017c     sysbios.aem4f : BIOS.obj (.text:ti_sysbios_family_arm_lm4_TimestampProvider_get64__E)
                  0000197c    00000004     empty_pem4f.oem4f (.text:ti_sysbios_BIOS_RtsGateProxy_leave__E)
                  00001980    00000174     sysbios.aem4f : BIOS.obj (.text:ti_sysbios_family_arm_m3_Hwi_excBusFault__I)
                  00001af4    00000004                   : BIOS.obj (.text:ti_sysbios_family_arm_lm4_Timer_masterEnable__I)
                  00001af8    00000164                   : BIOS.obj (.text:ti_sysbios_family_arm_m3_Hwi_excUsageFault__I)
                  00001c5c    00000004     empty_pem4f.oem4f (.text:ti_sysbios_family_arm_m3_TaskSupport_Module__startupDone__S)
                  00001c60    00000148     sysbios.aem4f : BIOS.obj (.text:ti_sysbios_family_arm_m3_Hwi_excMemFault__I)
                  00001da8    0000013c                   : BIOS.obj (.text:ti_sysbios_heaps_HeapMem_Instance_init__E)
                  00001ee4    00000138     empty_pem4f.oem4f (.text:ti_uia_loggers_LoggerStopMode_writeMemoryRange__E)
                  0000201c    00000130     driverlib.lib : gpio.obj (.text:GPIOPadConfigSet)
                  0000214c    00000118     ti.targets.arm.rtsarm.aem4f : Error.oem4f (.text:xdc_runtime_Error_policyDefault__E)
                  00002264    0000010c     driverlib.lib : sysctl.obj (.text:SysCtlClockGet)
                  00002370    0000010c     empty_pem4f.oem4f (.text:ti_uia_loggers_LoggerStopMode_write8__E)
                  0000247c    00000004     empty_pem4f.oem4f (.text:ti_sysbios_heaps_HeapMem_Module_GateProxy_enter__E)
                  00002480    00000108     sysbios.aem4f : BIOS.obj (.text:ti_sysbios_family_arm_lm4_Timer_start__E)
                  00002588    00000100     ti.targets.arm.rtsarm.aem4f : Core-mem.oem4f (.text:xdc_runtime_Core_createObject__I)
                  00002688    000000f8     sysbios.aem4f : BIOS.obj (.text:ti_sysbios_utils_Load_updateThreadContexts__E)
                  00002780    000000f8     ti.targets.arm.rtsarm.aem4f : Startup.oem4f (.text:xdc_runtime_Startup_startMods__I)
                  00002878    000000f8     empty_pem4f.oem4f (.text:xdc_runtime_System_printfExtend__I)
                  00002970    000000f4     main.obj (.text:ledToggle)
                  00002a64    000000f4     sysbios.aem4f : m3_Hwi_asm.obj (.text:ti_sysbios_family_arm_m3_Hwi_dispatch__I)
                  00002b58    000000f4     empty_pem4f.oem4f (.text:ti_uia_loggers_LoggerStopMode_write4__E)
                  00002c4c    00000004     empty_pem4f.oem4f (.text:ti_sysbios_heaps_HeapMem_Module_GateProxy_leave__E)
                  00002c50    000000ec     sysbios.aem4f : BIOS.obj (.text:ti_sysbios_knl_Semaphore_post__E)
                  00002d3c    00000004     empty_pem4f.oem4f (.text:ti_sysbios_knl_Clock_TimerProxy_getMaxTicks__E)
                  00002d40    000000ec     sysbios.aem4f : BIOS.obj (.text:ti_sysbios_knl_Task_postInit__I)
                  00002e2c    000000e8     empty_pem4f.oem4f (.text:ti_uia_loggers_LoggerStopMode_write2__E)
                  00002f14    000000e4     empty_pem4f.oem4f (.text:ti_uia_loggers_LoggerStopMode_write1__E)
                  00002ff8    000000d8     sysbios.aem4f : BIOS.obj (.text:ti_sysbios_family_arm_lm4_TimestampProvider_get32__E)
                  000030d0    000000d8     empty_pem4f.oem4f (.text:ti_uia_loggers_LoggerStopMode_write0__E)
                  000031a8    000000cc     ti.targets.arm.rtsarm.aem4f : Core-smem.oem4f (.text:xdc_runtime_Core_constructObject__I)
                  00003274    00000004     empty_pem4f.oem4f (.text:ti_sysbios_knl_Clock_TimerProxy_getPeriod__E)
                  00003278    000000bc     sysbios.aem4f : BIOS.obj (.text:ti_sysbios_family_arm_m3_Hwi_excDebugMon__I)
                  00003334    00000004     empty_pem4f.oem4f (.text:ti_sysbios_knl_Queue_destruct)
                  00003338    000000bc     sysbios.aem4f : BIOS.obj (.text:ti_sysbios_family_arm_m3_Hwi_excHardFault__I)
                  000033f4    00000004     empty_pem4f.oem4f (.text:ti_sysbios_knl_Semaphore_destruct)
                  000033f8    000000b4     sysbios.aem4f : BIOS.obj (.text:ti_sysbios_gates_GateMutex_enter__E)
                  000034ac    00000004     ti.uia.loggers.aem4f : LoggerStopMode.oem4f (.text:ti_uia_loggers_LoggerStopMode_getContents__E)
                  000034b0    000000b4     sysbios.aem4f : BIOS.obj (.text:ti_sysbios_knl_Task_checkStacks__E)
                  00003564    00000004     empty_pem4f.oem4f (.text:ti_uia_loggers_LoggerStopMode_getFilterLevel__E)
                  00003568    000000b0     sysbios.aem4f : BIOS.obj (.text:ti_sysbios_utils_Load_idleFxn__E)
                  00003618    000000ac                   : BIOS.obj (.text:ti_sysbios_family_arm_lm4_Timer_enableTiva__I)
                  000036c4    000000a0     auto_init.aem4f : auto_init.oem4f (.text)
                  00003764    000000a0     ti.targets.arm.rtsarm.aem4f : Text.oem4f (.text:xdc_runtime_Text_putMod__E)
                  00003804    0000009c     rtsv7M4_T_le_v4SPD16_eabi.lib : memcpy_t2.obj (.text)
                  000038a0    0000009c     sysbios.aem4f : BIOS.obj (.text:ti_sysbios_knl_Semaphore_Instance_init__E)
                  0000393c    00000004     ti.uia.loggers.aem4f : LoggerStopMode.oem4f (.text:ti_uia_loggers_LoggerStopMode_getInstanceId__E)
                  00003940    0000009c     sysbios.aem4f : BIOS.obj (.text:ti_sysbios_knl_Task_schedule__I)
                  000039dc    0000009a     ti.targets.arm.rtsarm.aem4f : Text.oem4f (.text:xdc_runtime_Text_putSite__E)
                  00003a76    00000002     rtsv7M4_T_le_v4SPD16_eabi.lib : i_div0.obj (.text)
                  00003a78    00000098     Boot.aem4f : Boot.oem4f (.text:ti_catalog_arm_cortexm4_tiva_ce_Boot_sysCtlClockFreqSet__E)
                  00003b10    00000094     sysbios.aem4f : BIOS.obj (.text:ti_sysbios_family_arm_m3_Hwi_initNVIC__E)
                  00003ba4    00000004     ti.uia.loggers.aem4f : LoggerStopMode.oem4f (.text:ti_uia_loggers_LoggerStopMode_getMaxLength__E)
                  00003ba8    00000090     sysbios.aem4f : BIOS.obj (.text:ti_sysbios_knl_Task_Module_startup__E)
                  00003c38    00000090                   : BIOS.obj (.text:ti_sysbios_knl_Task_exit__E)
                  00003cc8    00000090                   : BIOS.obj (.text:ti_sysbios_knl_Task_startCore__E)
                  00003d58    00000090                   : BIOS.obj (.text:ti_sysbios_utils_Load_startup__E)
                  00003de8    00000090     ti.uia.loggers.aem4f : LoggerStopMode.oem4f (.text:ti_uia_loggers_LoggerStopMode_initQueueDescriptor__E)
                  00003e78    0000008c     sysbios.aem4f : m3_TaskSupport_asm.obj (.text:ti_sysbios_family_arm_m3_TaskSupport_buildTaskStack)
                  00003f04    00000004     ti.uia.loggers.aem4f : LoggerStopMode.oem4f (.text:ti_uia_loggers_LoggerStopMode_getPriority__E)
                  00003f08    00000084     sysbios.aem4f : BIOS.obj (.text:ti_sysbios_family_arm_m3_Hwi_postInit__I)
                  00003f8c    00000004     ti.uia.loggers.aem4f : LoggerStopMode.oem4f (.text:ti_uia_loggers_LoggerStopMode_getTransferType__E)
                  00003f90    00000084     sysbios.aem4f : BIOS.obj (.text:ti_sysbios_utils_Load_updateLoads__E)
                  00004014    0000007a     rtsv7M4_T_le_v4SPD16_eabi.lib : memset_t2.obj (.text)
                  0000408e    00000002     empty_pem4f.oem4f (.text:ti_sysbios_BIOS_nullFunc__I)
                  00004090    00000074     ti.uia.runtime.aem4f : QueueDescriptor.oem4f (.text:ti_uia_runtime_QueueDescriptor_addToList__E)
                  00004104    0000006d     ti.targets.arm.rtsarm.aem4f : System.oem4f (.text:xdc_runtime_System_formatNum__I)
                  00004171    00000001     --HOLE-- [fill = 0]
                  00004172    00000002     empty_pem4f.oem4f (.text:ti_uia_loggers_LoggerStopMode_setFilterLevel__E)
                  00004174    0000006c     main.obj (.text:hardware_init)
                  000041e0    0000006c     sysbios.aem4f : BIOS.obj (.text:ti_sysbios_knl_Clock_workFunc__E)
                  0000424c    00000004     ti.targets.arm.rtsarm.aem4f : Error.oem4f (.text:xdc_runtime_Error_getSite__E)
                  00004250    0000006c     sysbios.aem4f : BIOS.obj (.text:ti_sysbios_knl_Swi_restoreHwi__E)
                  000042bc    00000004     empty_pem4f.oem4f (.text:xdc_runtime_System_Module_GateProxy_enter__E)
                  000042c0    0000006c     sysbios.aem4f : BIOS.obj (.text:ti_sysbios_utils_Load_taskCreateHook__E)
                  0000432c    0000006c     ti.targets.arm.rtsarm.aem4f : Error.oem4f (.text:xdc_runtime_Error_print__E)
                  00004398    0000006c                                 : Memory.oem4f (.text:xdc_runtime_Memory_alloc__E)
                  00004404    0000006a     rtsv7M4_T_le_v4SPD16_eabi.lib : copy_decompress_rle.obj (.text)
                  0000446e    00000002     ti.uia.loggers.aem4f : LoggerStopMode.oem4f (.text:ti_uia_loggers_LoggerStopMode_setPriority__E)
                  00004470    00000068     rtsv7M4_T_le_v4SPD16_eabi.lib : trgmsg.obj (.text)
                  000044d8    00000068     sysbios.aem4f : BIOS.obj (.text:ti_sysbios_utils_Load_addTask__E)
                  00004540    00000066     ti.uia.loggers.aem4f : LoggerStopMode.oem4f (.text:ti_uia_loggers_LoggerStopMode_flush__E)
                  000045a6    00000066     ti.targets.arm.rtsarm.aem4f : Core-mem.oem4f (.text:xdc_runtime_Core_deleteObject__I)
                  0000460c    00000004     empty_pem4f.oem4f (.text:xdc_runtime_System_Module_GateProxy_leave__E)
                  00004610    00000064     sysbios.aem4f : BIOS.obj (.text:ti_sysbios_family_arm_lm4_Timer_Module_startup__E)
                  00004674    00000004     ti.targets.arm.rtsarm.aem4f : System.oem4f (.text:xdc_runtime_System_aprintf_va__F)
                  00004678    00000064     sysbios.aem4f : BIOS.obj (.text:ti_sysbios_family_arm_m3_Hwi_dispatchC__I)
                  000046dc    00000060     driverlib.lib : timer.obj (.text:TimerConfigure)
                  0000473c    00000004     ti.targets.arm.rtsarm.aem4f : System.oem4f (.text:xdc_runtime_System_printf_va__F)
                  00004740    00000060     sysbios.aem4f : BIOS.obj (.text:ti_sysbios_utils_Load_updateCurrentThreadTime__E)
                  000047a0    0000005c                   : BIOS.obj (.text:ti_sysbios_knl_Swi_run__I)
                  000047fc    00000002     empty_pem4f.oem4f (.text:xdc_runtime_Startup_reset__I)
                  000047fe    00000002     --HOLE-- [fill = 0]
                  00004800    0000005c     sysbios.aem4f : BIOS.obj (.text:ti_sysbios_knl_Swi_schedule__I)
                  0000485c    00000004     --HOLE-- [fill = 0]
                  00004860    0000005c                   : BIOS.obj (.text:ti_sysbios_knl_Task_unblockI__E)
                  000048bc    0000005b     ti.targets.arm.rtsarm.aem4f : Text.oem4f (.text:xdc_runtime_Text_putLab__E)
                  00004917    00000001     --HOLE-- [fill = 0]
                  00004918    00000058     boot.aem4f : boot.oem4f (.text)
                  00004970    00000058     sysbios.aem4f : m3_Hwi_asm_switch.obj (.text:ti_sysbios_family_arm_m3_Hwi_initStacks__E)
                  000049c8    00000054                   : BIOS.obj (.text:ti_sysbios_family_arm_lm4_Timer_initDevice__I)
                  00004a1c    00000004     --HOLE-- [fill = 0]
                  00004a20    00000054                   : BIOS.obj (.text:ti_sysbios_utils_Load_taskSwitchHook__E)
                  00004a74    00000054     ti.targets.arm.rtsarm.aem4f : Assert.oem4f (.text:xdc_runtime_Assert_raise__I)
                  00004ac8    00000050     Boot.aem4f : Boot_sysctl.oem4f (.text:_SysCtlFrequencyGet)
                  00004b18    00000050     sysbios.aem4f : BIOS.obj (.text:ti_sysbios_family_arm_m3_Hwi_Module_startup__E)
                  00004b68    00000050                   : BIOS.obj (.text:ti_sysbios_utils_Load_logLoads__I)
                  00004bb8    00000050     ti.targets.arm.rtsarm.aem4f : Startup.oem4f (.text:xdc_runtime_Startup_exec__E)
                  00004c08    00000050                                 : Text.oem4f (.text:xdc_runtime_Text_visitRope2__I)
                  00004c58    0000004c     rtsv7M4_T_le_v4SPD16_eabi.lib : cpy_tbl.obj (.text)
                  00004ca4    00000004     --HOLE-- [fill = 0]
                  00004ca8    0000004c     sysbios.aem4f : BIOS.obj (.text:ti_sysbios_heaps_HeapMem_getStats__E)
                  00004cf4    00000004     --HOLE-- [fill = 0]
                  00004cf8    0000004c                   : BIOS.obj (.text:ti_sysbios_knl_Swi_runLoop__I)
                  00004d44    00000004     --HOLE-- [fill = 0]
                  00004d48    0000004c                   : BIOS.obj (.text:ti_sysbios_knl_Task_allBlockedFunction__I)
                  00004d94    0000004c     ti.uia.loggers.aem4f : LoggerStopMode.oem4f (.text:ti_uia_loggers_LoggerStopMode_Module_startup__E)
                  00004de0    00000048     driverlib.lib : sysctl.obj (.text:_SysCtlFrequencyGet)
                  00004e28    00000048     sysbios.aem4f : BIOS.obj (.text:ti_sysbios_family_arm_lm4_Timer_enableTimers__I)
                  00004e70    00000048                   : BIOS.obj (.text:ti_sysbios_family_arm_m3_Hwi_disableInterrupt__E)
                  00004eb8    00000048                   : BIOS.obj (.text:ti_sysbios_family_arm_m3_Hwi_enableInterrupt__E)
                  00004f00    00000048                   : BIOS.obj (.text:ti_sysbios_family_arm_m3_Hwi_excReserved__I)
                  00004f48    00000048                   : BIOS.obj (.text:ti_sysbios_utils_Load_taskDeleteHook__E)
                  00004f90    00000046     ti.targets.arm.rtsarm.aem4f : Core-params.oem4f (.text:xdc_runtime_Core_assignParams__I)
                  00004fd6    00000002     --HOLE-- [fill = 0]
                  00004fd8    00000044     rtsv7M4_T_le_v4SPD16_eabi.lib : exit.obj (.text)
                  0000501c    00000004     --HOLE-- [fill = 0]
                  00005020    00000044     sysbios.aem4f : BIOS.obj (.text:ti_sysbios_family_arm_lm4_Timer_isrStub__E)
                  00005064    00000004     --HOLE-- [fill = 0]
                  00005068    00000044                   : BIOS.obj (.text:ti_sysbios_family_arm_m3_Hwi_getStackInfo__E)
                  000050ac    00000004     --HOLE-- [fill = 0]
                  000050b0    00000044                   : BIOS.obj (.text:ti_sysbios_knl_Swi_post__E)
                  000050f4    00000004     --HOLE-- [fill = 0]
                  000050f8    00000044                   : BIOS.obj (.text:ti_sysbios_utils_Load_removeTask__E)
                  0000513c    00000044     ti.uia.loggers.aem4f : LoggerStopMode.oem4f (.text:ti_uia_loggers_LoggerStopMode_initBuffer__I)
                  00005180    00000044     ti.targets.arm.rtsarm.aem4f : Error.oem4f (.text:xdc_runtime_Error_setX__E)
                  000051c4    00000044                                 : SysMin.oem4f (.text:xdc_runtime_SysMin_flush__E)
                  00005208    00000044                                 : Text.oem4f (.text:xdc_runtime_Text_xprintf__I)
                  0000524c    00000040     rtsv7M4_T_le_v4SPD16_eabi.lib : u_divt2.obj (.text)
                  0000528c    00000004     --HOLE-- [fill = 0]
                  00005290    00000040     sysbios.aem4f : BIOS.obj (.text:ti_sysbios_family_arm_lm4_Timer_startup__E)
                  000052d0    0000003c                   : BIOS.obj (.text:ti_sysbios_family_arm_m3_Hwi_excSvCall__I)
                  0000530c    00000004     --HOLE-- [fill = 0]
                  00005310    0000003c                   : BIOS.obj (.text:ti_sysbios_heaps_HeapMem_init__I)
                  0000534c    00000004     --HOLE-- [fill = 0]
                  00005350    0000003c                   : BIOS.obj (.text:ti_sysbios_knl_Swi_restore__E)
                  0000538c    00000004     --HOLE-- [fill = 0]
                  00005390    00000038                   : BIOS.obj (.text:ti_sysbios_family_arm_m3_Hwi_excNoIsr__I)
                  000053c8    00000038                   : BIOS.obj (.text:ti_sysbios_knl_Task_processVitalTaskFlag__I)
                  00005400    00000038     ti.targets.arm.rtsarm.aem4f : SysMin.oem4f (.text:xdc_runtime_SysMin_putch__E)
                  00005438    00000038                                 : System.oem4f (.text:xdc_runtime_System_atexit__E)
                  00005470    00000034     driverlib.lib : sysctl.obj (.text:SysCtlPeripheralEnable)
                  000054a4    00000004     --HOLE-- [fill = 0]
                  000054a8    00000034     sysbios.aem4f : BIOS.obj (.text:ti_sysbios_family_arm_m3_Hwi_excNmi__I)
                  000054dc    00000004     --HOLE-- [fill = 0]
                  000054e0    00000034                   : BIOS.obj (.text:ti_sysbios_hal_Hwi_checkStack)
                  00005514    00000034     ti.uia.loggers.aem4f : LoggerStopMode.oem4f (.text:ti_uia_loggers_LoggerStopMode_reset__E)
                  00005548    00000034     ti.targets.arm.rtsarm.aem4f : Core-label.oem4f (.text:xdc_runtime_Core_assignLabel__I)
                  0000557c    00000033                                 : Text.oem4f (.text:xdc_runtime_Text_printVisFxn__I)
                  000055af    00000001     --HOLE-- [fill = 0]
                  000055b0    00000032     sysbios.aem4f : BIOS.obj (.text:ti_sysbios_hal_Hwi_initStack)
                  000055e2    00000006     driverlib.lib : gpio.obj (.text:GPIOPinWrite)
                  000055e8    00000032     sysbios.aem4f : BIOS.obj (.text:ti_sysbios_knl_Semaphore_pendTimeout__I)
                  0000561a    00000002     --HOLE-- [fill = 0]
                  0000561c    00000030     empty_pem4f.oem4f (.text:ti_sysbios_BIOS_atExitFunc__I)
                  0000564c    00000004     --HOLE-- [fill = 0]
                  00005650    00000030     sysbios.aem4f : BIOS.obj (.text:ti_sysbios_family_arm_lm4_Timer_stop__E)
                  00005680    00000030                   : BIOS.obj (.text:ti_sysbios_family_arm_m3_TaskSupport_start__E)
                  000056b0    00000030     empty_pem4f.oem4f (.text:ti_sysbios_gates_GateHwi_Object__create__S)
                  000056e0    00000030     empty_pem4f.oem4f (.text:ti_sysbios_gates_GateMutex_Object__create__S)
                  00005710    00000030     empty_pem4f.oem4f (.text:ti_sysbios_heaps_HeapMem_Object__create__S)
                  00005740    00000030     empty_pem4f.oem4f (.text:ti_sysbios_knl_Semaphore_construct)
                  00005770    00000030     empty_pem4f.oem4f (.text:ti_uia_loggers_LoggerStopMode_Object__create__S)
                  000057a0    00000030     ti.targets.arm.rtsarm.aem4f : SysMin.oem4f (.text:xdc_runtime_SysMin_abort__E)
                  000057d0    00000030                                 : System.oem4f (.text:xdc_runtime_System_processAtExit__E)
                  00005800    0000002c     empty_pem4f.oem4f (.text:ti_sysbios_knl_Clock_doTick__I)
                  0000582c    0000002c     empty_pem4f.oem4f (.text:ti_sysbios_knl_Queue_construct)
                  00005858    0000002c     sysbios.aem4f : BIOS.obj (.text:ti_sysbios_knl_Task_restore__E)
                  00005884    0000002c     ti.targets.arm.rtsarm.aem4f : Text.oem4f (.text:xdc_runtime_Text_cordText__E)
                  000058b0    0000002a     driverlib.lib : gpio.obj (.text:GPIODirModeSet)
                  000058da    0000002a     ti.targets.arm.rtsarm.aem4f : System.oem4f (.text:xdc_runtime_System_putchar__I)
                  00005904    00000028     empty_pem4f.oem4f (.text:ti_sysbios_BIOS_startFunc__I)
                  0000592c    00000004     --HOLE-- [fill = 0]
                  00005930    00000028     sysbios.aem4f : BIOS.obj (.text:ti_sysbios_knl_Swi_Module_startup__E)
                  00005958    00000026                   : m3_Hwi_asm.obj (.text:ti_sysbios_family_arm_m3_Hwi_pendSV__I)
                  0000597e    00000026     ti.targets.arm.rtsarm.aem4f : System.oem4f (.text:xdc_runtime_System_avprintf__E)
                  000059a4    00000024     empty_pem4f.oem4f (.text:ti_sysbios_BIOS_registerRTSLock__I)
                  000059c8    00000024     empty_pem4f.oem4f (.text:ti_sysbios_BIOS_removeRTSLock__I)
                  000059ec    00000024     empty_pem4f.oem4f (.text:ti_sysbios_gates_GateMutex_Object__delete__S)
                  00005a10    00000024     sysbios.aem4f : BIOS.obj (.text:ti_sysbios_knl_Clock_Module_startup__E)
                  00005a34    00000004     --HOLE-- [fill = 0]
                  00005a38    00000024                   : BIOS.obj (.text:ti_sysbios_knl_Task_restoreHwi__E)
                  00005a5c    00000024     ti.targets.arm.rtsarm.aem4f : System.oem4f (.text:xdc_runtime_System_vprintf__E)
                  00005a80    00000022     sysbios.aem4f : BIOS.obj (.text:ti_sysbios_family_arm_lm4_Timer_write__I)
                  00005aa2    00000022     empty_pem4f.oem4f (.text:xdc_runtime_SysMin_output__I)
                  00005ac4    00000020     Boot.aem4f : Boot_sysctl.oem4f (.text:_SysCtlMemTimingGet)
                  00005ae4    00000020     empty_pem4f.oem4f (.text:ti_sysbios_BIOS_rtsLock__I)
                  00005b04    00000020     sysbios.aem4f : m3_Hwi_asm.obj (.text:ti_sysbios_family_arm_m3_Hwi_excHandlerAsm__I)
                  00005b24    00000004     --HOLE-- [fill = 0]
                  00005b28    00000020                   : BIOS.obj (.text:ti_sysbios_family_arm_m3_Hwi_excHandler__I)
                  00005b48    00000020     empty_pem4f.oem4f (.text:ti_sysbios_gates_GateHwi_Object__delete__S)
                  00005b68    00000020     empty_pem4f.oem4f (.text:ti_sysbios_heaps_HeapMem_Object__delete__S)
                  00005b88    00000020     sysbios.aem4f : BIOS.obj (.text:ti_sysbios_knl_Idle_run__E)
                  00005ba8    00000020     empty_pem4f.oem4f (.text:ti_sysbios_knl_Semaphore_Object__destruct__S)
                  00005bc8    00000020     empty_pem4f.oem4f (.text:ti_uia_loggers_LoggerStopMode_Object__delete__S)
                  00005be8    00000020     ti.targets.arm.rtsarm.aem4f : Registry.oem4f (.text:xdc_runtime_Registry_findById__E)
                  00005c08    00000020                                 : SysMin.oem4f (.text:xdc_runtime_SysMin_Module_startup__E)
                  00005c28    0000001e     empty_pem4f.oem4f (.text:ti_sysbios_BIOS_errorRaiseHook__I)
                  00005c46    0000001e     sysbios.aem4f : m3_Hwi_asm_switch.obj (.text:ti_sysbios_family_xxx_Hwi_switchAndRunFunc)
                  00005c64    0000001c     main.obj (.text:Timer_ISR)
                  00005c80    0000001c     driverlib.lib : sysctl.obj (.text:_SysCtlMemTimingGet)
                  00005c9c    00000004     --HOLE-- [fill = 0]
                  00005ca0    0000001c     sysbios.aem4f : BIOS.obj (.text:ti_sysbios_gates_GateMutex_Instance_init__E)
                  00005cbc    0000001c     empty_pem4f.oem4f (.text:ti_sysbios_knl_Queue_Object__destruct__S)
                  00005cd8    0000001c     sysbios.aem4f : BIOS.obj (.text:ti_sysbios_knl_Queue_put__E)
                  00005cf4    00000004     --HOLE-- [fill = 0]
                  00005cf8    0000001c                   : BIOS.obj (.text:ti_sysbios_knl_Task_enter__I)
                  00005d14    0000001c     ti.uia.loggers.aem4f : LoggerStopMode.oem4f (.text:ti_uia_loggers_LoggerStopMode_Instance_init__E)
                  00005d30    0000001c     ti.targets.arm.rtsarm.aem4f : Error.oem4f (.text:xdc_runtime_Error_raiseX__E)
                  00005d4c    0000001c                                 : Memory.oem4f (.text:xdc_runtime_Memory_valloc__E)
                  00005d68    0000001c                                 : SysMin.oem4f (.text:xdc_runtime_SysMin_exit__E)
                  00005d84    0000001c                                 : System.oem4f (.text:xdc_runtime_System_abort__E)
                  00005da0    0000001a     empty_pem4f.oem4f (.text:ti_sysbios_family_arm_m3_Hwi_Handle__label__S)
                  00005dba    0000001a     empty_pem4f.oem4f (.text:ti_sysbios_gates_GateHwi_Handle__label__S)
                  00005dd4    0000001a     empty_pem4f.oem4f (.text:ti_sysbios_gates_GateMutex_Handle__label__S)
                  00005dee    0000001a     empty_pem4f.oem4f (.text:ti_sysbios_heaps_HeapMem_Handle__label__S)
                  00005e08    0000001a     empty_pem4f.oem4f (.text:ti_sysbios_knl_Swi_Handle__label__S)
                  00005e22    0000001a     empty_pem4f.oem4f (.text:ti_sysbios_knl_Task_Handle__label__S)
                  00005e3c    0000001a     empty_pem4f.oem4f (.text:ti_uia_loggers_LoggerStopMode_Handle__label__S)
                  00005e56    0000001a     empty_pem4f.oem4f (.text:xdc_runtime_System_aprintf__E)
                  00005e70    0000001a     empty_pem4f.oem4f (.text:xdc_runtime_System_printf__E)
                  00005e8a    00000018     driverlib.lib : gpio.obj (.text:GPIOPinTypeGPIOOutput)
                  00005ea2    00000002     --HOLE-- [fill = 0]
                  00005ea4    00000018     rtsv7M4_T_le_v4SPD16_eabi.lib : args_main.obj (.text)
                  00005ebc    00000018     empty_pem4f.oem4f (.text:ti_sysbios_BIOS_rtsUnlock__I)
                  00005ed4    00000018     empty_pem4f.oem4f (.text:ti_sysbios_family_arm_lm4_Timer_Module__startupDone__F)
                  00005eec    00000018     empty_pem4f.oem4f (.text:ti_sysbios_family_arm_m3_Hwi_Module__startupDone__F)
                  00005f04    00000018     sysbios.aem4f : m3_TaskSupport_asm.obj (.text:ti_sysbios_family_arm_m3_TaskSupport_swap__E)
                  00005f1c    00000004     --HOLE-- [fill = 0]
                  00005f20    00000018                   : BIOS.obj (.text:ti_sysbios_gates_GateMutex_leave__E)
                  00005f38    00000018     ti.targets.arm.rtsarm.aem4f : Error.oem4f (.text:xdc_runtime_Error_check__E)
                  00005f50    00000018                                 : System.oem4f (.text:xdc_runtime_System_exit__E)
                  00005f68    00000018                                 : Text.oem4f (.text:xdc_runtime_Text_ropeText__E)
                  00005f80    00000016     empty_pem4f.oem4f (.text:ti_sysbios_BIOS_exitFunc__I)
                  00005f96    00000016     ti.uia.loggers.aem4f : LoggerStopMode.oem4f (.text:ti_uia_loggers_LoggerStopMode_disable__E)
                  00005fac    00000016                          : LoggerStopMode.oem4f (.text:ti_uia_loggers_LoggerStopMode_enable__E)
                  00005fc2    00000002     --HOLE-- [fill = 0]
                  00005fc4    00000014     rtsv7M4_T_le_v4SPD16_eabi.lib : _lock.obj (.text)
                  00005fd8    00000014                                   : strcpy.obj (.text)
                  00005fec    00000014                                   : strlen.obj (.text)
                  00006000    00000014     empty_pem4f.oem4f (.text:ti_sysbios_family_arm_m3_Hwi_Object__get__S)
                  00006014    00000004     --HOLE-- [fill = 0]
                  00006018    00000014     sysbios.aem4f : BIOS.obj (.text:ti_sysbios_family_arm_m3_Hwi_switchFromBootStack__E)
                  0000602c    00000014     empty_pem4f.oem4f (.text:ti_sysbios_heaps_HeapMem_Object__get__S)
                  00006040    00000014     empty_pem4f.oem4f (.text:ti_sysbios_knl_Swi_Object__get__S)
                  00006054    00000014     empty_pem4f.oem4f (.text:ti_sysbios_knl_Task_Object__get__S)
                  00006068    00000012     driverlib.lib : timer.obj (.text:TimerLoadSet)
                  0000607a    00000006                   : sysctl.obj (.text:SysCtlDelay)
                  00006080    00000012     sysbios.aem4f : BIOS.obj (.text:ti_sysbios_hal_Hwi_Module_startup__E)
                  00006092    00000012     empty_pem4f.oem4f (.text:xdc_runtime_Startup_exec__I)
                  000060a4    00000010     empty_pem4f.oem4f (.text:.bootCodeSection:ti_catalog_arm_cortexm4_tiva_ce_Boot_init__I)
                  000060b4    00000004     --HOLE-- [fill = 0]
                  000060b8    00000010     sysbios.aem4f : BIOS.obj (.text:ti_sysbios_BIOS_getCpuFreq__E)
                  000060c8    00000010                   : BIOS.obj (.text:ti_sysbios_BIOS_setThreadType__E)
                  000060d8    00000010                   : BIOS.obj (.text:ti_sysbios_BIOS_start__E)
                  000060e8    00000010                   : BIOS.obj (.text:ti_sysbios_family_arm_lm4_TimestampProvider_rolloverFunc__E)
                  000060f8    00000010                   : m3_TaskSupport_asm.obj (.text:ti_sysbios_family_arm_m3_TaskSupport_glue)
                  00006108    00000010                   : BIOS.obj (.text:ti_sysbios_gates_GateMutex_Instance_finalize__E)
                  00006118    00000010                   : BIOS.obj (.text:ti_sysbios_knl_Semaphore_Instance_finalize__E)
                  00006128    00000010                   : BIOS.obj (.text:ti_sysbios_knl_Swi_disable__E)
                  00006138    00000010                   : BIOS.obj (.text:ti_sysbios_knl_Task_disable__E)
                  00006148    00000010     empty_pem4f.oem4f (.text:ti_uia_loggers_LoggerStopMode_Object__get__S)
                  00006158    00000010     ti.uia.loggers.aem4f : LoggerStopMode.oem4f (.text:ti_uia_loggers_LoggerStopMode_isEmpty__E)
                  00006168    00000010     ti.targets.arm.rtsarm.aem4f : Gate.oem4f (.text:xdc_runtime_Gate_leaveSystem__E)
                  00006178    00000010                                 : Memory.oem4f (.text:xdc_runtime_Memory_free__E)
                  00006188    00000010                                 : SysMin.oem4f (.text:xdc_runtime_SysMin_ready__E)
                  00006198    00000010                                 : System.oem4f (.text:xdc_runtime_System_vsnprintf__E)
                  000061a8    00000010     empty_pem4f.oem4f (.text:xdc_runtime_Text_visitRope__I)
                  000061b8    0000000e     driverlib.lib : timer.obj (.text:TimerEnable)
                  000061c6    0000000e     rtsv7M4_T_le_v4SPD16_eabi.lib : copy_decompress_none.obj (.text:decompress:none)
                  000061d4    00000004     --HOLE-- [fill = 0]
                  000061d8    0000000e     sysbios.aem4f : BIOS.obj (.text:ti_sysbios_knl_Idle_loop__E)
                  000061e6    00000002     --HOLE-- [fill = 0]
                  000061e8    0000000e                   : BIOS.obj (.text:ti_sysbios_knl_Queue_empty__E)
                  000061f6    0000000c     rtsv7M4_T_le_v4SPD16_eabi.lib : copy_zero_init.obj (.text:decompress:ZI)
                  00006202    0000000c     main.obj (.text:main)
                  0000620e    00000002     --HOLE-- [fill = 0]
                  00006210    0000000c     sysbios.aem4f : BIOS.obj (.text:ti_sysbios_family_arm_lm4_Timer_getMaxTicks__E)
                  0000621c    00000004     --HOLE-- [fill = 0]
                  00006220    0000000c                   : BIOS.obj (.text:ti_sysbios_family_arm_lm4_TimestampProvider_startTimer__E)
                  0000622c    00000004     --HOLE-- [fill = 0]
                  00006230    0000000c                   : BIOS.obj (.text:ti_sysbios_family_arm_m3_Hwi_disableFxn__E)
                  0000623c    00000004     --HOLE-- [fill = 0]
                  00006240    0000000c                   : BIOS.obj (.text:ti_sysbios_family_arm_m3_TaskSupport_checkStack__E)
                  0000624c    00000004     --HOLE-- [fill = 0]
                  00006250    0000000c                   : BIOS.obj (.text:ti_sysbios_gates_GateHwi_enter__E)
                  0000625c    0000000c     empty_pem4f.oem4f (.text:ti_sysbios_knl_Queue_Object__get__S)
                  00006268    0000000c     sysbios.aem4f : BIOS.obj (.text:ti_sysbios_utils_Load_taskRegHook__E)
                  00006274    0000000c     ti.targets.arm.rtsarm.aem4f : Error.oem4f (.text:xdc_runtime_Error_init__E)
                  00006280    0000000c                                 : Gate.oem4f (.text:xdc_runtime_Gate_enterSystem__E)
                  0000628c    0000000c                                 : Memory.oem4f (.text:xdc_runtime_Memory_calloc__E)
                  00006298    0000000c                                 : Memory.oem4f (.text:xdc_runtime_Memory_getMaxDefaultTypeAlign__E)
                  000062a4    0000000a     empty_pem4f.oem4f (.text:xdc_runtime_IHeap_alloc)
                  000062ae    0000000a     empty_pem4f.oem4f (.text:xdc_runtime_IHeap_free)
                  000062b8    00000008     driverlib.lib : timer.obj (.text:TimerIntEnable)
                  000062c0    00000008     sysbios.aem4f : BIOS.obj (.text:ti_sysbios_family_arm_lm4_Timer_masterDisable__I)
                  000062c8    00000008                   : BIOS.obj (.text:ti_sysbios_family_arm_m3_Hwi_doSwiRestore__I)
                  000062d0    00000008                   : BIOS.obj (.text:ti_sysbios_family_arm_m3_Hwi_startup__E)
                  000062d8    00000006     ti.targets.arm.rtsarm.aem4f : xdc_noinit.oem4f (.text:__xdc__init)
                  000062de    00000006     rtsv7M4_T_le_v4SPD16_eabi.lib : copy_decompress_rle.obj (.text:decompress:rle24)
                  000062e4    00000004     --HOLE-- [fill = 0]
                  000062e8    00000006     sysbios.aem4f : BIOS.obj (.text:ti_sysbios_family_arm_lm4_TimestampProvider_Module_startup__E)
                  000062ee    00000002     --HOLE-- [fill = 0]
                  000062f0    00000006                   : BIOS.obj (.text:ti_sysbios_family_arm_m3_Hwi_doTaskRestore__I)
                  000062f6    00000002     --HOLE-- [fill = 0]
                  000062f8    00000006                   : BIOS.obj (.text:ti_sysbios_family_arm_m3_Hwi_restoreFxn__E)
                  000062fe    00000002     --HOLE-- [fill = 0]
                  00006300    00000006                   : BIOS.obj (.text:ti_sysbios_gates_GateHwi_leave__E)
                  00006306    00000002     --HOLE-- [fill = 0]
                  00006308    00000006                   : BIOS.obj (.text:ti_sysbios_heaps_HeapMem_isBlocking__E)
                  0000630e    00000002     --HOLE-- [fill = 0]
                  00006310    00000006                   : BIOS.obj (.text:ti_sysbios_knl_Queue_Instance_init__E)
                  00006316    00000002     --HOLE-- [fill = 0]
                  00006318    00000006                   : BIOS.obj (.text:ti_sysbios_knl_Swi_startup__E)
                  0000631e    00000006     ti.targets.arm.rtsarm.aem4f : System.oem4f (.text:xdc_runtime_System_Module_startup__E)
                  00006324    00000004     --HOLE-- [fill = 0]
                  00006328    00000004     sysbios.aem4f : BIOS.obj (.text:ti_sysbios_family_arm_lm4_Timer_getPeriod__E)
                  0000632c    00000004     --HOLE-- [fill = 0]
                  00006330    00000004                   : BIOS.obj (.text:ti_sysbios_gates_GateHwi_query__E)
                  00006334    00000004     --HOLE-- [fill = 0]
                  00006338    00000004                   : BIOS.obj (.text:ti_sysbios_gates_GateMutex_query__E)
                  0000633c    00000004     --HOLE-- [fill = 0]
                  00006340    00000004                   : BIOS.obj (.text:ti_sysbios_knl_Task_startup__E)
                  00006344    00000004     --HOLE-- [fill = 0]
                  00006348    00000002                   : BIOS.obj (.text:ti_sysbios_gates_GateHwi_Instance_init__E)
                  0000634a    00000006     --HOLE-- [fill = 0]
                  00006350    00000002                   : BIOS.obj (.text:ti_sysbios_knl_Clock_logTick__E)

.const     0    00006354    00002960     
                  00006354    00001faf     empty_pem4f.oem4f (.const:xdc_runtime_Text_charTab__A)
                  00008303    00000001     empty_pem4f.oem4f (.const:xdc_runtime_Error_policy__C)
                  00008304    00000120     Boot.aem4f : Boot_sysctl.oem4f (.const:g_pppui32XTALtoVCO)
                  00008424    00000120     driverlib.lib : sysctl.obj (.const:g_pppui32XTALtoVCO)
                  00008544    00000100     empty_pem4f.oem4f (.const:xdc_runtime_Text_nodeTab__A)
                  00008644    0000006c     Boot.aem4f : Boot_sysctl.oem4f (.const:g_pui32Xtals)
                  000086b0    0000006c     driverlib.lib : sysctl.obj (.const:g_pui32Xtals)
                  0000871c    00000060     empty_pem4f.oem4f (.const:ti_uia_loggers_LoggerStopMode_Module__FXNS__C)
                  0000877c    00000048     empty_pem4f.oem4f (.const:.string)
                  000087c4    00000030     Boot.aem4f : Boot_sysctl.oem4f (.const:g_sXTALtoMEMTIM)
                  000087f4    00000030     driverlib.lib : sysctl.obj (.const:g_sXTALtoMEMTIM)
                  00008824    00000028     empty_pem4f.oem4f (.const:ti_sysbios_heaps_HeapMem_Module__FXNS__C)
                  0000884c    00000028     empty_pem4f.oem4f (.const:ti_uia_loggers_LoggerStopMode_Object__PARAMS__C)
                  00008874    00000028     empty_pem4f.oem4f (.const:xdc_runtime_Startup_sfxnTab__A)
                  0000889c    00000024     empty_pem4f.oem4f (.const:ti_sysbios_gates_GateHwi_Module__FXNS__C)
                  000088c0    00000024     empty_pem4f.oem4f (.const:ti_sysbios_gates_GateMutex_Module__FXNS__C)
                  000088e4    00000024     empty_pem4f.oem4f (.const:ti_sysbios_heaps_HeapMem_Object__PARAMS__C)
                  00008908    00000024     empty_pem4f.oem4f (.const:ti_sysbios_knl_Semaphore_Object__PARAMS__C)
                  0000892c    00000020     empty_pem4f.oem4f (.const:ti_sysbios_gates_GateHwi_Object__DESC__C)
                  0000894c    00000020     empty_pem4f.oem4f (.const:ti_sysbios_gates_GateMutex_Object__DESC__C)
                  0000896c    00000020     empty_pem4f.oem4f (.const:ti_sysbios_heaps_HeapMem_Object__DESC__C)
                  0000898c    00000020     empty_pem4f.oem4f (.const:ti_sysbios_knl_Queue_Object__DESC__C)
                  000089ac    00000020     empty_pem4f.oem4f (.const:ti_sysbios_knl_Semaphore_Object__DESC__C)
                  000089cc    00000020     empty_pem4f.oem4f (.const:ti_uia_loggers_LoggerStopMode_Object__DESC__C)
                  000089ec    00000018     empty_pem4f.oem4f (.const:ti_sysbios_gates_GateHwi_Object__PARAMS__C)
                  00008a04    00000018     empty_pem4f.oem4f (.const:ti_sysbios_gates_GateMutex_Object__PARAMS__C)
                  00008a1c    00000018     empty_pem4f.oem4f (.const:ti_sysbios_knl_Queue_Object__PARAMS__C)
                  00008a34    00000018     empty_pem4f.oem4f (.const:ti_sysbios_knl_Task_hooks__A)
                  00008a4c    00000014     empty_pem4f.oem4f (.const:xdc_runtime_Startup_firstFxns__A)
                  00008a60    00000014     empty_pem4f.oem4f (.const:xdc_runtime_Startup_sfxnRts__A)
                  00008a74    0000000c     empty_pem4f.oem4f (.const)
                  00008a80    00000008     Boot.aem4f : Boot_sysctl.oem4f (.const)
                  00008a88    00000008     driverlib.lib : sysctl.obj (.const)
                  00008a90    00000008     empty_pem4f.oem4f (.const:ti_sysbios_family_arm_m3_Hwi_excHookFuncs__A)
                  00008a98    00000008     empty_pem4f.oem4f (.const:ti_sysbios_knl_Idle_funcList__A)
                  00008aa0    00000008     empty_pem4f.oem4f (.const:ti_sysbios_knl_Idle_funcList__C)
                  00008aa8    00000008     empty_pem4f.oem4f (.const:ti_sysbios_knl_Task_hooks__C)
                  00008ab0    00000008     empty_pem4f.oem4f (.const:xdc_runtime_Startup_firstFxns__C)
                  00008ab8    00000008     empty_pem4f.oem4f (.const:xdc_runtime_Startup_lastFxns__C)
                  00008ac0    00000004     empty_pem4f.oem4f (.const:ti_catalog_arm_cortexm4_tiva_ce_Boot_A_mustNotUseEnhancedClockMode__C)
                  00008ac4    00000004     empty_pem4f.oem4f (.const:ti_catalog_arm_cortexm4_tiva_ce_Boot_Module__diagsEnabled__C)
                  00008ac8    00000004     empty_pem4f.oem4f (.const:ti_catalog_arm_cortexm4_tiva_ce_Boot_Module__diagsIncluded__C)
                  00008acc    00000004     empty_pem4f.oem4f (.const:ti_catalog_arm_cortexm4_tiva_ce_Boot_Module__diagsMask__C)
                  00008ad0    00000004     empty_pem4f.oem4f (.const:ti_sysbios_family_arm_lm4_Timer_enableFunc__C)
                  00008ad4    00000004     empty_pem4f.oem4f (.const:ti_sysbios_family_arm_lm4_Timer_numTimerDevices__C)
                  00008ad8    00000004     empty_pem4f.oem4f (.const:ti_sysbios_family_arm_lm4_Timer_startupNeeded__C)
                  00008adc    00000004     empty_pem4f.oem4f (.const:ti_sysbios_family_arm_m3_Hwi_E_NMI__C)
                  00008ae0    00000004     empty_pem4f.oem4f (.const:ti_sysbios_family_arm_m3_Hwi_E_busFault__C)
                  00008ae4    00000004     empty_pem4f.oem4f (.const:ti_sysbios_family_arm_m3_Hwi_E_debugMon__C)
                  00008ae8    00000004     empty_pem4f.oem4f (.const:ti_sysbios_family_arm_m3_Hwi_E_hardFault__C)
                  00008aec    00000004     empty_pem4f.oem4f (.const:ti_sysbios_family_arm_m3_Hwi_E_memFault__C)
                  00008af0    00000004     empty_pem4f.oem4f (.const:ti_sysbios_family_arm_m3_Hwi_E_noIsr__C)
                  00008af4    00000004     empty_pem4f.oem4f (.const:ti_sysbios_family_arm_m3_Hwi_E_reserved__C)
                  00008af8    00000004     empty_pem4f.oem4f (.const:ti_sysbios_family_arm_m3_Hwi_E_svCall__C)
                  00008afc    00000004     empty_pem4f.oem4f (.const:ti_sysbios_family_arm_m3_Hwi_E_usageFault__C)
                  00008b00    00000004     empty_pem4f.oem4f (.const:ti_sysbios_family_arm_m3_Hwi_NUM_INTERRUPTS__C)
                  00008b04    00000004     empty_pem4f.oem4f (.const:ti_sysbios_family_arm_m3_Hwi_Object__count__C)
                  00008b08    00000004     empty_pem4f.oem4f (.const:ti_sysbios_family_arm_m3_Hwi_ccr__C)
                  00008b0c    00000004     empty_pem4f.oem4f (.const:ti_sysbios_family_arm_m3_Hwi_excHandlerFunc__C)
                  00008b10    00000004     empty_pem4f.oem4f (.const:ti_sysbios_family_arm_m3_Hwi_excHookFuncs__C)
                  00008b14    00000004     empty_pem4f.oem4f (.const:ti_sysbios_family_arm_m3_Hwi_nullIsrFunc__C)
                  00008b18    00000004     empty_pem4f.oem4f (.const:ti_sysbios_family_arm_m3_Hwi_priGroup__C)
                  00008b1c    00000004     empty_pem4f.oem4f (.const:ti_sysbios_gates_GateMutex_A_badContext__C)
                  00008b20    00000004     empty_pem4f.oem4f (.const:ti_sysbios_gates_GateMutex_Instance_State_sem__O)
                  00008b24    00000004     empty_pem4f.oem4f (.const:ti_sysbios_gates_GateMutex_Module__diagsEnabled__C)
                  00008b28    00000004     empty_pem4f.oem4f (.const:ti_sysbios_gates_GateMutex_Module__diagsIncluded__C)
                  00008b2c    00000004     empty_pem4f.oem4f (.const:ti_sysbios_gates_GateMutex_Module__diagsMask__C)
                  00008b30    00000004     empty_pem4f.oem4f (.const:ti_sysbios_hal_Hwi_E_stackOverflow__C)
                  00008b34    00000004     empty_pem4f.oem4f (.const:ti_sysbios_heaps_HeapMem_A_align__C)
                  00008b38    00000004     empty_pem4f.oem4f (.const:ti_sysbios_heaps_HeapMem_A_heapSize__C)
                  00008b3c    00000004     empty_pem4f.oem4f (.const:ti_sysbios_heaps_HeapMem_A_invalidFree__C)
                  00008b40    00000004     empty_pem4f.oem4f (.const:ti_sysbios_heaps_HeapMem_A_zeroBlock__C)
                  00008b44    00000004     empty_pem4f.oem4f (.const:ti_sysbios_heaps_HeapMem_E_memory__C)
                  00008b48    00000004     empty_pem4f.oem4f (.const:ti_sysbios_heaps_HeapMem_Module__diagsEnabled__C)
                  00008b4c    00000004     empty_pem4f.oem4f (.const:ti_sysbios_heaps_HeapMem_Module__diagsIncluded__C)
                  00008b50    00000004     empty_pem4f.oem4f (.const:ti_sysbios_heaps_HeapMem_Module__diagsMask__C)
                  00008b54    00000004     empty_pem4f.oem4f (.const:ti_sysbios_heaps_HeapMem_Module__gateObj__C)
                  00008b58    00000004     empty_pem4f.oem4f (.const:ti_sysbios_heaps_HeapMem_Object__count__C)
                  00008b5c    00000004     empty_pem4f.oem4f (.const:ti_sysbios_heaps_HeapMem_reqAlign__C)
                  00008b60    00000004     empty_pem4f.oem4f (.const:ti_sysbios_knl_Clock_Module_State_clockQ__O)
                  00008b64    00000004     empty_pem4f.oem4f (.const:ti_sysbios_knl_Semaphore_A_badContext__C)
                  00008b68    00000004     empty_pem4f.oem4f (.const:ti_sysbios_knl_Semaphore_A_noEvents__C)
                  00008b6c    00000004     empty_pem4f.oem4f (.const:ti_sysbios_knl_Semaphore_A_overflow__C)
                  00008b70    00000004     empty_pem4f.oem4f (.const:ti_sysbios_knl_Semaphore_A_pendTaskDisabled__C)
                  00008b74    00000004     empty_pem4f.oem4f (.const:ti_sysbios_knl_Semaphore_Instance_State_pendQ__O)
                  00008b78    00000004     empty_pem4f.oem4f (.const:ti_sysbios_knl_Semaphore_Module__diagsEnabled__C)
                  00008b7c    00000004     empty_pem4f.oem4f (.const:ti_sysbios_knl_Semaphore_Module__diagsIncluded__C)
                  00008b80    00000004     empty_pem4f.oem4f (.const:ti_sysbios_knl_Semaphore_Module__diagsMask__C)
                  00008b84    00000004     empty_pem4f.oem4f (.const:ti_sysbios_knl_Swi_Object__count__C)
                  00008b88    00000004     empty_pem4f.oem4f (.const:ti_sysbios_knl_Task_E_spOutOfBounds__C)
                  00008b8c    00000004     empty_pem4f.oem4f (.const:ti_sysbios_knl_Task_E_stackOverflow__C)
                  00008b90    00000004     empty_pem4f.oem4f (.const:ti_sysbios_knl_Task_Module_State_inactiveQ__O)
                  00008b94    00000004     empty_pem4f.oem4f (.const:ti_sysbios_knl_Task_Object__count__C)
                  00008b98    00000004     empty_pem4f.oem4f (.const:ti_sysbios_knl_Task_Object__heap__C)
                  00008b9c    00000004     empty_pem4f.oem4f (.const:ti_sysbios_knl_Task_allBlockedFunc__C)
                  00008ba0    00000004     empty_pem4f.oem4f (.const:ti_sysbios_knl_Task_numConstructedTasks__C)
                  00008ba4    00000004     empty_pem4f.oem4f (.const:ti_sysbios_utils_Load_Module_State_taskList__O)
                  00008ba8    00000004     empty_pem4f.oem4f (.const:ti_sysbios_utils_Load_Module__diagsEnabled__C)
                  00008bac    00000004     empty_pem4f.oem4f (.const:ti_sysbios_utils_Load_Module__diagsIncluded__C)
                  00008bb0    00000004     empty_pem4f.oem4f (.const:ti_sysbios_utils_Load_Module__diagsMask__C)
                  00008bb4    00000004     empty_pem4f.oem4f (.const:ti_sysbios_utils_Load_postUpdate__C)
                  00008bb8    00000004     empty_pem4f.oem4f (.const:ti_sysbios_utils_Load_windowInMs__C)
                  00008bbc    00000004     empty_pem4f.oem4f (.const:ti_uia_loggers_LoggerStopMode_Module__diagsEnabled__C)
                  00008bc0    00000004     empty_pem4f.oem4f (.const:ti_uia_loggers_LoggerStopMode_Module__diagsIncluded__C)
                  00008bc4    00000004     empty_pem4f.oem4f (.const:ti_uia_loggers_LoggerStopMode_Module__diagsMask__C)
                  00008bc8    00000004     empty_pem4f.oem4f (.const:ti_uia_loggers_LoggerStopMode_Object__count__C)
                  00008bcc    00000004     empty_pem4f.oem4f (.const:ti_uia_runtime_ILoggerSnapshot_Interface__BASE__C)
                  00008bd0    00000004     empty_pem4f.oem4f (.const:ti_uia_runtime_IUIATransfer_Interface__BASE__C)
                  00008bd4    00000004     empty_pem4f.oem4f (.const:xdc_runtime_Assert_E_assertFailed__C)
                  00008bd8    00000004     empty_pem4f.oem4f (.const:xdc_runtime_Core_A_initializedParams__C)
                  00008bdc    00000004     empty_pem4f.oem4f (.const:xdc_runtime_Core_Module__diagsEnabled__C)
                  00008be0    00000004     empty_pem4f.oem4f (.const:xdc_runtime_Core_Module__diagsIncluded__C)
                  00008be4    00000004     empty_pem4f.oem4f (.const:xdc_runtime_Core_Module__diagsMask__C)
                  00008be8    00000004     empty_pem4f.oem4f (.const:xdc_runtime_Error_E_memory__C)
                  00008bec    00000004     empty_pem4f.oem4f (.const:xdc_runtime_Error_Module__diagsEnabled__C)
                  00008bf0    00000004     empty_pem4f.oem4f (.const:xdc_runtime_Error_Module__diagsIncluded__C)
                  00008bf4    00000004     empty_pem4f.oem4f (.const:xdc_runtime_Error_Module__diagsMask__C)
                  00008bf8    00000004     empty_pem4f.oem4f (.const:xdc_runtime_Error_Module__loggerFxn8__C)
                  00008bfc    00000004     empty_pem4f.oem4f (.const:xdc_runtime_Error_Module__loggerObj__C)
                  00008c00    00000004     empty_pem4f.oem4f (.const:xdc_runtime_Error_policyFxn__C)
                  00008c04    00000004     empty_pem4f.oem4f (.const:xdc_runtime_Error_raiseHook__C)
                  00008c08    00000004     empty_pem4f.oem4f (.const:xdc_runtime_IFilterLogger_Interface__BASE__C)
                  00008c0c    00000004     empty_pem4f.oem4f (.const:xdc_runtime_IGateProvider_Interface__BASE__C)
                  00008c10    00000004     empty_pem4f.oem4f (.const:xdc_runtime_IHeap_Interface__BASE__C)
                  00008c14    00000004     empty_pem4f.oem4f (.const:xdc_runtime_ILogger_Interface__BASE__C)
                  00008c18    00000004     empty_pem4f.oem4f (.const:xdc_runtime_IModule_Interface__BASE__C)
                  00008c1c    00000004     empty_pem4f.oem4f (.const:xdc_runtime_Log_L_error__C)
                  00008c20    00000004     empty_pem4f.oem4f (.const:xdc_runtime_Log_L_info__C)
                  00008c24    00000004     empty_pem4f.oem4f (.const:xdc_runtime_Main_Module__diagsEnabled__C)
                  00008c28    00000004     empty_pem4f.oem4f (.const:xdc_runtime_Main_Module__diagsIncluded__C)
                  00008c2c    00000004     empty_pem4f.oem4f (.const:xdc_runtime_Main_Module__diagsMask__C)
                  00008c30    00000004     empty_pem4f.oem4f (.const:xdc_runtime_Main_Module__loggerFxn4__C)
                  00008c34    00000004     empty_pem4f.oem4f (.const:xdc_runtime_Main_Module__loggerObj__C)
                  00008c38    00000004     empty_pem4f.oem4f (.const:xdc_runtime_Memory_defaultHeapInstance__C)
                  00008c3c    00000004     empty_pem4f.oem4f (.const:xdc_runtime_Startup_execImpl__C)
                  00008c40    00000004     empty_pem4f.oem4f (.const:xdc_runtime_Startup_lastFxns__A)
                  00008c44    00000004     empty_pem4f.oem4f (.const:xdc_runtime_Startup_maxPasses__C)
                  00008c48    00000004     empty_pem4f.oem4f (.const:xdc_runtime_Startup_sfxnRts__C)
                  00008c4c    00000004     empty_pem4f.oem4f (.const:xdc_runtime_Startup_sfxnTab__C)
                  00008c50    00000004     empty_pem4f.oem4f (.const:xdc_runtime_SysMin_bufSize__C)
                  00008c54    00000004     empty_pem4f.oem4f (.const:xdc_runtime_SysMin_outputFunc__C)
                  00008c58    00000004     empty_pem4f.oem4f (.const:xdc_runtime_System_Module__gateObj__C)
                  00008c5c    00000004     empty_pem4f.oem4f (.const:xdc_runtime_System_abortFxn__C)
                  00008c60    00000004     empty_pem4f.oem4f (.const:xdc_runtime_System_exitFxn__C)
                  00008c64    00000004     empty_pem4f.oem4f (.const:xdc_runtime_System_extendFxn__C)
                  00008c68    00000004     empty_pem4f.oem4f (.const:xdc_runtime_System_maxAtexitHandlers__C)
                  00008c6c    00000004     empty_pem4f.oem4f (.const:xdc_runtime_Text_charTab__C)
                  00008c70    00000004     empty_pem4f.oem4f (.const:xdc_runtime_Text_nameEmpty__C)
                  00008c74    00000004     empty_pem4f.oem4f (.const:xdc_runtime_Text_nameStatic__C)
                  00008c78    00000004     empty_pem4f.oem4f (.const:xdc_runtime_Text_nameUnknown__C)
                  00008c7c    00000004     empty_pem4f.oem4f (.const:xdc_runtime_Text_nodeTab__C)
                  00008c80    00000004     empty_pem4f.oem4f (.const:xdc_runtime_Text_visitRopeFxn__C)
                  00008c84    00000002     empty_pem4f.oem4f (.const:ti_catalog_arm_cortexm4_tiva_ce_Boot_Module__id__C)
                  00008c86    00000002     empty_pem4f.oem4f (.const:ti_sysbios_family_arm_lm4_TimestampProvider_useClockTimer__C)
                  00008c88    00000002     empty_pem4f.oem4f (.const:ti_sysbios_family_arm_m3_Hwi_Module__id__C)
                  00008c8a    00000002     empty_pem4f.oem4f (.const:ti_sysbios_gates_GateMutex_Module__id__C)
                  00008c8c    00000002     empty_pem4f.oem4f (.const:ti_sysbios_hal_Hwi_Module__id__C)
                  00008c8e    00000002     empty_pem4f.oem4f (.const:ti_sysbios_heaps_HeapMem_Module__id__C)
                  00008c90    00000002     empty_pem4f.oem4f (.const:ti_sysbios_knl_Semaphore_Module__id__C)
                  00008c92    00000002     empty_pem4f.oem4f (.const:ti_sysbios_knl_Task_Module__id__C)
                  00008c94    00000002     empty_pem4f.oem4f (.const:ti_sysbios_utils_Load_Module__id__C)
                  00008c96    00000002     empty_pem4f.oem4f (.const:ti_sysbios_utils_Load_autoAddTasks__C)
                  00008c98    00000002     empty_pem4f.oem4f (.const:ti_sysbios_utils_Load_updateInIdle__C)
                  00008c9a    00000002     empty_pem4f.oem4f (.const:ti_uia_loggers_LoggerStopMode_Module__id__C)
                  00008c9c    00000002     empty_pem4f.oem4f (.const:ti_uia_loggers_LoggerStopMode_isTimestampEnabled__C)
                  00008c9e    00000002     empty_pem4f.oem4f (.const:xdc_runtime_Core_Module__id__C)
                  00008ca0    00000002     empty_pem4f.oem4f (.const:xdc_runtime_Error_Module__loggerDefined__C)
                  00008ca2    00000002     empty_pem4f.oem4f (.const:xdc_runtime_Error_maxDepth__C)
                  00008ca4    00000002     empty_pem4f.oem4f (.const:xdc_runtime_Main_Module__id__C)
                  00008ca6    00000002     empty_pem4f.oem4f (.const:xdc_runtime_Main_Module__loggerDefined__C)
                  00008ca8    00000002     empty_pem4f.oem4f (.const:xdc_runtime_Memory_Module__id__C)
                  00008caa    00000002     empty_pem4f.oem4f (.const:xdc_runtime_SysMin_flushAtExit__C)
                  00008cac    00000002     empty_pem4f.oem4f (.const:xdc_runtime_Text_charCnt__C)
                  00008cae    00000002     empty_pem4f.oem4f (.const:xdc_runtime_Text_isLoaded__C)
                  00008cb0    00000002     empty_pem4f.oem4f (.const:xdc_runtime_Text_registryModsLastId__C)
                  00008cb2    00000002     empty_pem4f.oem4f (.const:xdc_runtime_Text_unnamedModsLastId__C)

.cinit     0    00008cb8    000004c8     
                  00008cb8    0000048f     (.cinit..data.load) [load image, compression = rle]
                  00009147    00000001     --HOLE-- [fill = 0]
                  00009148    0000000c     (__TI_handler_table)
                  00009154    00000004     --HOLE-- [fill = 0]
                  00009158    00000008     (.cinit..bss.load) [load image, compression = zero_init]
                  00009160    00000008     (.cinit..vecs.load) [load image, compression = zero_init]
                  00009168    00000018     (__TI_cinit_table)

.init_array 
*          0    00000000    00000000     UNINITIALIZED

.resetVecs 
*          0    00000000    0000003c     
                  00000000    0000003c     empty_pem4f.oem4f (.resetVecs)

.vecs      0    20000000    00000360     UNINITIALIZED
                  20000000    00000360     empty_pem4f.oem4f (.vecs)

.bss       0    20000380    000024b0     UNINITIALIZED
                  20000380    00001000     empty_pem4f.oem4f (.bss:taskStackSection)
                  20001380    00000400     empty_pem4f.oem4f (.bss:ti_sysbios_heaps_HeapMem_Instance_State_0_buf__A)
                  20001780    00000400     empty_pem4f.oem4f (.bss:ti_uia_loggers_LoggerStopMode_Instance_State_1_packetArray__A)
                  20001b80    00000400     empty_pem4f.oem4f (.bss:ti_uia_loggers_LoggerStopMode_Instance_State_2_packetArray__A)
                  20001f80    00000360     empty_pem4f.oem4f (.bss:ti_sysbios_family_arm_m3_Hwi_dispatchTable)
                  200022e0    00000008     (.common:parmbuf)
                  200022e8    00000004     (.common:ti_sysbios_knl_Task_Instance_State_0_hookEnv__A)
                  200022ec    00000004     (.common:ti_sysbios_knl_Task_Instance_State_1_hookEnv__A)
                  200022f0    00000010     --HOLE--
                  20002300    00000200     empty_pem4f.oem4f (.bss:ti_uia_loggers_LoggerStopMode_Instance_State_0_packetArray__A)
                  20002500    00000120     rtsv7M4_T_le_v4SPD16_eabi.lib : trgmsg.obj (.bss:__CIOBUF_)
                  20002620    00000080     empty_pem4f.oem4f (.bss:xdc_runtime_SysMin_Module_State_0_outbuf__A)
                  200026a0    00000060     --HOLE--
                  20002700    00000030     empty_pem4f.oem4f (.bss:ti_uia_loggers_LoggerStopMode_Instance_State_0_hdr__A)
                  20002730    00000050     --HOLE--
                  20002780    00000030     empty_pem4f.oem4f (.bss:ti_uia_loggers_LoggerStopMode_Instance_State_1_hdr__A)
                  200027b0    00000050     --HOLE--
                  20002800    00000030     empty_pem4f.oem4f (.bss:ti_uia_loggers_LoggerStopMode_Instance_State_2_hdr__A)

.data      0    20002830    000006e7     UNINITIALIZED
                  20002830    00000184     empty_pem4f.oem4f (.data)
                  200029b4    000000a0     empty_pem4f.oem4f (.data:ti_sysbios_knl_Task_Object__table__V)
                  20002a54    0000009c     empty_pem4f.oem4f (.data:ti_uia_loggers_LoggerStopMode_Object__table__V)
                  20002af0    00000098     empty_pem4f.oem4f (.data:ti_sysbios_utils_Load_Module__state__V)
                  20002b88    00000080     empty_pem4f.oem4f (.data:ti_sysbios_family_arm_lm4_Timer_Object__table__V)
                  20002c08    00000080     empty_pem4f.oem4f (.data:ti_sysbios_knl_Swi_Module_State_0_readyQ__A)
                  20002c88    00000080     empty_pem4f.oem4f (.data:ti_sysbios_knl_Task_Module_State_0_readyQ__A)
                  20002d08    00000048     empty_pem4f.oem4f (.data:ti_sysbios_family_arm_m3_Hwi_Object__table__V)
                  20002d50    00000044     empty_pem4f.oem4f (.data:ti_sysbios_knl_Task_Module__state__V)
                  20002d94    00000040     empty_pem4f.oem4f (.data:ti_sysbios_family_arm_lm4_Timer_Module_State_0_device__A)
                  20002dd4    00000038     empty_pem4f.oem4f (.data:ti_sysbios_gates_GateMutex_Object__table__V)
                  20002e0c    00000038     empty_pem4f.oem4f (.data:ti_sysbios_utils_Load_Module_State_0_taskEnv__A)
                  20002e44    00000034     empty_pem4f.oem4f (.data:ti_sysbios_family_arm_m3_Hwi_Module__state__V)
                  20002e78    00000030     empty_pem4f.oem4f (.data:ti_sysbios_knl_Swi_Object__table__V)
                  20002ea8    0000002c     empty_pem4f.oem4f (.data:ti_sysbios_knl_Clock_Module__state__V)
                  20002ed4    00000024     empty_pem4f.oem4f (.data:ti_sysbios_BIOS_Module__state__V)
                  20002ef8    00000008     rtsv7M4_T_le_v4SPD16_eabi.lib : _lock.obj (.data)
                  20002f00    00000008                                   : exit.obj (.data)
                  20002f08    00000008     ti.uia.runtime.aem4f : QueueDescriptor.oem4f (.data)
                  20002f10    00000004     rtsv7M4_T_le_v4SPD16_eabi.lib : stkdepth_vars.obj (.data)
                  20002f14    00000003     main.obj (.data)

.stack     0    20002f18    00000300     UNINITIALIZED
                  20002f18    00000300     --HOLE--

.bootVecs 
*          0    00000000    00000008     DSECT
                  00000000    00000008     boot.aem4f : boot.oem4f (.bootVecs)

xdc.meta   0    00000000    000000dd     COPY SECTION
                  00000000    000000dd     empty_pem4f.oem4f (xdc.meta)

.TI.noinit 
*          0    20000380    00000000     UNINITIALIZED

.TI.persistent 
*          0    20002830    00000000     UNINITIALIZED


LINKER GENERATED COPY TABLES

__TI_cinit_table @ 00009168 records: 3, size/record: 8, table size: 24
	.data: load addr=00008cb8, load size=0000048f bytes, run addr=20002830, run size=000006e7 bytes, compression=rle
	.bss: load addr=00009158, load size=00000008 bytes, run addr=20000380, run size=000024b0 bytes, compression=zero_init
	.vecs: load addr=00009160, load size=00000008 bytes, run addr=20000000, run size=00000360 bytes, compression=zero_init


LINKER GENERATED HANDLER TABLE

__TI_handler_table @ 00009148 records: 3, size/record: 4, table size: 12
	index: 0, handler: __TI_decompress_rle24
	index: 1, handler: __TI_decompress_none
	index: 2, handler: __TI_zero_init


GLOBAL SYMBOLS: SORTED ALPHABETICALLY BY Name 

address   name                                                                 
-------   ----                                                                 
00004fd9  C$$EXIT                                                              
0000449f  C$$IO$$                                                              
000058b1  GPIODirModeSet                                                       
0000201d  GPIOPadConfigSet                                                     
00005e8b  GPIOPinTypeGPIOOutput                                                
000055e3  GPIOPinWrite                                                         
00000a49  HOSTclock                                                            
00000a11  HOSTclose                                                            
000009d3  HOSTgetenv                                                           
00000977  HOSTlseek                                                            
00000925  HOSTopen                                                             
000008d9  HOSTread                                                             
0000087b  HOSTrename                                                           
00000841  HOSTtime                                                             
00000809  HOSTunlink                                                           
000007bd  HOSTwrite                                                            
00008a74  LEDSem                                                               
UNDEFED   SHT$$INIT_ARRAY$$Base                                                
UNDEFED   SHT$$INIT_ARRAY$$Limit                                               
000011f9  SysCtlClockFreqSet                                                   
00002265  SysCtlClockGet                                                       
0000607b  SysCtlDelay                                                          
00005471  SysCtlPeripheralEnable                                               
000046dd  TimerConfigure                                                       
000061b9  TimerEnable                                                          
00000fad  TimerIntClear                                                        
000062b9  TimerIntEnable                                                       
00006069  TimerLoadSet                                                         
00005c65  Timer_ISR                                                            
00000000  __ASM__                                                              
20002500  __CIOBUF_                                                            
0000005b  __ISA__                                                              
0000006e  __PLAT__                                                             
20003218  __STACK_END                                                          
00000300  __STACK_SIZE                                                         
0000008f  __TARG__                                                             
00009168  __TI_CINIT_Base                                                      
00009180  __TI_CINIT_Limit                                                     
00009148  __TI_Handler_Table_Base                                              
00009154  __TI_Handler_Table_Limit                                             
000036c5  __TI_auto_init                                                       
20002f00  __TI_cleanup_ptr                                                     
000061c7  __TI_decompress_none                                                 
000062df  __TI_decompress_rle24                                                
20002f04  __TI_dtors_ptr                                                       
000044a3  __TI_readmsg                                                         
00008cb8  __TI_static_base__                                                   
00004471  __TI_writemsg                                                        
000061f7  __TI_zero_init                                                       
000000b5  __TRDR__                                                             
00003a77  __aeabi_idiv0                                                        
00004015  __aeabi_memclr                                                       
00004015  __aeabi_memclr4                                                      
00004015  __aeabi_memclr8                                                      
00003805  __aeabi_memcpy                                                       
00003805  __aeabi_memcpy4                                                      
00003805  __aeabi_memcpy8                                                      
00004017  __aeabi_memset                                                       
00004017  __aeabi_memset4                                                      
00004017  __aeabi_memset8                                                      
0000524d  __aeabi_uidiv                                                        
0000524d  __aeabi_uidivmod                                                     
ffffffff  __binit__                                                            
ffffffff  __c_args__                                                           
20002f18  __stack                                                              
000062d9  __xdc__init                                                          
200029b0  __xdc__init__addr                                                    
00005ea5  _args_main                                                           
00004919  _c_int00                                                             
20002ef8  _lock                                                                
00005fd3  _nop                                                                 
00005fcb  _register_lock                                                       
00005fc5  _register_unlock                                                     
20002efc  _unlock                                                              
00004fdd  abort                                                                
ffffffff  binit                                                                
00004c59  copy_in                                                              
00004fe5  exit                                                                 
00004175  hardware_init                                                        
00008a78  hwi0                                                                 
20002f14  i16ToggleCount                                                       
00002971  ledToggle                                                            
00008a7c  ledToggleTask                                                        
00006203  main                                                                 
20002f10  main_func_sp                                                         
00003805  memcpy                                                               
0000401d  memset                                                               
00005fd9  strcpy                                                               
00005fed  strlen                                                               
00008ac0  ti_catalog_arm_cortexm4_tiva_ce_Boot_A_mustNotUseEnhancedClockMode__C
00008ac4  ti_catalog_arm_cortexm4_tiva_ce_Boot_Module__diagsEnabled__C         
00008ac8  ti_catalog_arm_cortexm4_tiva_ce_Boot_Module__diagsIncluded__C        
00008acc  ti_catalog_arm_cortexm4_tiva_ce_Boot_Module__diagsMask__C            
00008c84  ti_catalog_arm_cortexm4_tiva_ce_Boot_Module__id__C                   
000060a5  ti_catalog_arm_cortexm4_tiva_ce_Boot_init__I                         
000013fd  ti_catalog_arm_cortexm4_tiva_ce_Boot_sysCtlClockFreqSetI__I          
00003a79  ti_catalog_arm_cortexm4_tiva_ce_Boot_sysCtlClockFreqSet__E           
20002ed4  ti_sysbios_BIOS_Module__state__V                                     
00005dd5  ti_sysbios_BIOS_RtsGateProxy_Handle__label__S                        
000059ed  ti_sysbios_BIOS_RtsGateProxy_Object__delete__S                       
000017fd  ti_sysbios_BIOS_RtsGateProxy_enter__E                                
0000197d  ti_sysbios_BIOS_RtsGateProxy_leave__E                                
00006339  ti_sysbios_BIOS_RtsGateProxy_query__E                                
0000561d  ti_sysbios_BIOS_atExitFunc__I                                        
00005c29  ti_sysbios_BIOS_errorRaiseHook__I                                    
00005f81  ti_sysbios_BIOS_exitFunc__I                                          
000060b9  ti_sysbios_BIOS_getCpuFreq__E                                        
0000408f  ti_sysbios_BIOS_nullFunc__I                                          
000059a5  ti_sysbios_BIOS_registerRTSLock__I                                   
000059c9  ti_sysbios_BIOS_removeRTSLock__I                                     
00005ae5  ti_sysbios_BIOS_rtsLock__I                                           
00005ebd  ti_sysbios_BIOS_rtsUnlock__I                                         
000060c9  ti_sysbios_BIOS_setThreadType__E                                     
00005905  ti_sysbios_BIOS_startFunc__I                                         
000060d9  ti_sysbios_BIOS_start__E                                             
20002d94  ti_sysbios_family_arm_lm4_Timer_Module_State_0_device__A             
20002858  ti_sysbios_family_arm_lm4_Timer_Module_State_0_handles__A            
20002850  ti_sysbios_family_arm_lm4_Timer_Module__root__V                      
00005ed5  ti_sysbios_family_arm_lm4_Timer_Module__startupDone__F               
00005ed5  ti_sysbios_family_arm_lm4_Timer_Module__startupDone__S               
20002878  ti_sysbios_family_arm_lm4_Timer_Module__state__V                     
00004611  ti_sysbios_family_arm_lm4_Timer_Module_startup__E                    
20002b88  ti_sysbios_family_arm_lm4_Timer_Object__table__V                     
00008ad0  ti_sysbios_family_arm_lm4_Timer_enableFunc__C                        
00004e29  ti_sysbios_family_arm_lm4_Timer_enableTimers__I                      
00003619  ti_sysbios_family_arm_lm4_Timer_enableTiva__I                        
00006211  ti_sysbios_family_arm_lm4_Timer_getMaxTicks__E                       
00006329  ti_sysbios_family_arm_lm4_Timer_getPeriod__E                         
000049c9  ti_sysbios_family_arm_lm4_Timer_initDevice__I                        
00005021  ti_sysbios_family_arm_lm4_Timer_isrStub__E                           
000062c1  ti_sysbios_family_arm_lm4_Timer_masterDisable__I                     
00001af5  ti_sysbios_family_arm_lm4_Timer_masterEnable__I                      
00008ad4  ti_sysbios_family_arm_lm4_Timer_numTimerDevices__C                   
00002481  ti_sysbios_family_arm_lm4_Timer_start__E                             
00008ad8  ti_sysbios_family_arm_lm4_Timer_startupNeeded__C                     
00005291  ti_sysbios_family_arm_lm4_Timer_startup__E                           
00005651  ti_sysbios_family_arm_lm4_Timer_stop__E                              
00005a81  ti_sysbios_family_arm_lm4_Timer_write__I                             
20002884  ti_sysbios_family_arm_lm4_TimestampProvider_Module__state__V         
000062e9  ti_sysbios_family_arm_lm4_TimestampProvider_Module_startup__E        
00002ff9  ti_sysbios_family_arm_lm4_TimestampProvider_get32__E                 
00001801  ti_sysbios_family_arm_lm4_TimestampProvider_get64__E                 
000060b9  ti_sysbios_family_arm_lm4_TimestampProvider_getFreq__E               
000060e9  ti_sysbios_family_arm_lm4_TimestampProvider_rolloverFunc__E          
00006221  ti_sysbios_family_arm_lm4_TimestampProvider_startTimer__E            
00008c86  ti_sysbios_family_arm_lm4_TimestampProvider_useClockTimer__C         
00008adc  ti_sysbios_family_arm_m3_Hwi_E_NMI__C                                
00008ae0  ti_sysbios_family_arm_m3_Hwi_E_busFault__C                           
00008ae4  ti_sysbios_family_arm_m3_Hwi_E_debugMon__C                           
00008ae8  ti_sysbios_family_arm_m3_Hwi_E_hardFault__C                          
00008aec  ti_sysbios_family_arm_m3_Hwi_E_memFault__C                           
00008af0  ti_sysbios_family_arm_m3_Hwi_E_noIsr__C                              
00008af4  ti_sysbios_family_arm_m3_Hwi_E_reserved__C                           
00008af8  ti_sysbios_family_arm_m3_Hwi_E_svCall__C                             
00008afc  ti_sysbios_family_arm_m3_Hwi_E_usageFault__C                         
00005da1  ti_sysbios_family_arm_m3_Hwi_Handle__label__S                        
20002894  ti_sysbios_family_arm_m3_Hwi_Module_State_0_excActive__A             
20002898  ti_sysbios_family_arm_m3_Hwi_Module_State_0_excContext__A            
2000289c  ti_sysbios_family_arm_m3_Hwi_Module_State_0_excStack__A              
00008c88  ti_sysbios_family_arm_m3_Hwi_Module__id__C                           
2000288c  ti_sysbios_family_arm_m3_Hwi_Module__root__V                         
00005eed  ti_sysbios_family_arm_m3_Hwi_Module__startupDone__F                  
00005eed  ti_sysbios_family_arm_m3_Hwi_Module__startupDone__S                  
20002e44  ti_sysbios_family_arm_m3_Hwi_Module__state__V                        
00004b19  ti_sysbios_family_arm_m3_Hwi_Module_startup__E                       
00008b00  ti_sysbios_family_arm_m3_Hwi_NUM_INTERRUPTS__C                       
00008b04  ti_sysbios_family_arm_m3_Hwi_Object__count__C                        
00006001  ti_sysbios_family_arm_m3_Hwi_Object__get__S                          
20002d08  ti_sysbios_family_arm_m3_Hwi_Object__table__V                        
00008b08  ti_sysbios_family_arm_m3_Hwi_ccr__C                                  
00006231  ti_sysbios_family_arm_m3_Hwi_disableFxn__E                           
00004e71  ti_sysbios_family_arm_m3_Hwi_disableInterrupt__E                     
00004679  ti_sysbios_family_arm_m3_Hwi_dispatchC__I                            
20001f80  ti_sysbios_family_arm_m3_Hwi_dispatchTable                           
00002a65  ti_sysbios_family_arm_m3_Hwi_dispatch__I                             
000062c9  ti_sysbios_family_arm_m3_Hwi_doSwiRestore__I                         
000062f1  ti_sysbios_family_arm_m3_Hwi_doTaskRestore__I                        
00004eb9  ti_sysbios_family_arm_m3_Hwi_enableInterrupt__E                      
00001981  ti_sysbios_family_arm_m3_Hwi_excBusFault__I                          
00003279  ti_sysbios_family_arm_m3_Hwi_excDebugMon__I                          
00000041  ti_sysbios_family_arm_m3_Hwi_excDumpRegs__I                          
00005b05  ti_sysbios_family_arm_m3_Hwi_excHandlerAsm__I                        
00008b0c  ti_sysbios_family_arm_m3_Hwi_excHandlerFunc__C                       
00001601  ti_sysbios_family_arm_m3_Hwi_excHandlerMax__I                        
[...]
000089ac  ti_sysbios_knl_Semaphore_Object__DESC__C                             
000089cc  ti_uia_loggers_LoggerStopMode_Object__DESC__C                        
000089ec  ti_sysbios_gates_GateHwi_Object__PARAMS__C                           
00008a04  ti_sysbios_gates_GateMutex_Object__PARAMS__C                         
00008a1c  ti_sysbios_knl_Queue_Object__PARAMS__C                               
00008a34  ti_sysbios_knl_Task_hooks__A                                         
00008a4c  xdc_runtime_Startup_firstFxns__A                                     
00008a60  xdc_runtime_Startup_sfxnRts__A                                       
00008a74  LEDSem                                                               
00008a78  hwi0                                                                 
00008a7c  ledToggleTask                                                        
00008a90  ti_sysbios_family_arm_m3_Hwi_excHookFuncs__A                         
00008a98  ti_sysbios_knl_Idle_funcList__A                                      
00008aa0  ti_sysbios_knl_Idle_funcList__C                                      
00008aa8  ti_sysbios_knl_Task_hooks__C                                         
00008ab0  xdc_runtime_Startup_firstFxns__C                                     
00008ab8  xdc_runtime_Startup_lastFxns__C                                      
00008ac0  ti_catalog_arm_cortexm4_tiva_ce_Boot_A_mustNotUseEnhancedClockMode__C
00008ac4  ti_catalog_arm_cortexm4_tiva_ce_Boot_Module__diagsEnabled__C         
00008ac8  ti_catalog_arm_cortexm4_tiva_ce_Boot_Module__diagsIncluded__C        
00008acc  ti_catalog_arm_cortexm4_tiva_ce_Boot_Module__diagsMask__C            
00008ad0  ti_sysbios_family_arm_lm4_Timer_enableFunc__C                        
00008ad4  ti_sysbios_family_arm_lm4_Timer_numTimerDevices__C                   
00008ad8  ti_sysbios_family_arm_lm4_Timer_startupNeeded__C                     
00008adc  ti_sysbios_family_arm_m3_Hwi_E_NMI__C                                
00008ae0  ti_sysbios_family_arm_m3_Hwi_E_busFault__C                           
00008ae4  ti_sysbios_family_arm_m3_Hwi_E_debugMon__C                           
00008ae8  ti_sysbios_family_arm_m3_Hwi_E_hardFault__C                          
00008aec  ti_sysbios_family_arm_m3_Hwi_E_memFault__C                           
00008af0  ti_sysbios_family_arm_m3_Hwi_E_noIsr__C                              
00008af4  ti_sysbios_family_arm_m3_Hwi_E_reserved__C                           
00008af8  ti_sysbios_family_arm_m3_Hwi_E_svCall__C                             
00008afc  ti_sysbios_family_arm_m3_Hwi_E_usageFault__C                         
00008b00  ti_sysbios_family_arm_m3_Hwi_NUM_INTERRUPTS__C                       
00008b04  ti_sysbios_family_arm_m3_Hwi_Object__count__C                        
00008b08  ti_sysbios_family_arm_m3_Hwi_ccr__C                                  
00008b0c  ti_sysbios_family_arm_m3_Hwi_excHandlerFunc__C                       
00008b10  ti_sysbios_family_arm_m3_Hwi_excHookFuncs__C                         
00008b14  ti_sysbios_family_arm_m3_Hwi_nullIsrFunc__C                          
00008b18  ti_sysbios_family_arm_m3_Hwi_priGroup__C                             
00008b1c  ti_sysbios_gates_GateMutex_A_badContext__C                           
00008b20  ti_sysbios_gates_GateMutex_Instance_State_sem__O                     
00008b24  ti_sysbios_gates_GateMutex_Module__diagsEnabled__C                   
00008b28  ti_sysbios_gates_GateMutex_Module__diagsIncluded__C                  
00008b2c  ti_sysbios_gates_GateMutex_Module__diagsMask__C                      
00008b30  ti_sysbios_hal_Hwi_E_stackOverflow__C                                
00008b34  ti_sysbios_heaps_HeapMem_A_align__C                                  
00008b38  ti_sysbios_heaps_HeapMem_A_heapSize__C                               
00008b3c  ti_sysbios_heaps_HeapMem_A_invalidFree__C                            
00008b40  ti_sysbios_heaps_HeapMem_A_zeroBlock__C                              
00008b44  ti_sysbios_heaps_HeapMem_E_memory__C                                 
00008b48  ti_sysbios_heaps_HeapMem_Module__diagsEnabled__C                     
00008b4c  ti_sysbios_heaps_HeapMem_Module__diagsIncluded__C                    
00008b50  ti_sysbios_heaps_HeapMem_Module__diagsMask__C                        
00008b54  ti_sysbios_heaps_HeapMem_Module__gateObj__C                          
00008b58  ti_sysbios_heaps_HeapMem_Object__count__C                            
00008b5c  ti_sysbios_heaps_HeapMem_reqAlign__C                                 
00008b60  ti_sysbios_knl_Clock_Module_State_clockQ__O                          
00008b64  ti_sysbios_knl_Semaphore_A_badContext__C                             
00008b68  ti_sysbios_knl_Semaphore_A_noEvents__C                               
00008b6c  ti_sysbios_knl_Semaphore_A_overflow__C                               
00008b70  ti_sysbios_knl_Semaphore_A_pendTaskDisabled__C                       
00008b74  ti_sysbios_knl_Semaphore_Instance_State_pendQ__O                     
00008b78  ti_sysbios_knl_Semaphore_Module__diagsEnabled__C                     
00008b7c  ti_sysbios_knl_Semaphore_Module__diagsIncluded__C                    
00008b80  ti_sysbios_knl_Semaphore_Module__diagsMask__C                        
00008b84  ti_sysbios_knl_Swi_Object__count__C                                  
00008b88  ti_sysbios_knl_Task_E_spOutOfBounds__C                               
00008b8c  ti_sysbios_knl_Task_E_stackOverflow__C                               
00008b90  ti_sysbios_knl_Task_Module_State_inactiveQ__O                        
00008b94  ti_sysbios_knl_Task_Object__count__C                                 
00008b98  ti_sysbios_knl_Task_Object__heap__C                                  
00008b9c  ti_sysbios_knl_Task_allBlockedFunc__C                                
00008ba0  ti_sysbios_knl_Task_numConstructedTasks__C                           
00008ba4  ti_sysbios_utils_Load_Module_State_taskList__O                       
00008ba8  ti_sysbios_utils_Load_Module__diagsEnabled__C                        
00008bac  ti_sysbios_utils_Load_Module__diagsIncluded__C                       
00008bb0  ti_sysbios_utils_Load_Module__diagsMask__C                           
00008bb4  ti_sysbios_utils_Load_postUpdate__C                                  
00008bb8  ti_sysbios_utils_Load_windowInMs__C                                  
00008bbc  ti_uia_loggers_LoggerStopMode_Module__diagsEnabled__C                
00008bc0  ti_uia_loggers_LoggerStopMode_Module__diagsIncluded__C               
00008bc4  ti_uia_loggers_LoggerStopMode_Module__diagsMask__C                   
00008bc8  ti_uia_loggers_LoggerStopMode_Object__count__C                       
00008bcc  ti_uia_runtime_ILoggerSnapshot_Interface__BASE__C                    
00008bd0  ti_uia_runtime_IUIATransfer_Interface__BASE__C                       
00008bd4  xdc_runtime_Assert_E_assertFailed__C                                 
00008bd8  xdc_runtime_Core_A_initializedParams__C                              
00008bdc  xdc_runtime_Core_Module__diagsEnabled__C                             
00008be0  xdc_runtime_Core_Module__diagsIncluded__C                            
00008be4  xdc_runtime_Core_Module__diagsMask__C                                
00008be8  xdc_runtime_Error_E_memory__C                                        
00008bec  xdc_runtime_Error_Module__diagsEnabled__C                            
00008bf0  xdc_runtime_Error_Module__diagsIncluded__C                           
00008bf4  xdc_runtime_Error_Module__diagsMask__C                               
00008bf8  xdc_runtime_Error_Module__loggerFxn8__C                              
00008bfc  xdc_runtime_Error_Module__loggerObj__C                               
00008c00  xdc_runtime_Error_policyFxn__C                                       
00008c04  xdc_runtime_Error_raiseHook__C                                       
00008c08  xdc_runtime_IFilterLogger_Interface__BASE__C                         
00008c0c  xdc_runtime_IGateProvider_Interface__BASE__C                         
00008c10  xdc_runtime_IHeap_Interface__BASE__C                                 
00008c14  xdc_runtime_ILogger_Interface__BASE__C                               
00008c18  xdc_runtime_IModule_Interface__BASE__C                               
00008c1c  xdc_runtime_Log_L_error__C                                           
00008c20  xdc_runtime_Log_L_info__C                                            
00008c24  xdc_runtime_Main_Module__diagsEnabled__C                             
00008c28  xdc_runtime_Main_Module__diagsIncluded__C                            
00008c2c  xdc_runtime_Main_Module__diagsMask__C                                
00008c30  xdc_runtime_Main_Module__loggerFxn4__C                               
00008c34  xdc_runtime_Main_Module__loggerObj__C                                
00008c38  xdc_runtime_Memory_defaultHeapInstance__C                            
00008c3c  xdc_runtime_Startup_execImpl__C                                      
00008c40  xdc_runtime_Startup_lastFxns__A                                      
00008c44  xdc_runtime_Startup_maxPasses__C                                     
00008c48  xdc_runtime_Startup_sfxnRts__C                                       
00008c4c  xdc_runtime_Startup_sfxnTab__C                                       
00008c50  xdc_runtime_SysMin_bufSize__C                                        
00008c54  xdc_runtime_SysMin_outputFunc__C                                     
00008c58  xdc_runtime_System_Module__gateObj__C                                
00008c5c  xdc_runtime_System_abortFxn__C                                       
00008c60  xdc_runtime_System_exitFxn__C                                        
00008c64  xdc_runtime_System_extendFxn__C                                      
00008c68  xdc_runtime_System_maxAtexitHandlers__C                              
00008c6c  xdc_runtime_Text_charTab__C                                          
00008c70  xdc_runtime_Text_nameEmpty__C                                        
00008c74  xdc_runtime_Text_nameStatic__C                                       
00008c78  xdc_runtime_Text_nameUnknown__C                                      
00008c7c  xdc_runtime_Text_nodeTab__C                                          
00008c80  xdc_runtime_Text_visitRopeFxn__C                                     
00008c84  ti_catalog_arm_cortexm4_tiva_ce_Boot_Module__id__C                   
00008c86  ti_sysbios_family_arm_lm4_TimestampProvider_useClockTimer__C         
00008c88  ti_sysbios_family_arm_m3_Hwi_Module__id__C                           
00008c8a  ti_sysbios_gates_GateMutex_Module__id__C                             
00008c8c  ti_sysbios_hal_Hwi_Module__id__C                                     
00008c8e  ti_sysbios_heaps_HeapMem_Module__id__C                               
00008c90  ti_sysbios_knl_Semaphore_Module__id__C                               
00008c92  ti_sysbios_knl_Task_Module__id__C                                    
00008c94  ti_sysbios_utils_Load_Module__id__C                                  
00008c96  ti_sysbios_utils_Load_autoAddTasks__C                                
00008c98  ti_sysbios_utils_Load_updateInIdle__C                                
00008c9a  ti_uia_loggers_LoggerStopMode_Module__id__C                          
00008c9c  ti_uia_loggers_LoggerStopMode_isTimestampEnabled__C                  
00008c9e  xdc_runtime_Core_Module__id__C                                       
00008ca0  xdc_runtime_Error_Module__loggerDefined__C                           
00008ca2  xdc_runtime_Error_maxDepth__C                                        
00008ca4  xdc_runtime_Main_Module__id__C                                       
00008ca6  xdc_runtime_Main_Module__loggerDefined__C                            
00008ca8  xdc_runtime_Memory_Module__id__C                                     
00008caa  xdc_runtime_SysMin_flushAtExit__C                                    
00008cac  xdc_runtime_Text_charCnt__C                                          
00008cae  xdc_runtime_Text_isLoaded__C                                         
00008cb0  xdc_runtime_Text_registryModsLastId__C                               
00008cb2  xdc_runtime_Text_unnamedModsLastId__C                                
00008cb8  __TI_static_base__                                                   
00009148  __TI_Handler_Table_Base                                              
00009154  __TI_Handler_Table_Limit                                             
00009168  __TI_CINIT_Base                                                      
00009180  __TI_CINIT_Limit                                                     
20000000  ti_sysbios_family_arm_m3_Hwi_ramVectors                              
20000380  ti_sysbios_knl_Task_Instance_State_0_stack__A                        
20000b80  ti_sysbios_knl_Task_Instance_State_1_stack__A                        
20001380  ti_sysbios_heaps_HeapMem_Instance_State_0_buf__A                     
20001780  ti_uia_loggers_LoggerStopMode_Instance_State_1_packetArray__A        
20001b80  ti_uia_loggers_LoggerStopMode_Instance_State_2_packetArray__A        
20001f80  ti_sysbios_family_arm_m3_Hwi_dispatchTable                           
200022e8  ti_sysbios_knl_Task_Instance_State_0_hookEnv__A                      
200022ec  ti_sysbios_knl_Task_Instance_State_1_hookEnv__A                      
20002300  ti_uia_loggers_LoggerStopMode_Instance_State_0_packetArray__A        
20002500  __CIOBUF_                                                            
20002620  xdc_runtime_SysMin_Module_State_0_outbuf__A                          
20002700  ti_uia_loggers_LoggerStopMode_Instance_State_0_hdr__A                
20002780  ti_uia_loggers_LoggerStopMode_Instance_State_1_hdr__A                
20002800  ti_uia_loggers_LoggerStopMode_Instance_State_2_hdr__A                
20002830  xdc_runtime_Diags_dictElems                                          
20002850  ti_sysbios_family_arm_lm4_Timer_Module__root__V                      
20002858  ti_sysbios_family_arm_lm4_Timer_Module_State_0_handles__A            
20002878  ti_sysbios_family_arm_lm4_Timer_Module__state__V                     
20002884  ti_sysbios_family_arm_lm4_TimestampProvider_Module__state__V         
2000288c  ti_sysbios_family_arm_m3_Hwi_Module__root__V                         
20002894  ti_sysbios_family_arm_m3_Hwi_Module_State_0_excActive__A             
20002898  ti_sysbios_family_arm_m3_Hwi_Module_State_0_excContext__A            
2000289c  ti_sysbios_family_arm_m3_Hwi_Module_State_0_excStack__A              
200028a0  ti_sysbios_gates_GateHwi_Module__root__V                             
200028a8  ti_sysbios_gates_GateHwi_Object__table__V                            
200028ac  ti_sysbios_gates_GateMutex_Module__root__V                           
200028b4  ti_sysbios_hal_Hwi_Module__root__V                                   
200028bc  ti_sysbios_hal_Hwi_Object__table__V                                  
200028c4  ti_sysbios_heaps_HeapMem_Module__root__V                             
200028cc  ti_sysbios_heaps_HeapMem_Object__table__V                            
200028e4  ti_sysbios_knl_Clock_Module__root__V                                 
200028ec  ti_sysbios_knl_Event_Module__root__V                                 
200028f8  ti_sysbios_knl_Queue_Module__root__V                                 
20002900  ti_sysbios_knl_Semaphore_Module__root__V                             
20002908  ti_sysbios_knl_Semaphore_Object__table__V                            
2000291c  ti_sysbios_knl_Swi_Module__root__V                                   
20002924  ti_sysbios_knl_Swi_Module__state__V                                  
20002940  ti_sysbios_knl_Task_Module__root__V                                  
2000294c  ti_sysbios_knl_Task_Module_State_0_idleTask__A                       
20002950  ti_sysbios_utils_Load_Module_State_0_taskStartTime__A                
20002954  ti_sysbios_utils_Load_Module_State_0_runningTask__A                  
20002958  ti_uia_loggers_LoggerStopMode_Module__root__V                        
20002960  ti_uia_loggers_LoggerStopMode_Module__state__V                       
20002968  ti_uia_runtime_QueueDescriptor_Module__state__V                      
20002974  xdc_runtime_Error_Module__state__V                                   
20002976  xdc_runtime_Main_Module__root__V                                     
20002978  xdc_runtime_Memory_Module__state__V                                  
2000297c  xdc_runtime_Registry_Module__state__V                                
20002984  xdc_runtime_Startup_Module__state__V                                 
2000298c  xdc_runtime_SysMin_Module__state__V                                  
20002998  xdc_runtime_System_Module_State_0_atexitHandlers__A                  
200029a0  xdc_runtime_System_Module__state__V                                  
200029a8  xdc_runtime_Text_Module__state__V                                    
200029b0  __xdc__init__addr                                                    
200029b4  ti_sysbios_knl_Task_Object__table__V                                 
20002a54  ti_uia_loggers_LoggerStopMode_Object__table__V                       
20002af0  ti_sysbios_utils_Load_Module__state__V                               
20002b88  ti_sysbios_family_arm_lm4_Timer_Object__table__V                     
20002c08  ti_sysbios_knl_Swi_Module_State_0_readyQ__A                          
20002c88  ti_sysbios_knl_Task_Module_State_0_readyQ__A                         
20002d08  ti_sysbios_family_arm_m3_Hwi_Object__table__V                        
20002d50  ti_sysbios_knl_Task_Module__state__V                                 
20002d94  ti_sysbios_family_arm_lm4_Timer_Module_State_0_device__A             
20002dd4  ti_sysbios_gates_GateMutex_Object__table__V                          
20002e0c  ti_sysbios_utils_Load_Module_State_0_taskEnv__A                      
20002e44  ti_sysbios_family_arm_m3_Hwi_Module__state__V                        
20002e78  ti_sysbios_knl_Swi_Object__table__V                                  
20002ea8  ti_sysbios_knl_Clock_Module__state__V                                
20002ed4  ti_sysbios_BIOS_Module__state__V                                     
20002ef8  _lock                                                                
20002efc  _unlock                                                              
20002f00  __TI_cleanup_ptr                                                     
20002f04  __TI_dtors_ptr                                                       
20002f08  ti_uia_runtime_QueueDescriptor_gPtrToFirstDescriptor                 
20002f0c  ti_uia_runtime_QueueDescriptor_gUpdateCount                          
20002f10  main_func_sp                                                         
20002f14  i16ToggleCount                                                       
20002f16  ui8PinData                                                           
20002f18  __stack                                                              
20003218  __STACK_END                                                          
e000e000  ti_sysbios_family_arm_m3_Hwi_nvic                                    
ffffffff  __binit__                                                            
ffffffff  __c_args__                                                           
ffffffff  binit                                                                
UNDEFED   SHT$$INIT_ARRAY$$Base                                                
UNDEFED   SHT$$INIT_ARRAY$$Limit                                               

[631 symbols]
