******************************************************************************
                  TI ARM Linker PC v5.2.5                      
******************************************************************************
>> Linked Wed May 04 11:33:41 2016

OUTPUT FILE NAME:   <SWI.out>
ENTRY POINT SYMBOL: "_c_int00"  address: 000043c9


MEMORY CONFIGURATION

         name            origin    length      used     unused   attr    fill
----------------------  --------  ---------  --------  --------  ----  --------
  FLASH                 00000000   00100000  00008b06  000f74fa  R  X
  SRAM                  20000000   00040000  00002387  0003dc79  RW X


SEGMENT ALLOCATION MAP

run origin  load origin   length   init length attrs members
----------  ----------- ---------- ----------- ----- -------
00000000    00000000    00008b10   00008b10    r-x
  00000000    00000000    0000003c   0000003c    r-- .resetVecs
  00000040    00000040    00005d4a   00005d4a    r-x .text
  00005d8c    00005d8c    00002908   00002908    r-- .const
  00008698    00008698    00000478   00000478    r-- .cinit
20000000    20000000    00000360   00000000    rw-
  20000000    20000000    00000360   00000000    rw- .vecs
20000380    20000380    00002028   00000000    rw-
  20000380    20000380    000016b0   00000000    rw- .bss
  20001a30    20001a30    00000677   00000000    rw- .data
  200020a8    200020a8    00000300   00000000    rw- .stack


SECTION ALLOCATION MAP

 output                                  attributes/
section   page    origin      length       input sections
--------  ----  ----------  ----------   ----------------
.text      0    00000040    00005d4a     
                  00000040    00000430     sysbios.aem4f : BIOS.obj (.text:ti_sysbios_family_arm_m3_Hwi_excDumpRegs__I)
                  00000470    0000034c     ti.targets.arm.rtsarm.aem4f : System.oem4f (.text:xdc_runtime_System_doPrint__I)
                  000007bc    000002d4     rtsv7M4_T_le_v4SPD16_eabi.lib : trgdrv.obj (.text)
                  00000a90    00000298     sysbios.aem4f : BIOS.obj (.text:ti_sysbios_knl_Semaphore_pend__E)
                  00000d28    00000254                   : BIOS.obj (.text:ti_sysbios_heaps_HeapMem_free__E)
                  00000f7c    00000004     driverlib.lib : timer.obj (.text:TimerIntClear)
                  00000f80    00000248     sysbios.aem4f : BIOS.obj (.text:ti_sysbios_heaps_HeapMem_alloc__E)
                  000011c8    00000204     driverlib.lib : sysctl.obj (.text:SysCtlClockFreqSet)
                  000013cc    00000204     Boot.aem4f : Boot_sysctl.oem4f (.text:ti_catalog_arm_cortexm4_tiva_ce_Boot_sysCtlClockFreqSetI__I)
                  000015d0    000001fc     sysbios.aem4f : BIOS.obj (.text:ti_sysbios_family_arm_m3_Hwi_excHandlerMax__I)
                  000017cc    00000004     empty_pem4f.oem4f (.text:ti_sysbios_BIOS_RtsGateProxy_enter__E)
                  000017d0    0000017c     sysbios.aem4f : BIOS.obj (.text:ti_sysbios_family_arm_lm4_TimestampProvider_get64__E)
                  0000194c    00000004     empty_pem4f.oem4f (.text:ti_sysbios_BIOS_RtsGateProxy_leave__E)
                  00001950    00000174     sysbios.aem4f : BIOS.obj (.text:ti_sysbios_family_arm_m3_Hwi_excBusFault__I)
                  00001ac4    00000004                   : BIOS.obj (.text:ti_sysbios_family_arm_lm4_Timer_masterEnable__I)
                  00001ac8    00000164                   : BIOS.obj (.text:ti_sysbios_family_arm_m3_Hwi_excUsageFault__I)
                  00001c2c    00000004     empty_pem4f.oem4f (.text:ti_sysbios_family_arm_m3_TaskSupport_Module__startupDone__S)
                  00001c30    00000148     sysbios.aem4f : BIOS.obj (.text:ti_sysbios_family_arm_m3_Hwi_excMemFault__I)
                  00001d78    0000013c                   : BIOS.obj (.text:ti_sysbios_heaps_HeapMem_Instance_init__E)
                  00001eb4    00000138     empty_pem4f.oem4f (.text:ti_uia_loggers_LoggerStopMode_writeMemoryRange__E)
                  00001fec    00000130     driverlib.lib : gpio.obj (.text:GPIOPadConfigSet)
                  0000211c    00000118     ti.targets.arm.rtsarm.aem4f : Error.oem4f (.text:xdc_runtime_Error_policyDefault__E)
                  00002234    0000010c     driverlib.lib : sysctl.obj (.text:SysCtlClockGet)
                  00002340    0000010c     empty_pem4f.oem4f (.text:ti_uia_loggers_LoggerStopMode_write8__E)
                  0000244c    00000004     empty_pem4f.oem4f (.text:ti_sysbios_heaps_HeapMem_Module_GateProxy_enter__E)
                  00002450    00000108     sysbios.aem4f : BIOS.obj (.text:ti_sysbios_family_arm_lm4_Timer_start__E)
                  00002558    00000100     ti.targets.arm.rtsarm.aem4f : Core-mem.oem4f (.text:xdc_runtime_Core_createObject__I)
                  00002658    000000f8                                 : Startup.oem4f (.text:xdc_runtime_Startup_startMods__I)
                  00002750    000000f8     empty_pem4f.oem4f (.text:xdc_runtime_System_printfExtend__I)
                  00002848    000000f4     sysbios.aem4f : m3_Hwi_asm.obj (.text:ti_sysbios_family_arm_m3_Hwi_dispatch__I)
                  0000293c    000000f4     empty_pem4f.oem4f (.text:ti_uia_loggers_LoggerStopMode_write4__E)
                  00002a30    000000ec     sysbios.aem4f : BIOS.obj (.text:ti_sysbios_knl_Semaphore_post__E)
                  00002b1c    000000e8     empty_pem4f.oem4f (.text:ti_uia_loggers_LoggerStopMode_write2__E)
                  00002c04    000000e4     empty_pem4f.oem4f (.text:ti_uia_loggers_LoggerStopMode_write1__E)
                  00002ce8    000000d8     sysbios.aem4f : BIOS.obj (.text:ti_sysbios_family_arm_lm4_TimestampProvider_get32__E)
                  00002dc0    000000d8     empty_pem4f.oem4f (.text:ti_uia_loggers_LoggerStopMode_write0__E)
                  00002e98    000000cc     ti.targets.arm.rtsarm.aem4f : Core-smem.oem4f (.text:xdc_runtime_Core_constructObject__I)
                  00002f64    00000004     empty_pem4f.oem4f (.text:ti_sysbios_heaps_HeapMem_Module_GateProxy_leave__E)
                  00002f68    000000bc     sysbios.aem4f : BIOS.obj (.text:ti_sysbios_family_arm_m3_Hwi_excDebugMon__I)
                  00003024    00000004     empty_pem4f.oem4f (.text:ti_sysbios_knl_Clock_TimerProxy_getMaxTicks__E)
                  00003028    000000bc     sysbios.aem4f : BIOS.obj (.text:ti_sysbios_family_arm_m3_Hwi_excHardFault__I)
                  000030e4    00000004     empty_pem4f.oem4f (.text:ti_sysbios_knl_Clock_TimerProxy_getPeriod__E)
                  000030e8    000000b4     sysbios.aem4f : BIOS.obj (.text:ti_sysbios_gates_GateMutex_enter__E)
                  0000319c    00000004     empty_pem4f.oem4f (.text:ti_sysbios_knl_Queue_destruct)
                  000031a0    000000b4     sysbios.aem4f : BIOS.obj (.text:ti_sysbios_knl_Task_checkStacks__E)
                  00003254    00000004     empty_pem4f.oem4f (.text:ti_sysbios_knl_Semaphore_destruct)
                  00003258    000000b0     sysbios.aem4f : BIOS.obj (.text:ti_sysbios_utils_Load_idleFxn__E)
                  00003308    000000ac                   : BIOS.obj (.text:ti_sysbios_family_arm_lm4_Timer_enableTiva__I)
                  000033b4    000000a0     auto_init.aem4f : auto_init.oem4f (.text)
                  00003454    000000a0     ti.targets.arm.rtsarm.aem4f : Text.oem4f (.text:xdc_runtime_Text_putMod__E)
                  000034f4    0000009c     rtsv7M4_T_le_v4SPD16_eabi.lib : memcpy_t2.obj (.text)
                  00003590    0000009c     sysbios.aem4f : BIOS.obj (.text:ti_sysbios_knl_Semaphore_Instance_init__E)
                  0000362c    00000004     ti.uia.loggers.aem4f : LoggerStopMode.oem4f (.text:ti_uia_loggers_LoggerStopMode_getContents__E)
                  00003630    0000009c     sysbios.aem4f : BIOS.obj (.text:ti_sysbios_knl_Task_postInit__I)
                  000036cc    0000009a     ti.targets.arm.rtsarm.aem4f : Text.oem4f (.text:xdc_runtime_Text_putSite__E)
                  00003766    00000002     rtsv7M4_T_le_v4SPD16_eabi.lib : i_div0.obj (.text)
                  00003768    00000098     Boot.aem4f : Boot.oem4f (.text:ti_catalog_arm_cortexm4_tiva_ce_Boot_sysCtlClockFreqSet__E)
                  00003800    00000094     sysbios.aem4f : BIOS.obj (.text:ti_sysbios_family_arm_m3_Hwi_initNVIC__E)
                  00003894    00000004     empty_pem4f.oem4f (.text:ti_uia_loggers_LoggerStopMode_getFilterLevel__E)
                  00003898    00000094     sysbios.aem4f : BIOS.obj (.text:ti_sysbios_utils_Load_updateLoads__E)
                  0000392c    00000090     ti.uia.loggers.aem4f : LoggerStopMode.oem4f (.text:ti_uia_loggers_LoggerStopMode_initQueueDescriptor__E)
                  000039bc    0000008c     sysbios.aem4f : m3_TaskSupport_asm.obj (.text:ti_sysbios_family_arm_m3_TaskSupport_buildTaskStack)
                  00003a48    00000084                   : BIOS.obj (.text:ti_sysbios_family_arm_m3_Hwi_postInit__I)
                  00003acc    0000007a     rtsv7M4_T_le_v4SPD16_eabi.lib : memset_t2.obj (.text)
                  00003b46    00000002     empty_pem4f.oem4f (.text:ti_sysbios_BIOS_nullFunc__I)
                  00003b48    00000074     ti.uia.runtime.aem4f : QueueDescriptor.oem4f (.text:ti_uia_runtime_QueueDescriptor_addToList__E)
                  00003bbc    0000006d     ti.targets.arm.rtsarm.aem4f : System.oem4f (.text:xdc_runtime_System_formatNum__I)
                  00003c29    00000001     --HOLE-- [fill = 0]
                  00003c2a    00000002     empty_pem4f.oem4f (.text:ti_uia_loggers_LoggerStopMode_setFilterLevel__E)
                  00003c2c    0000006c     main.obj (.text:hardware_init)
                  00003c98    0000006c     sysbios.aem4f : BIOS.obj (.text:ti_sysbios_knl_Clock_workFunc__E)
                  00003d04    00000004     ti.uia.loggers.aem4f : LoggerStopMode.oem4f (.text:ti_uia_loggers_LoggerStopMode_getInstanceId__E)
                  00003d08    0000006c     sysbios.aem4f : BIOS.obj (.text:ti_sysbios_knl_Swi_restoreHwi__E)
                  00003d74    00000004     ti.uia.loggers.aem4f : LoggerStopMode.oem4f (.text:ti_uia_loggers_LoggerStopMode_getMaxLength__E)
                  00003d78    0000006c     sysbios.aem4f : BIOS.obj (.text:ti_sysbios_knl_Task_exit__E)
                  00003de4    0000006c     ti.targets.arm.rtsarm.aem4f : Error.oem4f (.text:xdc_runtime_Error_print__E)
                  00003e50    0000006c                                 : Memory.oem4f (.text:xdc_runtime_Memory_alloc__E)
                  00003ebc    0000006a     rtsv7M4_T_le_v4SPD16_eabi.lib : copy_decompress_rle.obj (.text)
                  00003f26    00000002     ti.uia.loggers.aem4f : LoggerStopMode.oem4f (.text:ti_uia_loggers_LoggerStopMode_setPriority__E)
                  00003f28    00000068     rtsv7M4_T_le_v4SPD16_eabi.lib : trgmsg.obj (.text)
                  00003f90    00000066     ti.uia.loggers.aem4f : LoggerStopMode.oem4f (.text:ti_uia_loggers_LoggerStopMode_flush__E)
                  00003ff6    00000066     ti.targets.arm.rtsarm.aem4f : Core-mem.oem4f (.text:xdc_runtime_Core_deleteObject__I)
                  0000405c    00000004     ti.uia.loggers.aem4f : LoggerStopMode.oem4f (.text:ti_uia_loggers_LoggerStopMode_getPriority__E)
                  00004060    00000064     sysbios.aem4f : BIOS.obj (.text:ti_sysbios_family_arm_lm4_Timer_Module_startup__E)
                  000040c4    00000004     ti.uia.loggers.aem4f : LoggerStopMode.oem4f (.text:ti_uia_loggers_LoggerStopMode_getTransferType__E)
                  000040c8    00000064     sysbios.aem4f : BIOS.obj (.text:ti_sysbios_family_arm_m3_Hwi_dispatchC__I)
                  0000412c    00000060     driverlib.lib : timer.obj (.text:TimerConfigure)
                  0000418c    00000004     ti.targets.arm.rtsarm.aem4f : Error.oem4f (.text:xdc_runtime_Error_getSite__E)
                  00004190    00000060     sysbios.aem4f : BIOS.obj (.text:ti_sysbios_knl_Task_schedule__I)
                  000041f0    0000005c                   : BIOS.obj (.text:ti_sysbios_knl_Swi_run__I)
                  0000424c    00000004     empty_pem4f.oem4f (.text:xdc_runtime_System_Module_GateProxy_enter__E)
                  00004250    0000005c     sysbios.aem4f : BIOS.obj (.text:ti_sysbios_knl_Swi_schedule__I)
                  000042ac    00000004     empty_pem4f.oem4f (.text:xdc_runtime_System_Module_GateProxy_leave__E)
                  000042b0    0000005c     sysbios.aem4f : BIOS.obj (.text:ti_sysbios_knl_Task_Module_startup__E)
                  0000430c    00000004     ti.targets.arm.rtsarm.aem4f : System.oem4f (.text:xdc_runtime_System_aprintf_va__F)
                  00004310    0000005c     sysbios.aem4f : BIOS.obj (.text:ti_sysbios_knl_Task_startCore__E)
                  0000436c    0000005b     ti.targets.arm.rtsarm.aem4f : Text.oem4f (.text:xdc_runtime_Text_putLab__E)
                  000043c7    00000001     --HOLE-- [fill = 0]
                  000043c8    00000058     boot.aem4f : boot.oem4f (.text)
                  00004420    00000058     sysbios.aem4f : m3_Hwi_asm_switch.obj (.text:ti_sysbios_family_arm_m3_Hwi_initStacks__E)
                  00004478    00000054                   : BIOS.obj (.text:ti_sysbios_family_arm_lm4_Timer_initDevice__I)
                  000044cc    00000054     ti.targets.arm.rtsarm.aem4f : Assert.oem4f (.text:xdc_runtime_Assert_raise__I)
                  00004520    00000050     Boot.aem4f : Boot_sysctl.oem4f (.text:_SysCtlFrequencyGet)
                  00004570    00000050     sysbios.aem4f : BIOS.obj (.text:ti_sysbios_family_arm_m3_Hwi_Module_startup__E)
                  000045c0    00000050     ti.targets.arm.rtsarm.aem4f : Startup.oem4f (.text:xdc_runtime_Startup_exec__E)
                  00004610    00000050                                 : Text.oem4f (.text:xdc_runtime_Text_visitRope2__I)
                  00004660    0000004c     main.obj (.text:ledToggle)
                  000046ac    0000004c     rtsv7M4_T_le_v4SPD16_eabi.lib : cpy_tbl.obj (.text)
                  000046f8    0000004c     sysbios.aem4f : BIOS.obj (.text:ti_sysbios_heaps_HeapMem_getStats__E)
                  00004744    00000004     ti.targets.arm.rtsarm.aem4f : System.oem4f (.text:xdc_runtime_System_printf_va__F)
                  00004748    0000004c     sysbios.aem4f : BIOS.obj (.text:ti_sysbios_knl_Swi_runLoop__I)
                  00004794    00000002     empty_pem4f.oem4f (.text:xdc_runtime_Startup_reset__I)
                  00004796    00000002     --HOLE-- [fill = 0]
                  00004798    0000004c     sysbios.aem4f : BIOS.obj (.text:ti_sysbios_knl_Task_allBlockedFunction__I)
                  000047e4    0000004c     ti.uia.loggers.aem4f : LoggerStopMode.oem4f (.text:ti_uia_loggers_LoggerStopMode_Module_startup__E)
                  00004830    00000048     driverlib.lib : sysctl.obj (.text:_SysCtlFrequencyGet)
                  00004878    00000048     sysbios.aem4f : BIOS.obj (.text:ti_sysbios_family_arm_lm4_Timer_enableTimers__I)
                  000048c0    00000048                   : BIOS.obj (.text:ti_sysbios_family_arm_m3_Hwi_disableInterrupt__E)
                  00004908    00000048                   : BIOS.obj (.text:ti_sysbios_family_arm_m3_Hwi_enableInterrupt__E)
                  00004950    00000048                   : BIOS.obj (.text:ti_sysbios_family_arm_m3_Hwi_excReserved__I)
                  00004998    00000046     ti.targets.arm.rtsarm.aem4f : Core-params.oem4f (.text:xdc_runtime_Core_assignParams__I)
                  000049de    00000002     --HOLE-- [fill = 0]
                  000049e0    00000044     rtsv7M4_T_le_v4SPD16_eabi.lib : exit.obj (.text)
                  00004a24    00000004     --HOLE-- [fill = 0]
                  00004a28    00000044     sysbios.aem4f : BIOS.obj (.text:ti_sysbios_family_arm_lm4_Timer_isrStub__E)
                  00004a6c    00000004     --HOLE-- [fill = 0]
                  00004a70    00000044                   : BIOS.obj (.text:ti_sysbios_family_arm_m3_Hwi_getStackInfo__E)
                  00004ab4    00000004     --HOLE-- [fill = 0]
                  00004ab8    00000044                   : BIOS.obj (.text:ti_sysbios_knl_Swi_post__E)
                  00004afc    00000044     ti.uia.loggers.aem4f : LoggerStopMode.oem4f (.text:ti_uia_loggers_LoggerStopMode_initBuffer__I)
                  00004b40    00000044     ti.targets.arm.rtsarm.aem4f : Error.oem4f (.text:xdc_runtime_Error_setX__E)
                  00004b84    00000044                                 : SysMin.oem4f (.text:xdc_runtime_SysMin_flush__E)
                  00004bc8    00000044                                 : Text.oem4f (.text:xdc_runtime_Text_xprintf__I)
                  00004c0c    00000040     rtsv7M4_T_le_v4SPD16_eabi.lib : u_divt2.obj (.text)
                  00004c4c    00000004     --HOLE-- [fill = 0]
                  00004c50    00000040     sysbios.aem4f : BIOS.obj (.text:ti_sysbios_family_arm_lm4_Timer_startup__E)
                  00004c90    0000003c                   : BIOS.obj (.text:ti_sysbios_family_arm_m3_Hwi_excSvCall__I)
                  00004ccc    00000004     --HOLE-- [fill = 0]
                  00004cd0    0000003c                   : BIOS.obj (.text:ti_sysbios_heaps_HeapMem_init__I)
                  00004d0c    00000004     --HOLE-- [fill = 0]
                  00004d10    0000003c                   : BIOS.obj (.text:ti_sysbios_knl_Swi_restore__E)
                  00004d4c    00000004     --HOLE-- [fill = 0]
                  00004d50    00000038                   : BIOS.obj (.text:ti_sysbios_family_arm_m3_Hwi_excNoIsr__I)
                  00004d88    00000038                   : BIOS.obj (.text:ti_sysbios_knl_Task_processVitalTaskFlag__I)
                  00004dc0    00000038     ti.targets.arm.rtsarm.aem4f : SysMin.oem4f (.text:xdc_runtime_SysMin_putch__E)
                  00004df8    00000038                                 : System.oem4f (.text:xdc_runtime_System_atexit__E)
                  00004e30    00000034     driverlib.lib : sysctl.obj (.text:SysCtlPeripheralEnable)
                  00004e64    00000004     --HOLE-- [fill = 0]
                  00004e68    00000034     sysbios.aem4f : BIOS.obj (.text:ti_sysbios_family_arm_m3_Hwi_excNmi__I)
                  00004e9c    00000004     --HOLE-- [fill = 0]
                  00004ea0    00000034                   : BIOS.obj (.text:ti_sysbios_hal_Hwi_checkStack)
                  00004ed4    00000034     ti.uia.loggers.aem4f : LoggerStopMode.oem4f (.text:ti_uia_loggers_LoggerStopMode_reset__E)
                  00004f08    00000034     ti.targets.arm.rtsarm.aem4f : Core-label.oem4f (.text:xdc_runtime_Core_assignLabel__I)
                  00004f3c    00000033                                 : Text.oem4f (.text:xdc_runtime_Text_printVisFxn__I)
                  00004f6f    00000001     --HOLE-- [fill = 0]
                  00004f70    00000032     sysbios.aem4f : BIOS.obj (.text:ti_sysbios_hal_Hwi_initStack)
                  00004fa2    00000002     --HOLE-- [fill = 0]
                  00004fa4    00000030     empty_pem4f.oem4f (.text:ti_sysbios_BIOS_atExitFunc__I)
                  00004fd4    00000004     --HOLE-- [fill = 0]
                  00004fd8    00000030     sysbios.aem4f : BIOS.obj (.text:ti_sysbios_family_arm_lm4_Timer_stop__E)
                  00005008    00000030                   : BIOS.obj (.text:ti_sysbios_family_arm_m3_TaskSupport_start__E)
                  00005038    00000030     empty_pem4f.oem4f (.text:ti_sysbios_gates_GateHwi_Object__create__S)
                  00005068    00000030     empty_pem4f.oem4f (.text:ti_sysbios_gates_GateMutex_Object__create__S)
                  00005098    00000030     empty_pem4f.oem4f (.text:ti_sysbios_heaps_HeapMem_Object__create__S)
                  000050c8    00000030     empty_pem4f.oem4f (.text:ti_sysbios_knl_Semaphore_construct)
                  000050f8    00000030     sysbios.aem4f : BIOS.obj (.text:ti_sysbios_knl_Semaphore_pendTimeout__I)
                  00005128    00000030                   : BIOS.obj (.text:ti_sysbios_knl_Task_unblockI__E)
                  00005158    00000030                   : BIOS.obj (.text:ti_sysbios_utils_Load_updateCurrentThreadTime__E)
                  00005188    00000030     empty_pem4f.oem4f (.text:ti_uia_loggers_LoggerStopMode_Object__create__S)
                  000051b8    00000030     ti.targets.arm.rtsarm.aem4f : SysMin.oem4f (.text:xdc_runtime_SysMin_abort__E)
                  000051e8    00000030                                 : System.oem4f (.text:xdc_runtime_System_processAtExit__E)
                  00005218    0000002c     empty_pem4f.oem4f (.text:ti_sysbios_knl_Clock_doTick__I)
                  00005244    0000002c     empty_pem4f.oem4f (.text:ti_sysbios_knl_Queue_construct)
                  00005270    0000002c     sysbios.aem4f : BIOS.obj (.text:ti_sysbios_knl_Task_restore__E)
                  0000529c    0000002c     ti.targets.arm.rtsarm.aem4f : Text.oem4f (.text:xdc_runtime_Text_cordText__E)
                  000052c8    0000002a     driverlib.lib : gpio.obj (.text:GPIODirModeSet)
                  000052f2    0000002a     ti.targets.arm.rtsarm.aem4f : System.oem4f (.text:xdc_runtime_System_putchar__I)
                  0000531c    00000004     --HOLE-- [fill = 0]
                  00005320    00000028     sysbios.aem4f : BIOS.obj (.text:ti_sysbios_knl_Clock_addI__E)
                  00005348    00000028                   : BIOS.obj (.text:ti_sysbios_knl_Swi_Module_startup__E)
                  00005370    00000026                   : m3_Hwi_asm.obj (.text:ti_sysbios_family_arm_m3_Hwi_pendSV__I)
                  00005396    00000026     ti.targets.arm.rtsarm.aem4f : System.oem4f (.text:xdc_runtime_System_avprintf__E)
                  000053bc    00000024     empty_pem4f.oem4f (.text:ti_sysbios_BIOS_registerRTSLock__I)
                  000053e0    00000024     empty_pem4f.oem4f (.text:ti_sysbios_BIOS_removeRTSLock__I)
                  00005404    00000024     empty_pem4f.oem4f (.text:ti_sysbios_BIOS_startFunc__I)
                  00005428    00000024     empty_pem4f.oem4f (.text:ti_sysbios_gates_GateMutex_Object__delete__S)
                  0000544c    00000004     --HOLE-- [fill = 0]
                  00005450    00000024     sysbios.aem4f : BIOS.obj (.text:ti_sysbios_knl_Clock_Module_startup__E)
                  00005474    00000004     --HOLE-- [fill = 0]
                  00005478    00000024                   : BIOS.obj (.text:ti_sysbios_knl_Task_restoreHwi__E)
                  0000549c    00000024     ti.targets.arm.rtsarm.aem4f : System.oem4f (.text:xdc_runtime_System_vprintf__E)
                  000054c0    00000022     sysbios.aem4f : BIOS.obj (.text:ti_sysbios_family_arm_lm4_Timer_write__I)
                  000054e2    00000022     empty_pem4f.oem4f (.text:xdc_runtime_SysMin_output__I)
                  00005504    00000020     Boot.aem4f : Boot_sysctl.oem4f (.text:_SysCtlMemTimingGet)
                  00005524    00000020     empty_pem4f.oem4f (.text:ti_sysbios_BIOS_rtsLock__I)
                  00005544    00000020     sysbios.aem4f : m3_Hwi_asm.obj (.text:ti_sysbios_family_arm_m3_Hwi_excHandlerAsm__I)
                  00005564    00000004     --HOLE-- [fill = 0]
                  00005568    00000020                   : BIOS.obj (.text:ti_sysbios_family_arm_m3_Hwi_excHandler__I)
                  00005588    00000020     empty_pem4f.oem4f (.text:ti_sysbios_gates_GateHwi_Object__delete__S)
                  000055a8    00000020     empty_pem4f.oem4f (.text:ti_sysbios_heaps_HeapMem_Object__delete__S)
                  000055c8    00000020     sysbios.aem4f : BIOS.obj (.text:ti_sysbios_knl_Idle_run__E)
                  000055e8    00000020     empty_pem4f.oem4f (.text:ti_sysbios_knl_Semaphore_Object__destruct__S)
                  00005608    00000020     empty_pem4f.oem4f (.text:ti_uia_loggers_LoggerStopMode_Object__delete__S)
                  00005628    00000020     ti.targets.arm.rtsarm.aem4f : Registry.oem4f (.text:xdc_runtime_Registry_findById__E)
                  00005648    00000020                                 : SysMin.oem4f (.text:xdc_runtime_SysMin_Module_startup__E)
                  00005668    0000001e     empty_pem4f.oem4f (.text:ti_sysbios_BIOS_errorRaiseHook__I)
                  00005686    0000001e     sysbios.aem4f : m3_Hwi_asm_switch.obj (.text:ti_sysbios_family_xxx_Hwi_switchAndRunFunc)
                  000056a4    0000001c     main.obj (.text:Timer_ISR)
                  000056c0    0000001c     driverlib.lib : sysctl.obj (.text:_SysCtlMemTimingGet)
                  000056dc    00000004     --HOLE-- [fill = 0]
                  000056e0    0000001c     sysbios.aem4f : BIOS.obj (.text:ti_sysbios_gates_GateMutex_Instance_init__E)
                  000056fc    0000001c     empty_pem4f.oem4f (.text:ti_sysbios_knl_Queue_Object__destruct__S)
                  00005718    0000001c     sysbios.aem4f : BIOS.obj (.text:ti_sysbios_knl_Queue_put__E)
                  00005734    00000004     --HOLE-- [fill = 0]
                  00005738    0000001c                   : BIOS.obj (.text:ti_sysbios_knl_Task_enter__I)
                  00005754    0000001c     ti.uia.loggers.aem4f : LoggerStopMode.oem4f (.text:ti_uia_loggers_LoggerStopMode_Instance_init__E)
                  00005770    0000001c     ti.targets.arm.rtsarm.aem4f : Error.oem4f (.text:xdc_runtime_Error_raiseX__E)
                  0000578c    0000001c                                 : Memory.oem4f (.text:xdc_runtime_Memory_valloc__E)
                  000057a8    0000001c                                 : SysMin.oem4f (.text:xdc_runtime_SysMin_exit__E)
                  000057c4    0000001c                                 : System.oem4f (.text:xdc_runtime_System_abort__E)
                  000057e0    0000001a     empty_pem4f.oem4f (.text:ti_sysbios_family_arm_m3_Hwi_Handle__label__S)
                  000057fa    0000001a     empty_pem4f.oem4f (.text:ti_sysbios_gates_GateHwi_Handle__label__S)
                  00005814    0000001a     empty_pem4f.oem4f (.text:ti_sysbios_gates_GateMutex_Handle__label__S)
                  0000582e    0000001a     empty_pem4f.oem4f (.text:ti_sysbios_heaps_HeapMem_Handle__label__S)
                  00005848    0000001a     empty_pem4f.oem4f (.text:ti_sysbios_knl_Swi_Handle__label__S)
                  00005862    0000001a     empty_pem4f.oem4f (.text:ti_sysbios_knl_Task_Handle__label__S)
                  0000587c    0000001a     empty_pem4f.oem4f (.text:ti_uia_loggers_LoggerStopMode_Handle__label__S)
                  00005896    0000001a     empty_pem4f.oem4f (.text:xdc_runtime_System_aprintf__E)
                  000058b0    0000001a     empty_pem4f.oem4f (.text:xdc_runtime_System_printf__E)
                  000058ca    00000018     driverlib.lib : gpio.obj (.text:GPIOPinTypeGPIOOutput)
                  000058e2    00000002     --HOLE-- [fill = 0]
                  000058e4    00000018     rtsv7M4_T_le_v4SPD16_eabi.lib : args_main.obj (.text)
                  000058fc    00000018     empty_pem4f.oem4f (.text:ti_sysbios_BIOS_rtsUnlock__I)
                  00005914    00000018     empty_pem4f.oem4f (.text:ti_sysbios_family_arm_lm4_Timer_Module__startupDone__F)
                  0000592c    00000018     empty_pem4f.oem4f (.text:ti_sysbios_family_arm_m3_Hwi_Module__startupDone__F)
                  00005944    00000018     sysbios.aem4f : m3_TaskSupport_asm.obj (.text:ti_sysbios_family_arm_m3_TaskSupport_swap__E)
                  0000595c    00000004     --HOLE-- [fill = 0]
                  00005960    00000018                   : BIOS.obj (.text:ti_sysbios_gates_GateMutex_leave__E)
                  00005978    00000018     ti.targets.arm.rtsarm.aem4f : Error.oem4f (.text:xdc_runtime_Error_check__E)
                  00005990    00000018                                 : System.oem4f (.text:xdc_runtime_System_exit__E)
                  000059a8    00000018                                 : Text.oem4f (.text:xdc_runtime_Text_ropeText__E)
                  000059c0    00000016     empty_pem4f.oem4f (.text:ti_sysbios_BIOS_exitFunc__I)
                  000059d6    00000016     ti.uia.loggers.aem4f : LoggerStopMode.oem4f (.text:ti_uia_loggers_LoggerStopMode_disable__E)
                  000059ec    00000016                          : LoggerStopMode.oem4f (.text:ti_uia_loggers_LoggerStopMode_enable__E)
                  00005a02    00000002     --HOLE-- [fill = 0]
                  00005a04    00000014     rtsv7M4_T_le_v4SPD16_eabi.lib : _lock.obj (.text)
                  00005a18    00000014                                   : strcpy.obj (.text)
                  00005a2c    00000014                                   : strlen.obj (.text)
                  00005a40    00000014     empty_pem4f.oem4f (.text:ti_sysbios_family_arm_m3_Hwi_Object__get__S)
                  00005a54    00000004     --HOLE-- [fill = 0]
                  00005a58    00000014     sysbios.aem4f : BIOS.obj (.text:ti_sysbios_family_arm_m3_Hwi_switchFromBootStack__E)
                  00005a6c    00000014     empty_pem4f.oem4f (.text:ti_sysbios_heaps_HeapMem_Object__get__S)
                  00005a80    00000014     empty_pem4f.oem4f (.text:ti_sysbios_knl_Swi_Object__get__S)
                  00005a94    00000012     driverlib.lib : timer.obj (.text:TimerLoadSet)
                  00005aa6    00000002     --HOLE-- [fill = 0]
                  00005aa8    00000012     sysbios.aem4f : BIOS.obj (.text:ti_sysbios_hal_Hwi_Module_startup__E)
                  00005aba    00000012     empty_pem4f.oem4f (.text:xdc_runtime_Startup_exec__I)
                  00005acc    00000010     empty_pem4f.oem4f (.text:.bootCodeSection:ti_catalog_arm_cortexm4_tiva_ce_Boot_init__I)
                  00005adc    00000004     --HOLE-- [fill = 0]
                  00005ae0    00000010     sysbios.aem4f : BIOS.obj (.text:ti_sysbios_BIOS_getCpuFreq__E)
                  00005af0    00000010                   : BIOS.obj (.text:ti_sysbios_BIOS_setThreadType__E)
                  00005b00    00000010                   : BIOS.obj (.text:ti_sysbios_BIOS_start__E)
                  00005b10    00000010                   : BIOS.obj (.text:ti_sysbios_family_arm_lm4_TimestampProvider_rolloverFunc__E)
                  00005b20    00000010                   : m3_TaskSupport_asm.obj (.text:ti_sysbios_family_arm_m3_TaskSupport_glue)
                  00005b30    00000010                   : BIOS.obj (.text:ti_sysbios_gates_GateMutex_Instance_finalize__E)
                  00005b40    00000010                   : BIOS.obj (.text:ti_sysbios_knl_Semaphore_Instance_finalize__E)
                  00005b50    00000010                   : BIOS.obj (.text:ti_sysbios_knl_Swi_disable__E)
                  00005b60    00000010     empty_pem4f.oem4f (.text:ti_sysbios_knl_Task_Object__get__S)
                  00005b70    00000010     sysbios.aem4f : BIOS.obj (.text:ti_sysbios_knl_Task_disable__E)
                  00005b80    00000010     empty_pem4f.oem4f (.text:ti_uia_loggers_LoggerStopMode_Object__get__S)
                  00005b90    00000010     ti.uia.loggers.aem4f : LoggerStopMode.oem4f (.text:ti_uia_loggers_LoggerStopMode_isEmpty__E)
                  00005ba0    00000010     ti.targets.arm.rtsarm.aem4f : Gate.oem4f (.text:xdc_runtime_Gate_leaveSystem__E)
                  00005bb0    00000010                                 : Memory.oem4f (.text:xdc_runtime_Memory_free__E)
                  00005bc0    00000010                                 : SysMin.oem4f (.text:xdc_runtime_SysMin_ready__E)
                  00005bd0    00000010                                 : System.oem4f (.text:xdc_runtime_System_vsnprintf__E)
                  00005be0    00000010     empty_pem4f.oem4f (.text:xdc_runtime_Text_visitRope__I)
                  00005bf0    0000000e     driverlib.lib : timer.obj (.text:TimerEnable)
                  00005bfe    0000000e     rtsv7M4_T_le_v4SPD16_eabi.lib : copy_decompress_none.obj (.text:decompress:none)
                  00005c0c    00000004     --HOLE-- [fill = 0]
                  00005c10    0000000e     sysbios.aem4f : BIOS.obj (.text:ti_sysbios_knl_Idle_loop__E)
                  00005c1e    00000002     --HOLE-- [fill = 0]
                  00005c20    0000000e                   : BIOS.obj (.text:ti_sysbios_knl_Queue_empty__E)
                  00005c2e    0000000c     rtsv7M4_T_le_v4SPD16_eabi.lib : copy_zero_init.obj (.text:decompress:ZI)
                  00005c3a    0000000c     main.obj (.text:main)
                  00005c46    00000002     --HOLE-- [fill = 0]
                  00005c48    0000000c     sysbios.aem4f : BIOS.obj (.text:ti_sysbios_family_arm_lm4_Timer_getMaxTicks__E)
                  00005c54    00000004     --HOLE-- [fill = 0]
                  00005c58    0000000c                   : BIOS.obj (.text:ti_sysbios_family_arm_lm4_TimestampProvider_startTimer__E)
                  00005c64    00000004     --HOLE-- [fill = 0]
                  00005c68    0000000c                   : BIOS.obj (.text:ti_sysbios_family_arm_m3_Hwi_disableFxn__E)
                  00005c74    00000004     --HOLE-- [fill = 0]
                  00005c78    0000000c                   : BIOS.obj (.text:ti_sysbios_family_arm_m3_TaskSupport_checkStack__E)
                  00005c84    00000004     --HOLE-- [fill = 0]
                  00005c88    0000000c                   : BIOS.obj (.text:ti_sysbios_gates_GateHwi_enter__E)
                  00005c94    0000000c     empty_pem4f.oem4f (.text:ti_sysbios_knl_Queue_Object__get__S)
                  00005ca0    0000000c     ti.targets.arm.rtsarm.aem4f : Error.oem4f (.text:xdc_runtime_Error_init__E)
                  00005cac    0000000c                                 : Gate.oem4f (.text:xdc_runtime_Gate_enterSystem__E)
                  00005cb8    0000000c                                 : Memory.oem4f (.text:xdc_runtime_Memory_calloc__E)
                  00005cc4    0000000c                                 : Memory.oem4f (.text:xdc_runtime_Memory_getMaxDefaultTypeAlign__E)
                  00005cd0    0000000a     empty_pem4f.oem4f (.text:xdc_runtime_IHeap_alloc)
                  00005cda    0000000a     empty_pem4f.oem4f (.text:xdc_runtime_IHeap_free)
                  00005ce4    00000008     driverlib.lib : timer.obj (.text:TimerIntEnable)
                  00005cec    00000008     sysbios.aem4f : BIOS.obj (.text:ti_sysbios_family_arm_lm4_Timer_masterDisable__I)
                  00005cf4    00000004     --HOLE-- [fill = 0]
                  00005cf8    00000008                   : BIOS.obj (.text:ti_sysbios_family_arm_m3_Hwi_doSwiRestore__I)
                  00005d00    00000008                   : BIOS.obj (.text:ti_sysbios_family_arm_m3_Hwi_startup__E)
                  00005d08    00000006     driverlib.lib : gpio.obj (.text:GPIOPinWrite)
                  00005d0e    00000006                   : sysctl.obj (.text:SysCtlDelay)
                  00005d14    00000006     ti.targets.arm.rtsarm.aem4f : xdc_noinit.oem4f (.text:__xdc__init)
                  00005d1a    00000006     rtsv7M4_T_le_v4SPD16_eabi.lib : copy_decompress_rle.obj (.text:decompress:rle24)
                  00005d20    00000006     sysbios.aem4f : BIOS.obj (.text:ti_sysbios_family_arm_lm4_TimestampProvider_Module_startup__E)
                  00005d26    00000002     --HOLE-- [fill = 0]
                  00005d28    00000006                   : BIOS.obj (.text:ti_sysbios_family_arm_m3_Hwi_doTaskRestore__I)
                  00005d2e    00000002     --HOLE-- [fill = 0]
                  00005d30    00000006                   : BIOS.obj (.text:ti_sysbios_family_arm_m3_Hwi_restoreFxn__E)
                  00005d36    00000002     --HOLE-- [fill = 0]
                  00005d38    00000006                   : BIOS.obj (.text:ti_sysbios_gates_GateHwi_leave__E)
                  00005d3e    00000002     --HOLE-- [fill = 0]
                  00005d40    00000006                   : BIOS.obj (.text:ti_sysbios_heaps_HeapMem_isBlocking__E)
                  00005d46    00000002     --HOLE-- [fill = 0]
                  00005d48    00000006                   : BIOS.obj (.text:ti_sysbios_knl_Queue_Instance_init__E)
                  00005d4e    00000002     --HOLE-- [fill = 0]
                  00005d50    00000006                   : BIOS.obj (.text:ti_sysbios_knl_Swi_startup__E)
                  00005d56    00000006     ti.targets.arm.rtsarm.aem4f : System.oem4f (.text:xdc_runtime_System_Module_startup__E)
                  00005d5c    00000004     --HOLE-- [fill = 0]
                  00005d60    00000004     sysbios.aem4f : BIOS.obj (.text:ti_sysbios_family_arm_lm4_Timer_getPeriod__E)
                  00005d64    00000004     --HOLE-- [fill = 0]
                  00005d68    00000004                   : BIOS.obj (.text:ti_sysbios_gates_GateHwi_query__E)
                  00005d6c    00000004     --HOLE-- [fill = 0]
                  00005d70    00000004                   : BIOS.obj (.text:ti_sysbios_gates_GateMutex_query__E)
                  00005d74    00000004     --HOLE-- [fill = 0]
                  00005d78    00000004                   : BIOS.obj (.text:ti_sysbios_knl_Task_startup__E)
                  00005d7c    00000004     --HOLE-- [fill = 0]
                  00005d80    00000002                   : BIOS.obj (.text:ti_sysbios_gates_GateHwi_Instance_init__E)
                  00005d82    00000006     --HOLE-- [fill = 0]
                  00005d88    00000002                   : BIOS.obj (.text:ti_sysbios_knl_Clock_logTick__E)

.const     0    00005d8c    00002908     
                  00005d8c    00001fa1     empty_pem4f.oem4f (.const:xdc_runtime_Text_charTab__A)
                  00007d2d    00000001     empty_pem4f.oem4f (.const:xdc_runtime_Error_policy__C)
                  00007d2e    00000002     empty_pem4f.oem4f (.const:ti_catalog_arm_cortexm4_tiva_ce_Boot_Module__id__C)
                  00007d30    00000120     Boot.aem4f : Boot_sysctl.oem4f (.const:g_pppui32XTALtoVCO)
                  00007e50    00000120     driverlib.lib : sysctl.obj (.const:g_pppui32XTALtoVCO)
                  00007f70    00000100     empty_pem4f.oem4f (.const:xdc_runtime_Text_nodeTab__A)
                  00008070    0000006c     Boot.aem4f : Boot_sysctl.oem4f (.const:g_pui32Xtals)
                  000080dc    0000006c     driverlib.lib : sysctl.obj (.const:g_pui32Xtals)
                  00008148    00000060     empty_pem4f.oem4f (.const:ti_uia_loggers_LoggerStopMode_Module__FXNS__C)
                  000081a8    00000048     empty_pem4f.oem4f (.const:.string)
                  000081f0    00000030     Boot.aem4f : Boot_sysctl.oem4f (.const:g_sXTALtoMEMTIM)
                  00008220    00000030     driverlib.lib : sysctl.obj (.const:g_sXTALtoMEMTIM)
                  00008250    00000028     empty_pem4f.oem4f (.const:ti_sysbios_heaps_HeapMem_Module__FXNS__C)
                  00008278    00000028     empty_pem4f.oem4f (.const:ti_uia_loggers_LoggerStopMode_Object__PARAMS__C)
                  000082a0    00000028     empty_pem4f.oem4f (.const:xdc_runtime_Startup_sfxnTab__A)
                  000082c8    00000024     empty_pem4f.oem4f (.const:ti_sysbios_gates_GateHwi_Module__FXNS__C)
                  000082ec    00000024     empty_pem4f.oem4f (.const:ti_sysbios_gates_GateMutex_Module__FXNS__C)
                  00008310    00000024     empty_pem4f.oem4f (.const:ti_sysbios_heaps_HeapMem_Object__PARAMS__C)
                  00008334    00000024     empty_pem4f.oem4f (.const:ti_sysbios_knl_Semaphore_Object__PARAMS__C)
                  00008358    00000020     empty_pem4f.oem4f (.const:ti_sysbios_gates_GateHwi_Object__DESC__C)
                  00008378    00000020     empty_pem4f.oem4f (.const:ti_sysbios_gates_GateMutex_Object__DESC__C)
                  00008398    00000020     empty_pem4f.oem4f (.const:ti_sysbios_heaps_HeapMem_Object__DESC__C)
                  000083b8    00000020     empty_pem4f.oem4f (.const:ti_sysbios_knl_Queue_Object__DESC__C)
                  000083d8    00000020     empty_pem4f.oem4f (.const:ti_sysbios_knl_Semaphore_Object__DESC__C)
                  000083f8    00000020     empty_pem4f.oem4f (.const:ti_uia_loggers_LoggerStopMode_Object__DESC__C)
                  00008418    00000018     empty_pem4f.oem4f (.const:ti_sysbios_gates_GateHwi_Object__PARAMS__C)
                  00008430    00000018     empty_pem4f.oem4f (.const:ti_sysbios_gates_GateMutex_Object__PARAMS__C)
                  00008448    00000018     empty_pem4f.oem4f (.const:ti_sysbios_knl_Queue_Object__PARAMS__C)
                  00008460    00000014     empty_pem4f.oem4f (.const:xdc_runtime_Startup_firstFxns__A)
                  00008474    00000014     empty_pem4f.oem4f (.const:xdc_runtime_Startup_sfxnRts__A)
                  00008488    00000008     Boot.aem4f : Boot_sysctl.oem4f (.const)
                  00008490    00000008     driverlib.lib : sysctl.obj (.const)
                  00008498    00000008     empty_pem4f.oem4f (.const)
                  000084a0    00000008     empty_pem4f.oem4f (.const:ti_sysbios_family_arm_m3_Hwi_excHookFuncs__A)
                  000084a8    00000008     empty_pem4f.oem4f (.const:ti_sysbios_knl_Idle_funcList__A)
                  000084b0    00000008     empty_pem4f.oem4f (.const:ti_sysbios_knl_Idle_funcList__C)
                  000084b8    00000008     empty_pem4f.oem4f (.const:xdc_runtime_Startup_firstFxns__C)
                  000084c0    00000008     empty_pem4f.oem4f (.const:xdc_runtime_Startup_lastFxns__C)
                  000084c8    00000004     empty_pem4f.oem4f (.const:ti_catalog_arm_cortexm4_tiva_ce_Boot_A_mustNotUseEnhancedClockMode__C)
                  000084cc    00000004     empty_pem4f.oem4f (.const:ti_catalog_arm_cortexm4_tiva_ce_Boot_Module__diagsEnabled__C)
                  000084d0    00000004     empty_pem4f.oem4f (.const:ti_catalog_arm_cortexm4_tiva_ce_Boot_Module__diagsIncluded__C)
                  000084d4    00000004     empty_pem4f.oem4f (.const:ti_catalog_arm_cortexm4_tiva_ce_Boot_Module__diagsMask__C)
                  000084d8    00000004     empty_pem4f.oem4f (.const:ti_sysbios_family_arm_lm4_Timer_enableFunc__C)
                  000084dc    00000004     empty_pem4f.oem4f (.const:ti_sysbios_family_arm_lm4_Timer_numTimerDevices__C)
                  000084e0    00000004     empty_pem4f.oem4f (.const:ti_sysbios_family_arm_lm4_Timer_startupNeeded__C)
                  000084e4    00000004     empty_pem4f.oem4f (.const:ti_sysbios_family_arm_m3_Hwi_E_NMI__C)
                  000084e8    00000004     empty_pem4f.oem4f (.const:ti_sysbios_family_arm_m3_Hwi_E_busFault__C)
                  000084ec    00000004     empty_pem4f.oem4f (.const:ti_sysbios_family_arm_m3_Hwi_E_debugMon__C)
                  000084f0    00000004     empty_pem4f.oem4f (.const:ti_sysbios_family_arm_m3_Hwi_E_hardFault__C)
                  000084f4    00000004     empty_pem4f.oem4f (.const:ti_sysbios_family_arm_m3_Hwi_E_memFault__C)
                  000084f8    00000004     empty_pem4f.oem4f (.const:ti_sysbios_family_arm_m3_Hwi_E_noIsr__C)
                  000084fc    00000004     empty_pem4f.oem4f (.const:ti_sysbios_family_arm_m3_Hwi_E_reserved__C)
                  00008500    00000004     empty_pem4f.oem4f (.const:ti_sysbios_family_arm_m3_Hwi_E_svCall__C)
                  00008504    00000004     empty_pem4f.oem4f (.const:ti_sysbios_family_arm_m3_Hwi_E_usageFault__C)
                  00008508    00000004     empty_pem4f.oem4f (.const:ti_sysbios_family_arm_m3_Hwi_NUM_INTERRUPTS__C)
                  0000850c    00000004     empty_pem4f.oem4f (.const:ti_sysbios_family_arm_m3_Hwi_Object__count__C)
                  00008510    00000004     empty_pem4f.oem4f (.const:ti_sysbios_family_arm_m3_Hwi_ccr__C)
                  00008514    00000004     empty_pem4f.oem4f (.const:ti_sysbios_family_arm_m3_Hwi_excHandlerFunc__C)
                  00008518    00000004     empty_pem4f.oem4f (.const:ti_sysbios_family_arm_m3_Hwi_excHookFuncs__C)
                  0000851c    00000004     empty_pem4f.oem4f (.const:ti_sysbios_family_arm_m3_Hwi_nullIsrFunc__C)
                  00008520    00000004     empty_pem4f.oem4f (.const:ti_sysbios_family_arm_m3_Hwi_priGroup__C)
                  00008524    00000004     empty_pem4f.oem4f (.const:ti_sysbios_gates_GateMutex_A_badContext__C)
                  00008528    00000004     empty_pem4f.oem4f (.const:ti_sysbios_gates_GateMutex_Instance_State_sem__O)
                  0000852c    00000004     empty_pem4f.oem4f (.const:ti_sysbios_gates_GateMutex_Module__diagsEnabled__C)
                  00008530    00000004     empty_pem4f.oem4f (.const:ti_sysbios_gates_GateMutex_Module__diagsIncluded__C)
                  00008534    00000004     empty_pem4f.oem4f (.const:ti_sysbios_gates_GateMutex_Module__diagsMask__C)
                  00008538    00000004     empty_pem4f.oem4f (.const:ti_sysbios_hal_Hwi_E_stackOverflow__C)
                  0000853c    00000004     empty_pem4f.oem4f (.const:ti_sysbios_heaps_HeapMem_A_align__C)
                  00008540    00000004     empty_pem4f.oem4f (.const:ti_sysbios_heaps_HeapMem_A_heapSize__C)
                  00008544    00000004     empty_pem4f.oem4f (.const:ti_sysbios_heaps_HeapMem_A_invalidFree__C)
                  00008548    00000004     empty_pem4f.oem4f (.const:ti_sysbios_heaps_HeapMem_A_zeroBlock__C)
                  0000854c    00000004     empty_pem4f.oem4f (.const:ti_sysbios_heaps_HeapMem_E_memory__C)
                  00008550    00000004     empty_pem4f.oem4f (.const:ti_sysbios_heaps_HeapMem_Module__diagsEnabled__C)
                  00008554    00000004     empty_pem4f.oem4f (.const:ti_sysbios_heaps_HeapMem_Module__diagsIncluded__C)
                  00008558    00000004     empty_pem4f.oem4f (.const:ti_sysbios_heaps_HeapMem_Module__diagsMask__C)
                  0000855c    00000004     empty_pem4f.oem4f (.const:ti_sysbios_heaps_HeapMem_Module__gateObj__C)
                  00008560    00000004     empty_pem4f.oem4f (.const:ti_sysbios_heaps_HeapMem_Object__count__C)
                  00008564    00000004     empty_pem4f.oem4f (.const:ti_sysbios_heaps_HeapMem_reqAlign__C)
                  00008568    00000004     empty_pem4f.oem4f (.const:ti_sysbios_knl_Clock_Module_State_clockQ__O)
                  0000856c    00000004     empty_pem4f.oem4f (.const:ti_sysbios_knl_Semaphore_A_badContext__C)
                  00008570    00000004     empty_pem4f.oem4f (.const:ti_sysbios_knl_Semaphore_A_noEvents__C)
                  00008574    00000004     empty_pem4f.oem4f (.const:ti_sysbios_knl_Semaphore_A_overflow__C)
                  00008578    00000004     empty_pem4f.oem4f (.const:ti_sysbios_knl_Semaphore_A_pendTaskDisabled__C)
                  0000857c    00000004     empty_pem4f.oem4f (.const:ti_sysbios_knl_Semaphore_Instance_State_pendQ__O)
                  00008580    00000004     empty_pem4f.oem4f (.const:ti_sysbios_knl_Semaphore_Module__diagsEnabled__C)
                  00008584    00000004     empty_pem4f.oem4f (.const:ti_sysbios_knl_Semaphore_Module__diagsIncluded__C)
                  00008588    00000004     empty_pem4f.oem4f (.const:ti_sysbios_knl_Semaphore_Module__diagsMask__C)
                  0000858c    00000004     empty_pem4f.oem4f (.const:ti_sysbios_knl_Swi_Object__count__C)
                  00008590    00000004     empty_pem4f.oem4f (.const:ti_sysbios_knl_Task_E_spOutOfBounds__C)
                  00008594    00000004     empty_pem4f.oem4f (.const:ti_sysbios_knl_Task_E_stackOverflow__C)
                  00008598    00000004     empty_pem4f.oem4f (.const:ti_sysbios_knl_Task_Module_State_inactiveQ__O)
                  0000859c    00000004     empty_pem4f.oem4f (.const:ti_sysbios_knl_Task_Object__count__C)
                  000085a0    00000004     empty_pem4f.oem4f (.const:ti_sysbios_knl_Task_allBlockedFunc__C)
                  000085a4    00000004     empty_pem4f.oem4f (.const:ti_sysbios_knl_Task_numConstructedTasks__C)
                  000085a8    00000004     empty_pem4f.oem4f (.const:ti_sysbios_utils_Load_Module__diagsEnabled__C)
                  000085ac    00000004     empty_pem4f.oem4f (.const:ti_sysbios_utils_Load_Module__diagsIncluded__C)
                  000085b0    00000004     empty_pem4f.oem4f (.const:ti_sysbios_utils_Load_Module__diagsMask__C)
                  000085b4    00000004     empty_pem4f.oem4f (.const:ti_sysbios_utils_Load_postUpdate__C)
                  000085b8    00000004     empty_pem4f.oem4f (.const:ti_sysbios_utils_Load_windowInMs__C)
                  000085bc    00000004     empty_pem4f.oem4f (.const:ti_uia_loggers_LoggerStopMode_Module__diagsEnabled__C)
                  000085c0    00000004     empty_pem4f.oem4f (.const:ti_uia_loggers_LoggerStopMode_Module__diagsIncluded__C)
                  000085c4    00000004     empty_pem4f.oem4f (.const:ti_uia_loggers_LoggerStopMode_Module__diagsMask__C)
                  000085c8    00000004     empty_pem4f.oem4f (.const:ti_uia_loggers_LoggerStopMode_Object__count__C)
                  000085cc    00000004     empty_pem4f.oem4f (.const:ti_uia_runtime_ILoggerSnapshot_Interface__BASE__C)
                  000085d0    00000004     empty_pem4f.oem4f (.const:ti_uia_runtime_IUIATransfer_Interface__BASE__C)
                  000085d4    00000004     empty_pem4f.oem4f (.const:xdc_runtime_Assert_E_assertFailed__C)
                  000085d8    00000004     empty_pem4f.oem4f (.const:xdc_runtime_Core_A_initializedParams__C)
                  000085dc    00000004     empty_pem4f.oem4f (.const:xdc_runtime_Core_Module__diagsEnabled__C)
                  000085e0    00000004     empty_pem4f.oem4f (.const:xdc_runtime_Core_Module__diagsIncluded__C)
                  000085e4    00000004     empty_pem4f.oem4f (.const:xdc_runtime_Core_Module__diagsMask__C)
                  000085e8    00000004     empty_pem4f.oem4f (.const:xdc_runtime_Error_E_memory__C)
                  000085ec    00000004     empty_pem4f.oem4f (.const:xdc_runtime_Error_Module__diagsEnabled__C)
                  000085f0    00000004     empty_pem4f.oem4f (.const:xdc_runtime_Error_Module__diagsIncluded__C)
                  000085f4    00000004     empty_pem4f.oem4f (.const:xdc_runtime_Error_Module__diagsMask__C)
                  000085f8    00000004     empty_pem4f.oem4f (.const:xdc_runtime_Error_Module__loggerFxn8__C)
                  000085fc    00000004     empty_pem4f.oem4f (.const:xdc_runtime_Error_Module__loggerObj__C)
                  00008600    00000004     empty_pem4f.oem4f (.const:xdc_runtime_Error_policyFxn__C)
                  00008604    00000004     empty_pem4f.oem4f (.const:xdc_runtime_Error_raiseHook__C)
                  00008608    00000004     empty_pem4f.oem4f (.const:xdc_runtime_IFilterLogger_Interface__BASE__C)
                  0000860c    00000004     empty_pem4f.oem4f (.const:xdc_runtime_IGateProvider_Interface__BASE__C)
                  00008610    00000004     empty_pem4f.oem4f (.const:xdc_runtime_IHeap_Interface__BASE__C)
                  00008614    00000004     empty_pem4f.oem4f (.const:xdc_runtime_ILogger_Interface__BASE__C)
                  00008618    00000004     empty_pem4f.oem4f (.const:xdc_runtime_IModule_Interface__BASE__C)
                  0000861c    00000004     empty_pem4f.oem4f (.const:xdc_runtime_Log_L_error__C)
                  00008620    00000004     empty_pem4f.oem4f (.const:xdc_runtime_Memory_defaultHeapInstance__C)
                  00008624    00000004     empty_pem4f.oem4f (.const:xdc_runtime_Startup_execImpl__C)
                  00008628    00000004     empty_pem4f.oem4f (.const:xdc_runtime_Startup_lastFxns__A)
                  0000862c    00000004     empty_pem4f.oem4f (.const:xdc_runtime_Startup_maxPasses__C)
                  00008630    00000004     empty_pem4f.oem4f (.const:xdc_runtime_Startup_sfxnRts__C)
                  00008634    00000004     empty_pem4f.oem4f (.const:xdc_runtime_Startup_sfxnTab__C)
                  00008638    00000004     empty_pem4f.oem4f (.const:xdc_runtime_SysMin_bufSize__C)
                  0000863c    00000004     empty_pem4f.oem4f (.const:xdc_runtime_SysMin_outputFunc__C)
                  00008640    00000004     empty_pem4f.oem4f (.const:xdc_runtime_System_Module__gateObj__C)
                  00008644    00000004     empty_pem4f.oem4f (.const:xdc_runtime_System_abortFxn__C)
                  00008648    00000004     empty_pem4f.oem4f (.const:xdc_runtime_System_exitFxn__C)
                  0000864c    00000004     empty_pem4f.oem4f (.const:xdc_runtime_System_extendFxn__C)
                  00008650    00000004     empty_pem4f.oem4f (.const:xdc_runtime_System_maxAtexitHandlers__C)
                  00008654    00000004     empty_pem4f.oem4f (.const:xdc_runtime_Text_charTab__C)
                  00008658    00000004     empty_pem4f.oem4f (.const:xdc_runtime_Text_nameEmpty__C)
                  0000865c    00000004     empty_pem4f.oem4f (.const:xdc_runtime_Text_nameStatic__C)
                  00008660    00000004     empty_pem4f.oem4f (.const:xdc_runtime_Text_nameUnknown__C)
                  00008664    00000004     empty_pem4f.oem4f (.const:xdc_runtime_Text_nodeTab__C)
                  00008668    00000004     empty_pem4f.oem4f (.const:xdc_runtime_Text_visitRopeFxn__C)
                  0000866c    00000002     empty_pem4f.oem4f (.const:ti_sysbios_family_arm_lm4_TimestampProvider_useClockTimer__C)
                  0000866e    00000002     empty_pem4f.oem4f (.const:ti_sysbios_family_arm_m3_Hwi_Module__id__C)
                  00008670    00000002     empty_pem4f.oem4f (.const:ti_sysbios_gates_GateMutex_Module__id__C)
                  00008672    00000002     empty_pem4f.oem4f (.const:ti_sysbios_hal_Hwi_Module__id__C)
                  00008674    00000002     empty_pem4f.oem4f (.const:ti_sysbios_heaps_HeapMem_Module__id__C)
                  00008676    00000002     empty_pem4f.oem4f (.const:ti_sysbios_knl_Semaphore_Module__id__C)
                  00008678    00000002     empty_pem4f.oem4f (.const:ti_sysbios_knl_Task_Module__id__C)
                  0000867a    00000002     empty_pem4f.oem4f (.const:ti_sysbios_utils_Load_Module__id__C)
                  0000867c    00000002     empty_pem4f.oem4f (.const:ti_sysbios_utils_Load_updateInIdle__C)
                  0000867e    00000002     empty_pem4f.oem4f (.const:ti_uia_loggers_LoggerStopMode_Module__id__C)
                  00008680    00000002     empty_pem4f.oem4f (.const:ti_uia_loggers_LoggerStopMode_isTimestampEnabled__C)
                  00008682    00000002     empty_pem4f.oem4f (.const:xdc_runtime_Core_Module__id__C)
                  00008684    00000002     empty_pem4f.oem4f (.const:xdc_runtime_Error_Module__loggerDefined__C)
                  00008686    00000002     empty_pem4f.oem4f (.const:xdc_runtime_Error_maxDepth__C)
                  00008688    00000002     empty_pem4f.oem4f (.const:xdc_runtime_Memory_Module__id__C)
                  0000868a    00000002     empty_pem4f.oem4f (.const:xdc_runtime_SysMin_flushAtExit__C)
                  0000868c    00000002     empty_pem4f.oem4f (.const:xdc_runtime_Text_charCnt__C)
                  0000868e    00000002     empty_pem4f.oem4f (.const:xdc_runtime_Text_isLoaded__C)
                  00008690    00000002     empty_pem4f.oem4f (.const:xdc_runtime_Text_registryModsLastId__C)
                  00008692    00000002     empty_pem4f.oem4f (.const:xdc_runtime_Text_unnamedModsLastId__C)

.cinit     0    00008698    00000478     
                  00008698    00000443     (.cinit..data.load) [load image, compression = rle]
                  00008adb    00000001     --HOLE-- [fill = 0]
                  00008adc    0000000c     (__TI_handler_table)
                  00008ae8    00000008     (.cinit..bss.load) [load image, compression = zero_init]
                  00008af0    00000008     (.cinit..vecs.load) [load image, compression = zero_init]
                  00008af8    00000018     (__TI_cinit_table)

.init_array 
*          0    00000000    00000000     UNINITIALIZED

.resetVecs 
*          0    00000000    0000003c     
                  00000000    0000003c     empty_pem4f.oem4f (.resetVecs)

.vecs      0    20000000    00000360     UNINITIALIZED
                  20000000    00000360     empty_pem4f.oem4f (.vecs)

.bss       0    20000380    000016b0     UNINITIALIZED
                  20000380    00000400     empty_pem4f.oem4f (.bss:ti_sysbios_heaps_HeapMem_Instance_State_0_buf__A)
                  20000780    00000400     empty_pem4f.oem4f (.bss:ti_uia_loggers_LoggerStopMode_Instance_State_1_packetArray__A)
                  20000b80    00000400     empty_pem4f.oem4f (.bss:ti_uia_loggers_LoggerStopMode_Instance_State_2_packetArray__A)
                  20000f80    00000360     empty_pem4f.oem4f (.bss:ti_sysbios_family_arm_m3_Hwi_dispatchTable)
                  200012e0    00000200     empty_pem4f.oem4f (.bss:taskStackSection)
                  200014e0    00000008     (.common:parmbuf)
                  200014e8    00000018     --HOLE--
                  20001500    00000200     empty_pem4f.oem4f (.bss:ti_uia_loggers_LoggerStopMode_Instance_State_0_packetArray__A)
                  20001700    00000120     rtsv7M4_T_le_v4SPD16_eabi.lib : trgmsg.obj (.bss:__CIOBUF_)
                  20001820    00000080     empty_pem4f.oem4f (.bss:xdc_runtime_SysMin_Module_State_0_outbuf__A)
                  200018a0    00000060     --HOLE--
                  20001900    00000030     empty_pem4f.oem4f (.bss:ti_uia_loggers_LoggerStopMode_Instance_State_0_hdr__A)
                  20001930    00000050     --HOLE--
                  20001980    00000030     empty_pem4f.oem4f (.bss:ti_uia_loggers_LoggerStopMode_Instance_State_1_hdr__A)
                  200019b0    00000050     --HOLE--
                  20001a00    00000030     empty_pem4f.oem4f (.bss:ti_uia_loggers_LoggerStopMode_Instance_State_2_hdr__A)

.data      0    20001a30    00000677     UNINITIALIZED
                  20001a30    00000170     empty_pem4f.oem4f (.data)
                  20001ba0    0000009c     empty_pem4f.oem4f (.data:ti_uia_loggers_LoggerStopMode_Object__table__V)
                  20001c3c    00000098     empty_pem4f.oem4f (.data:ti_sysbios_utils_Load_Module__state__V)
                  20001cd4    00000080     empty_pem4f.oem4f (.data:ti_sysbios_family_arm_lm4_Timer_Object__table__V)
                  20001d54    00000080     empty_pem4f.oem4f (.data:ti_sysbios_knl_Swi_Module_State_0_readyQ__A)
                  20001dd4    00000080     empty_pem4f.oem4f (.data:ti_sysbios_knl_Task_Module_State_0_readyQ__A)
                  20001e54    00000060     empty_pem4f.oem4f (.data:ti_sysbios_knl_Swi_Object__table__V)
                  20001eb4    0000004c     empty_pem4f.oem4f (.data:ti_sysbios_knl_Task_Object__table__V)
                  20001f00    00000048     empty_pem4f.oem4f (.data:ti_sysbios_family_arm_m3_Hwi_Object__table__V)
                  20001f48    00000044     empty_pem4f.oem4f (.data:ti_sysbios_knl_Task_Module__state__V)
                  20001f8c    00000040     empty_pem4f.oem4f (.data:ti_sysbios_family_arm_lm4_Timer_Module_State_0_device__A)
                  20001fcc    00000038     empty_pem4f.oem4f (.data:ti_sysbios_gates_GateMutex_Object__table__V)
                  20002004    00000034     empty_pem4f.oem4f (.data:ti_sysbios_family_arm_m3_Hwi_Module__state__V)
                  20002038    0000002c     empty_pem4f.oem4f (.data:ti_sysbios_knl_Clock_Module__state__V)
                  20002064    00000024     empty_pem4f.oem4f (.data:ti_sysbios_BIOS_Module__state__V)
                  20002088    00000008     rtsv7M4_T_le_v4SPD16_eabi.lib : _lock.obj (.data)
                  20002090    00000008                                   : exit.obj (.data)
                  20002098    00000008     ti.uia.runtime.aem4f : QueueDescriptor.oem4f (.data)
                  200020a0    00000004     rtsv7M4_T_le_v4SPD16_eabi.lib : stkdepth_vars.obj (.data)
                  200020a4    00000003     main.obj (.data)

.stack     0    200020a8    00000300     UNINITIALIZED
                  200020a8    00000300     --HOLE--

.bootVecs 
*          0    00000000    00000008     DSECT
                  00000000    00000008     boot.aem4f : boot.oem4f (.bootVecs)

xdc.meta   0    00000000    000000dc     COPY SECTION
                  00000000    000000dc     empty_pem4f.oem4f (xdc.meta)

.TI.noinit 
*          0    20000380    00000000     UNINITIALIZED

.TI.persistent 
*          0    20001a30    00000000     UNINITIALIZED


LINKER GENERATED COPY TABLES

__TI_cinit_table @ 00008af8 records: 3, size/record: 8, table size: 24
	.data: load addr=00008698, load size=00000443 bytes, run addr=20001a30, run size=00000677 bytes, compression=rle
	.bss: load addr=00008ae8, load size=00000008 bytes, run addr=20000380, run size=000016b0 bytes, compression=zero_init
	.vecs: load addr=00008af0, load size=00000008 bytes, run addr=20000000, run size=00000360 bytes, compression=zero_init


LINKER GENERATED HANDLER TABLE

__TI_handler_table @ 00008adc records: 3, size/record: 4, table size: 12
	index: 0, handler: __TI_decompress_rle24
	index: 1, handler: __TI_decompress_none
	index: 2, handler: __TI_zero_init


GLOBAL SYMBOLS: SORTED ALPHABETICALLY BY Name 

address   name                                                                 
-------   ----                                                                 
000049e1  C$$EXIT                                                              
00003f57  C$$IO$$                                                              
000052c9  GPIODirModeSet                                                       
00001fed  GPIOPadConfigSet                                                     
000058cb  GPIOPinTypeGPIOOutput                                                
00005d09  GPIOPinWrite                                                         
00000a49  HOSTclock                                                            
00000a11  HOSTclose                                                            
000009d3  HOSTgetenv                                                           
00000977  HOSTlseek                                                            
00000925  HOSTopen                                                             
000008d9  HOSTread                                                             
0000087b  HOSTrename                                                           
00000841  HOSTtime                                                             
00000809  HOSTunlink                                                           
000007bd  HOSTwrite                                                            
0000849c  LEDSwi                                                               
UNDEFED   SHT$$INIT_ARRAY$$Base                                                
UNDEFED   SHT$$INIT_ARRAY$$Limit                                               
000011c9  SysCtlClockFreqSet                                                   
00002235  SysCtlClockGet                                                       
00005d0f  SysCtlDelay                                                          
00004e31  SysCtlPeripheralEnable                                               
0000412d  TimerConfigure                                                       
00005bf1  TimerEnable                                                          
00000f7d  TimerIntClear                                                        
00005ce5  TimerIntEnable                                                       
00005a95  TimerLoadSet                                                         
000056a5  Timer_ISR                                                            
00000000  __ASM__                                                              
20001700  __CIOBUF_                                                            
0000005a  __ISA__                                                              
0000006d  __PLAT__                                                             
200023a8  __STACK_END                                                          
00000300  __STACK_SIZE                                                         
0000008e  __TARG__                                                             
00008af8  __TI_CINIT_Base                                                      
00008b10  __TI_CINIT_Limit                                                     
00008adc  __TI_Handler_Table_Base                                              
00008ae8  __TI_Handler_Table_Limit                                             
000033b5  __TI_auto_init                                                       
20002090  __TI_cleanup_ptr                                                     
00005bff  __TI_decompress_none                                                 
00005d1b  __TI_decompress_rle24                                                
20002094  __TI_dtors_ptr                                                       
00003f5b  __TI_readmsg                                                         
00008698  __TI_static_base__                                                   
00003f29  __TI_writemsg                                                        
00005c2f  __TI_zero_init                                                       
000000b4  __TRDR__                                                             
00003767  __aeabi_idiv0                                                        
00003acd  __aeabi_memclr                                                       
00003acd  __aeabi_memclr4                                                      
00003acd  __aeabi_memclr8                                                      
000034f5  __aeabi_memcpy                                                       
000034f5  __aeabi_memcpy4                                                      
000034f5  __aeabi_memcpy8                                                      
00003acf  __aeabi_memset                                                       
00003acf  __aeabi_memset4                                                      
00003acf  __aeabi_memset8                                                      
00004c0d  __aeabi_uidiv                                                        
00004c0d  __aeabi_uidivmod                                                     
ffffffff  __binit__                                                            
ffffffff  __c_args__                                                           
200020a8  __stack                                                              
00005d15  __xdc__init                                                          
20001b9c  __xdc__init__addr                                                    
000058e5  _args_main                                                           
000043c9  _c_int00                                                             
20002088  _lock                                                                
00005a13  _nop                                                                 
00005a0b  _register_lock                                                       
00005a05  _register_unlock                                                     
2000208c  _unlock                                                              
000049e5  abort                                                                
ffffffff  binit                                                                
000046ad  copy_in                                                              
000049ed  exit                                                                 
00003c2d  hardware_init                                                        
00008498  hwi0                                                                 
200020a4  i16ToggleCount                                                       
00004661  ledToggle                                                            
00005c3b  main                                                                 
200020a0  main_func_sp                                                         
000034f5  memcpy                                                               
00003ad5  memset                                                               
00005a19  strcpy                                                               
00005a2d  strlen                                                               
000084c8  ti_catalog_arm_cortexm4_tiva_ce_Boot_A_mustNotUseEnhancedClockMode__C
000084cc  ti_catalog_arm_cortexm4_tiva_ce_Boot_Module__diagsEnabled__C         
000084d0  ti_catalog_arm_cortexm4_tiva_ce_Boot_Module__diagsIncluded__C        
000084d4  ti_catalog_arm_cortexm4_tiva_ce_Boot_Module__diagsMask__C            
00007d2e  ti_catalog_arm_cortexm4_tiva_ce_Boot_Module__id__C                   
00005acd  ti_catalog_arm_cortexm4_tiva_ce_Boot_init__I                         
000013cd  ti_catalog_arm_cortexm4_tiva_ce_Boot_sysCtlClockFreqSetI__I          
00003769  ti_catalog_arm_cortexm4_tiva_ce_Boot_sysCtlClockFreqSet__E           
20002064  ti_sysbios_BIOS_Module__state__V                                     
00005815  ti_sysbios_BIOS_RtsGateProxy_Handle__label__S                        
00005429  ti_sysbios_BIOS_RtsGateProxy_Object__delete__S                       
000017cd  ti_sysbios_BIOS_RtsGateProxy_enter__E                                
0000194d  ti_sysbios_BIOS_RtsGateProxy_leave__E                                
00005d71  ti_sysbios_BIOS_RtsGateProxy_query__E                                
00004fa5  ti_sysbios_BIOS_atExitFunc__I                                        
00005669  ti_sysbios_BIOS_errorRaiseHook__I                                    
000059c1  ti_sysbios_BIOS_exitFunc__I                                          
00005ae1  ti_sysbios_BIOS_getCpuFreq__E                                        
00003b47  ti_sysbios_BIOS_nullFunc__I                                          
000053bd  ti_sysbios_BIOS_registerRTSLock__I                                   
000053e1  ti_sysbios_BIOS_removeRTSLock__I                                     
00005525  ti_sysbios_BIOS_rtsLock__I                                           
000058fd  ti_sysbios_BIOS_rtsUnlock__I                                         
00005af1  ti_sysbios_BIOS_setThreadType__E                                     
00005405  ti_sysbios_BIOS_startFunc__I                                         
00005b01  ti_sysbios_BIOS_start__E                                             
20001f8c  ti_sysbios_family_arm_lm4_Timer_Module_State_0_device__A             
20001a58  ti_sysbios_family_arm_lm4_Timer_Module_State_0_handles__A            
20001a50  ti_sysbios_family_arm_lm4_Timer_Module__root__V                      
00005915  ti_sysbios_family_arm_lm4_Timer_Module__startupDone__F               
00005915  ti_sysbios_family_arm_lm4_Timer_Module__startupDone__S               
20001a78  ti_sysbios_family_arm_lm4_Timer_Module__state__V                     
00004061  ti_sysbios_family_arm_lm4_Timer_Module_startup__E                    
20001cd4  ti_sysbios_family_arm_lm4_Timer_Object__table__V                     
000084d8  ti_sysbios_family_arm_lm4_Timer_enableFunc__C                        
00004879  ti_sysbios_family_arm_lm4_Timer_enableTimers__I                      
00003309  ti_sysbios_family_arm_lm4_Timer_enableTiva__I                        
00005c49  ti_sysbios_family_arm_lm4_Timer_getMaxTicks__E                       
00005d61  ti_sysbios_family_arm_lm4_Timer_getPeriod__E                         
00004479  ti_sysbios_family_arm_lm4_Timer_initDevice__I                        
00004a29  ti_sysbios_family_arm_lm4_Timer_isrStub__E                           
00005ced  ti_sysbios_family_arm_lm4_Timer_masterDisable__I                     
00001ac5  ti_sysbios_family_arm_lm4_Timer_masterEnable__I                      
000084dc  ti_sysbios_family_arm_lm4_Timer_numTimerDevices__C                   
00002451  ti_sysbios_family_arm_lm4_Timer_start__E                             
000084e0  ti_sysbios_family_arm_lm4_Timer_startupNeeded__C                     
00004c51  ti_sysbios_family_arm_lm4_Timer_startup__E                           
00004fd9  ti_sysbios_family_arm_lm4_Timer_stop__E                              
000054c1  ti_sysbios_family_arm_lm4_Timer_write__I                             
20001a84  ti_sysbios_family_arm_lm4_TimestampProvider_Module__state__V         
00005d21  ti_sysbios_family_arm_lm4_TimestampProvider_Module_startup__E        
00002ce9  ti_sysbios_family_arm_lm4_TimestampProvider_get32__E                 
000017d1  ti_sysbios_family_arm_lm4_TimestampProvider_get64__E                 
00005ae1  ti_sysbios_family_arm_lm4_TimestampProvider_getFreq__E               
00005b11  ti_sysbios_family_arm_lm4_TimestampProvider_rolloverFunc__E          
00005c59  ti_sysbios_family_arm_lm4_TimestampProvider_startTimer__E            
0000866c  ti_sysbios_family_arm_lm4_TimestampProvider_useClockTimer__C         
000084e4  ti_sysbios_family_arm_m3_Hwi_E_NMI__C                                
000084e8  ti_sysbios_family_arm_m3_Hwi_E_busFault__C                           
000084ec  ti_sysbios_family_arm_m3_Hwi_E_debugMon__C                           
000084f0  ti_sysbios_family_arm_m3_Hwi_E_hardFault__C                          
000084f4  ti_sysbios_family_arm_m3_Hwi_E_memFault__C                           
000084f8  ti_sysbios_family_arm_m3_Hwi_E_noIsr__C                              
000084fc  ti_sysbios_family_arm_m3_Hwi_E_reserved__C                           
00008500  ti_sysbios_family_arm_m3_Hwi_E_svCall__C                             
00008504  ti_sysbios_family_arm_m3_Hwi_E_usageFault__C                         
000057e1  ti_sysbios_family_arm_m3_Hwi_Handle__label__S                        
20001a94  ti_sysbios_family_arm_m3_Hwi_Module_State_0_excActive__A             
20001a98  ti_sysbios_family_arm_m3_Hwi_Module_State_0_excContext__A            
20001a9c  ti_sysbios_family_arm_m3_Hwi_Module_State_0_excStack__A              
0000866e  ti_sysbios_family_arm_m3_Hwi_Module__id__C                           
20001a8c  ti_sysbios_family_arm_m3_Hwi_Module__root__V                         
0000592d  ti_sysbios_family_arm_m3_Hwi_Module__startupDone__F                  
0000592d  ti_sysbios_family_arm_m3_Hwi_Module__startupDone__S                  
20002004  ti_sysbios_family_arm_m3_Hwi_Module__state__V                        
00004571  ti_sysbios_family_arm_m3_Hwi_Module_startup__E                       
00008508  ti_sysbios_family_arm_m3_Hwi_NUM_INTERRUPTS__C                       
0000850c  ti_sysbios_family_arm_m3_Hwi_Object__count__C                        
00005a41  ti_sysbios_family_arm_m3_Hwi_Object__get__S                          
20001f00  ti_sysbios_family_arm_m3_Hwi_Object__table__V                        
00008510  ti_sysbios_family_arm_m3_Hwi_ccr__C                                  
00005c69  ti_sysbios_family_arm_m3_Hwi_disableFxn__E                           
000048c1  ti_sysbios_family_arm_m3_Hwi_disableInterrupt__E                     
000040c9  ti_sysbios_family_arm_m3_Hwi_dispatchC__I                            
20000f80  ti_sysbios_family_arm_m3_Hwi_dispatchTable                           
00002849  ti_sysbios_family_arm_m3_Hwi_dispatch__I                             
00005cf9  ti_sysbios_family_arm_m3_Hwi_doSwiRestore__I                         
00005d29  ti_sysbios_family_arm_m3_Hwi_doTaskRestore__I                        
00004909  ti_sysbios_family_arm_m3_Hwi_enableInterrupt__E                      
00001951  ti_sysbios_family_arm_m3_Hwi_excBusFault__I                          
00002f69  ti_sysbios_family_arm_m3_Hwi_excDebugMon__I                          
00000041  ti_sysbios_family_arm_m3_Hwi_excDumpRegs__I                          
00005545  ti_sysbios_family_arm_m3_Hwi_excHandlerAsm__I                        
00008514  ti_sysbios_family_arm_m3_Hwi_excHandlerFunc__C                       
000015d1  ti_sysbios_family_arm_m3_Hwi_excHandlerMax__I                        
00005569  ti_sysbios_family_arm_m3_Hwi_excHandler__I                           
00003029  ti_sysbios_family_arm_m3_Hwi_excHardFault__I                         
000084a0  ti_sysbios_family_arm_m3_Hwi_excHookFuncs__A                         
00008518  ti_sysbios_family_arm_m3_Hwi_excHookFuncs__C                         
00001c31  ti_sysbios_family_arm_m3_Hwi_excMemFault__I                          
00004e69  ti_sysbios_family_arm_m3_Hwi_excNmi__I                               
00004d51  ti_sysbios_family_arm_m3_Hwi_excNoIsr__I                             
00004951  ti_sysbios_family_arm_m3_Hwi_excReserved__I                          
00004c91  ti_sysbios_family_arm_m3_Hwi_excSvCall__I                            
00001ac9  ti_sysbios_family_arm_m3_Hwi_excUsageFault__I                        
00004a71  ti_sysbios_family_arm_m3_Hwi_getStackInfo__E                         
00003801  ti_sysbios_family_arm_m3_Hwi_initNVIC__E                             
00004421  ti_sysbios_family_arm_m3_Hwi_initStacks__E                           
0000851c  ti_sysbios_family_arm_m3_Hwi_nullIsrFunc__C                          
e000e000  ti_sysbios_family_arm_m3_Hwi_nvic                                    
00005371  ti_sysbios_family_arm_m3_Hwi_pendSV__I                               
00003a49  ti_sysbios_family_arm_m3_Hwi_postInit__I                             
00008520  ti_sysbios_family_arm_m3_Hwi_priGroup__C                             
20000000  ti_sysbios_family_arm_m3_Hwi_ramVectors                              
00000000  ti_sysbios_family_arm_m3_Hwi_resetVectors                            
00005d31  ti_sysbios_family_arm_m3_Hwi_restoreFxn__E                           
00005395  ti_sysbios_family_arm_m3_Hwi_return                                  
00005d01  ti_sysbios_family_arm_m3_Hwi_startup__E                              
00005a59  ti_sysbios_family_arm_m3_Hwi_switchFromBootStack__E                  
00001c2d  ti_sysbios_family_arm_m3_TaskSupport_Module__startupDone__S          
000039bd  ti_sysbios_family_arm_m3_TaskSupport_buildTaskStack                  
00005c79  ti_sysbios_family_arm_m3_TaskSupport_checkStack__E                   
00005b21  ti_sysbios_family_arm_m3_TaskSupport_glue                            
00005009  ti_sysbios_family_arm_m3_TaskSupport_start__E                        
00005945  ti_sysbios_family_arm_m3_TaskSupport_swap__E                         
00005687  ti_sysbios_family_xxx_Hwi_switchAndRunFunc                           
000057fb  ti_sysbios_gates_GateHwi_Handle__label__S                            
00005d81  ti_sysbios_gates_GateHwi_Instance_init__E                            
000082c8  ti_sysbios_gates_GateHwi_Module__FXNS__C                             
20001aa0  ti_sysbios_gates_GateHwi_Module__root__V                             
00008358  ti_sysbios_gates_GateHwi_Object__DESC__C                             
00008418  ti_sysbios_gates_GateHwi_Object__PARAMS__C                           
00005039  ti_sysbios_gates_GateHwi_Object__create__S                           
[...]
00005d71  ti_sysbios_heaps_HeapMem_Module_GateProxy_query__E                   
00005d79  ti_sysbios_knl_Task_startup__E                                       
00005d81  ti_sysbios_gates_GateHwi_Instance_init__E                            
00005d89  ti_sysbios_knl_Clock_logTick__E                                      
00005d8c  xdc_runtime_Text_charTab__A                                          
00007d2d  xdc_runtime_Error_policy__C                                          
00007d2e  ti_catalog_arm_cortexm4_tiva_ce_Boot_Module__id__C                   
00007f70  xdc_runtime_Text_nodeTab__A                                          
00008148  ti_uia_loggers_LoggerStopMode_Module__FXNS__C                        
00008250  ti_sysbios_heaps_HeapMem_Module__FXNS__C                             
00008278  ti_uia_loggers_LoggerStopMode_Object__PARAMS__C                      
000082a0  xdc_runtime_Startup_sfxnTab__A                                       
000082c8  ti_sysbios_gates_GateHwi_Module__FXNS__C                             
000082ec  ti_sysbios_gates_GateMutex_Module__FXNS__C                           
00008310  ti_sysbios_heaps_HeapMem_Object__PARAMS__C                           
00008334  ti_sysbios_knl_Semaphore_Object__PARAMS__C                           
00008358  ti_sysbios_gates_GateHwi_Object__DESC__C                             
00008378  ti_sysbios_gates_GateMutex_Object__DESC__C                           
00008398  ti_sysbios_heaps_HeapMem_Object__DESC__C                             
000083b8  ti_sysbios_knl_Queue_Object__DESC__C                                 
000083d8  ti_sysbios_knl_Semaphore_Object__DESC__C                             
000083f8  ti_uia_loggers_LoggerStopMode_Object__DESC__C                        
00008418  ti_sysbios_gates_GateHwi_Object__PARAMS__C                           
00008430  ti_sysbios_gates_GateMutex_Object__PARAMS__C                         
00008448  ti_sysbios_knl_Queue_Object__PARAMS__C                               
00008460  xdc_runtime_Startup_firstFxns__A                                     
00008474  xdc_runtime_Startup_sfxnRts__A                                       
00008498  hwi0                                                                 
0000849c  LEDSwi                                                               
000084a0  ti_sysbios_family_arm_m3_Hwi_excHookFuncs__A                         
000084a8  ti_sysbios_knl_Idle_funcList__A                                      
000084b0  ti_sysbios_knl_Idle_funcList__C                                      
000084b8  xdc_runtime_Startup_firstFxns__C                                     
000084c0  xdc_runtime_Startup_lastFxns__C                                      
000084c8  ti_catalog_arm_cortexm4_tiva_ce_Boot_A_mustNotUseEnhancedClockMode__C
000084cc  ti_catalog_arm_cortexm4_tiva_ce_Boot_Module__diagsEnabled__C         
000084d0  ti_catalog_arm_cortexm4_tiva_ce_Boot_Module__diagsIncluded__C        
000084d4  ti_catalog_arm_cortexm4_tiva_ce_Boot_Module__diagsMask__C            
000084d8  ti_sysbios_family_arm_lm4_Timer_enableFunc__C                        
000084dc  ti_sysbios_family_arm_lm4_Timer_numTimerDevices__C                   
000084e0  ti_sysbios_family_arm_lm4_Timer_startupNeeded__C                     
000084e4  ti_sysbios_family_arm_m3_Hwi_E_NMI__C                                
000084e8  ti_sysbios_family_arm_m3_Hwi_E_busFault__C                           
000084ec  ti_sysbios_family_arm_m3_Hwi_E_debugMon__C                           
000084f0  ti_sysbios_family_arm_m3_Hwi_E_hardFault__C                          
000084f4  ti_sysbios_family_arm_m3_Hwi_E_memFault__C                           
000084f8  ti_sysbios_family_arm_m3_Hwi_E_noIsr__C                              
000084fc  ti_sysbios_family_arm_m3_Hwi_E_reserved__C                           
00008500  ti_sysbios_family_arm_m3_Hwi_E_svCall__C                             
00008504  ti_sysbios_family_arm_m3_Hwi_E_usageFault__C                         
00008508  ti_sysbios_family_arm_m3_Hwi_NUM_INTERRUPTS__C                       
0000850c  ti_sysbios_family_arm_m3_Hwi_Object__count__C                        
00008510  ti_sysbios_family_arm_m3_Hwi_ccr__C                                  
00008514  ti_sysbios_family_arm_m3_Hwi_excHandlerFunc__C                       
00008518  ti_sysbios_family_arm_m3_Hwi_excHookFuncs__C                         
0000851c  ti_sysbios_family_arm_m3_Hwi_nullIsrFunc__C                          
00008520  ti_sysbios_family_arm_m3_Hwi_priGroup__C                             
00008524  ti_sysbios_gates_GateMutex_A_badContext__C                           
00008528  ti_sysbios_gates_GateMutex_Instance_State_sem__O                     
0000852c  ti_sysbios_gates_GateMutex_Module__diagsEnabled__C                   
00008530  ti_sysbios_gates_GateMutex_Module__diagsIncluded__C                  
00008534  ti_sysbios_gates_GateMutex_Module__diagsMask__C                      
00008538  ti_sysbios_hal_Hwi_E_stackOverflow__C                                
0000853c  ti_sysbios_heaps_HeapMem_A_align__C                                  
00008540  ti_sysbios_heaps_HeapMem_A_heapSize__C                               
00008544  ti_sysbios_heaps_HeapMem_A_invalidFree__C                            
00008548  ti_sysbios_heaps_HeapMem_A_zeroBlock__C                              
0000854c  ti_sysbios_heaps_HeapMem_E_memory__C                                 
00008550  ti_sysbios_heaps_HeapMem_Module__diagsEnabled__C                     
00008554  ti_sysbios_heaps_HeapMem_Module__diagsIncluded__C                    
00008558  ti_sysbios_heaps_HeapMem_Module__diagsMask__C                        
0000855c  ti_sysbios_heaps_HeapMem_Module__gateObj__C                          
00008560  ti_sysbios_heaps_HeapMem_Object__count__C                            
00008564  ti_sysbios_heaps_HeapMem_reqAlign__C                                 
00008568  ti_sysbios_knl_Clock_Module_State_clockQ__O                          
0000856c  ti_sysbios_knl_Semaphore_A_badContext__C                             
00008570  ti_sysbios_knl_Semaphore_A_noEvents__C                               
00008574  ti_sysbios_knl_Semaphore_A_overflow__C                               
00008578  ti_sysbios_knl_Semaphore_A_pendTaskDisabled__C                       
0000857c  ti_sysbios_knl_Semaphore_Instance_State_pendQ__O                     
00008580  ti_sysbios_knl_Semaphore_Module__diagsEnabled__C                     
00008584  ti_sysbios_knl_Semaphore_Module__diagsIncluded__C                    
00008588  ti_sysbios_knl_Semaphore_Module__diagsMask__C                        
0000858c  ti_sysbios_knl_Swi_Object__count__C                                  
00008590  ti_sysbios_knl_Task_E_spOutOfBounds__C                               
00008594  ti_sysbios_knl_Task_E_stackOverflow__C                               
00008598  ti_sysbios_knl_Task_Module_State_inactiveQ__O                        
0000859c  ti_sysbios_knl_Task_Object__count__C                                 
000085a0  ti_sysbios_knl_Task_allBlockedFunc__C                                
000085a4  ti_sysbios_knl_Task_numConstructedTasks__C                           
000085a8  ti_sysbios_utils_Load_Module__diagsEnabled__C                        
000085ac  ti_sysbios_utils_Load_Module__diagsIncluded__C                       
000085b0  ti_sysbios_utils_Load_Module__diagsMask__C                           
000085b4  ti_sysbios_utils_Load_postUpdate__C                                  
000085b8  ti_sysbios_utils_Load_windowInMs__C                                  
000085bc  ti_uia_loggers_LoggerStopMode_Module__diagsEnabled__C                
000085c0  ti_uia_loggers_LoggerStopMode_Module__diagsIncluded__C               
000085c4  ti_uia_loggers_LoggerStopMode_Module__diagsMask__C                   
000085c8  ti_uia_loggers_LoggerStopMode_Object__count__C                       
000085cc  ti_uia_runtime_ILoggerSnapshot_Interface__BASE__C                    
000085d0  ti_uia_runtime_IUIATransfer_Interface__BASE__C                       
000085d4  xdc_runtime_Assert_E_assertFailed__C                                 
000085d8  xdc_runtime_Core_A_initializedParams__C                              
000085dc  xdc_runtime_Core_Module__diagsEnabled__C                             
000085e0  xdc_runtime_Core_Module__diagsIncluded__C                            
000085e4  xdc_runtime_Core_Module__diagsMask__C                                
000085e8  xdc_runtime_Error_E_memory__C                                        
000085ec  xdc_runtime_Error_Module__diagsEnabled__C                            
000085f0  xdc_runtime_Error_Module__diagsIncluded__C                           
000085f4  xdc_runtime_Error_Module__diagsMask__C                               
000085f8  xdc_runtime_Error_Module__loggerFxn8__C                              
000085fc  xdc_runtime_Error_Module__loggerObj__C                               
00008600  xdc_runtime_Error_policyFxn__C                                       
00008604  xdc_runtime_Error_raiseHook__C                                       
00008608  xdc_runtime_IFilterLogger_Interface__BASE__C                         
0000860c  xdc_runtime_IGateProvider_Interface__BASE__C                         
00008610  xdc_runtime_IHeap_Interface__BASE__C                                 
00008614  xdc_runtime_ILogger_Interface__BASE__C                               
00008618  xdc_runtime_IModule_Interface__BASE__C                               
0000861c  xdc_runtime_Log_L_error__C                                           
00008620  xdc_runtime_Memory_defaultHeapInstance__C                            
00008624  xdc_runtime_Startup_execImpl__C                                      
00008628  xdc_runtime_Startup_lastFxns__A                                      
0000862c  xdc_runtime_Startup_maxPasses__C                                     
00008630  xdc_runtime_Startup_sfxnRts__C                                       
00008634  xdc_runtime_Startup_sfxnTab__C                                       
00008638  xdc_runtime_SysMin_bufSize__C                                        
0000863c  xdc_runtime_SysMin_outputFunc__C                                     
00008640  xdc_runtime_System_Module__gateObj__C                                
00008644  xdc_runtime_System_abortFxn__C                                       
00008648  xdc_runtime_System_exitFxn__C                                        
0000864c  xdc_runtime_System_extendFxn__C                                      
00008650  xdc_runtime_System_maxAtexitHandlers__C                              
00008654  xdc_runtime_Text_charTab__C                                          
00008658  xdc_runtime_Text_nameEmpty__C                                        
0000865c  xdc_runtime_Text_nameStatic__C                                       
00008660  xdc_runtime_Text_nameUnknown__C                                      
00008664  xdc_runtime_Text_nodeTab__C                                          
00008668  xdc_runtime_Text_visitRopeFxn__C                                     
0000866c  ti_sysbios_family_arm_lm4_TimestampProvider_useClockTimer__C         
0000866e  ti_sysbios_family_arm_m3_Hwi_Module__id__C                           
00008670  ti_sysbios_gates_GateMutex_Module__id__C                             
00008672  ti_sysbios_hal_Hwi_Module__id__C                                     
00008674  ti_sysbios_heaps_HeapMem_Module__id__C                               
00008676  ti_sysbios_knl_Semaphore_Module__id__C                               
00008678  ti_sysbios_knl_Task_Module__id__C                                    
0000867a  ti_sysbios_utils_Load_Module__id__C                                  
0000867c  ti_sysbios_utils_Load_updateInIdle__C                                
0000867e  ti_uia_loggers_LoggerStopMode_Module__id__C                          
00008680  ti_uia_loggers_LoggerStopMode_isTimestampEnabled__C                  
00008682  xdc_runtime_Core_Module__id__C                                       
00008684  xdc_runtime_Error_Module__loggerDefined__C                           
00008686  xdc_runtime_Error_maxDepth__C                                        
00008688  xdc_runtime_Memory_Module__id__C                                     
0000868a  xdc_runtime_SysMin_flushAtExit__C                                    
0000868c  xdc_runtime_Text_charCnt__C                                          
0000868e  xdc_runtime_Text_isLoaded__C                                         
00008690  xdc_runtime_Text_registryModsLastId__C                               
00008692  xdc_runtime_Text_unnamedModsLastId__C                                
00008698  __TI_static_base__                                                   
00008adc  __TI_Handler_Table_Base                                              
00008ae8  __TI_Handler_Table_Limit                                             
00008af8  __TI_CINIT_Base                                                      
00008b10  __TI_CINIT_Limit                                                     
20000000  ti_sysbios_family_arm_m3_Hwi_ramVectors                              
20000380  ti_sysbios_heaps_HeapMem_Instance_State_0_buf__A                     
20000780  ti_uia_loggers_LoggerStopMode_Instance_State_1_packetArray__A        
20000b80  ti_uia_loggers_LoggerStopMode_Instance_State_2_packetArray__A        
20000f80  ti_sysbios_family_arm_m3_Hwi_dispatchTable                           
200012e0  ti_sysbios_knl_Task_Instance_State_0_stack__A                        
20001500  ti_uia_loggers_LoggerStopMode_Instance_State_0_packetArray__A        
20001700  __CIOBUF_                                                            
20001820  xdc_runtime_SysMin_Module_State_0_outbuf__A                          
20001900  ti_uia_loggers_LoggerStopMode_Instance_State_0_hdr__A                
20001980  ti_uia_loggers_LoggerStopMode_Instance_State_1_hdr__A                
20001a00  ti_uia_loggers_LoggerStopMode_Instance_State_2_hdr__A                
20001a30  xdc_runtime_Diags_dictElems                                          
20001a50  ti_sysbios_family_arm_lm4_Timer_Module__root__V                      
20001a58  ti_sysbios_family_arm_lm4_Timer_Module_State_0_handles__A            
20001a78  ti_sysbios_family_arm_lm4_Timer_Module__state__V                     
20001a84  ti_sysbios_family_arm_lm4_TimestampProvider_Module__state__V         
20001a8c  ti_sysbios_family_arm_m3_Hwi_Module__root__V                         
20001a94  ti_sysbios_family_arm_m3_Hwi_Module_State_0_excActive__A             
20001a98  ti_sysbios_family_arm_m3_Hwi_Module_State_0_excContext__A            
20001a9c  ti_sysbios_family_arm_m3_Hwi_Module_State_0_excStack__A              
20001aa0  ti_sysbios_gates_GateHwi_Module__root__V                             
20001aa8  ti_sysbios_gates_GateHwi_Object__table__V                            
20001aac  ti_sysbios_gates_GateMutex_Module__root__V                           
20001ab4  ti_sysbios_hal_Hwi_Module__root__V                                   
20001abc  ti_sysbios_hal_Hwi_Object__table__V                                  
20001ac4  ti_sysbios_heaps_HeapMem_Module__root__V                             
20001acc  ti_sysbios_heaps_HeapMem_Object__table__V                            
20001ae4  ti_sysbios_knl_Clock_Module__root__V                                 
20001aec  ti_sysbios_knl_Event_Module__root__V                                 
20001af8  ti_sysbios_knl_Queue_Module__root__V                                 
20001b00  ti_sysbios_knl_Semaphore_Module__root__V                             
20001b08  ti_sysbios_knl_Swi_Module__root__V                                   
20001b10  ti_sysbios_knl_Swi_Module__state__V                                  
20001b2c  ti_sysbios_knl_Task_Module__root__V                                  
20001b38  ti_sysbios_knl_Task_Module_State_0_idleTask__A                       
20001b3c  ti_sysbios_utils_Load_Module_State_0_taskStartTime__A                
20001b40  ti_sysbios_utils_Load_Module_State_0_runningTask__A                  
20001b44  ti_uia_loggers_LoggerStopMode_Module__root__V                        
20001b4c  ti_uia_loggers_LoggerStopMode_Module__state__V                       
20001b54  ti_uia_runtime_QueueDescriptor_Module__state__V                      
20001b60  xdc_runtime_Error_Module__state__V                                   
20001b62  xdc_runtime_Main_Module__root__V                                     
20001b64  xdc_runtime_Memory_Module__state__V                                  
20001b68  xdc_runtime_Registry_Module__state__V                                
20001b70  xdc_runtime_Startup_Module__state__V                                 
20001b78  xdc_runtime_SysMin_Module__state__V                                  
20001b84  xdc_runtime_System_Module_State_0_atexitHandlers__A                  
20001b8c  xdc_runtime_System_Module__state__V                                  
20001b94  xdc_runtime_Text_Module__state__V                                    
20001b9c  __xdc__init__addr                                                    
20001ba0  ti_uia_loggers_LoggerStopMode_Object__table__V                       
20001c3c  ti_sysbios_utils_Load_Module__state__V                               
20001cd4  ti_sysbios_family_arm_lm4_Timer_Object__table__V                     
20001d54  ti_sysbios_knl_Swi_Module_State_0_readyQ__A                          
20001dd4  ti_sysbios_knl_Task_Module_State_0_readyQ__A                         
20001e54  ti_sysbios_knl_Swi_Object__table__V                                  
20001eb4  ti_sysbios_knl_Task_Object__table__V                                 
20001f00  ti_sysbios_family_arm_m3_Hwi_Object__table__V                        
20001f48  ti_sysbios_knl_Task_Module__state__V                                 
20001f8c  ti_sysbios_family_arm_lm4_Timer_Module_State_0_device__A             
20001fcc  ti_sysbios_gates_GateMutex_Object__table__V                          
20002004  ti_sysbios_family_arm_m3_Hwi_Module__state__V                        
20002038  ti_sysbios_knl_Clock_Module__state__V                                
20002064  ti_sysbios_BIOS_Module__state__V                                     
20002088  _lock                                                                
2000208c  _unlock                                                              
20002090  __TI_cleanup_ptr                                                     
20002094  __TI_dtors_ptr                                                       
20002098  ti_uia_runtime_QueueDescriptor_gPtrToFirstDescriptor                 
2000209c  ti_uia_runtime_QueueDescriptor_gUpdateCount                          
200020a0  main_func_sp                                                         
200020a4  i16ToggleCount                                                       
200020a6  ui8PinData                                                           
200020a8  __stack                                                              
200023a8  __STACK_END                                                          
e000e000  ti_sysbios_family_arm_m3_Hwi_nvic                                    
ffffffff  __binit__                                                            
ffffffff  __c_args__                                                           
ffffffff  binit                                                                
UNDEFED   SHT$$INIT_ARRAY$$Base                                                
UNDEFED   SHT$$INIT_ARRAY$$Limit                                               

[604 symbols]
