******************************************************************************
                  TI ARM Linker PC v5.2.5                      
******************************************************************************
>> Linked Tue May 03 20:49:34 2016

OUTPUT FILE NAME:   <HWI.out>
ENTRY POINT SYMBOL: "_c_int00"  address: 00003ac1


MEMORY CONFIGURATION

         name            origin    length      used     unused   attr    fill
----------------------  --------  ---------  --------  --------  ----  --------
  FLASH                 00000000   00100000  00007567  000f8a99  R  X
  SRAM                  20000000   00040000  000015bf  0003ea41  RW X


SEGMENT ALLOCATION MAP

run origin  load origin   length   init length attrs members
----------  ----------- ---------- ----------- ----- -------
00000000    00000000    00007570   00007570    r-x
  00000000    00000000    0000003c   0000003c    r-- .resetVecs
  00000040    00000040    00005112   00005112    r-x .text
  00005154    00005154    000020a9   000020a9    r-- .const
  00007200    00007200    00000370   00000370    r-- .cinit
20000000    20000000    000015c0   00000000    rw-
  20000000    20000000    00000360   00000000    rw- .vecs
  20000360    20000360    00000b08   00000000    rw- .bss
  20000e68    20000e68    00000457   00000000    rw- .data
  200012c0    200012c0    00000300   00000000    rw- .stack


SECTION ALLOCATION MAP

 output                                  attributes/
section   page    origin      length       input sections
--------  ----  ----------  ----------   ----------------
.text      0    00000040    00005112     
                  00000040    00000430     sysbios.aem4f : BIOS.obj (.text:ti_sysbios_family_arm_m3_Hwi_excDumpRegs__I)
                  00000470    0000034c     ti.targets.arm.rtsarm.aem4f : System.oem4f (.text:xdc_runtime_System_doPrint__I)
                  000007bc    000002d4     rtsv7M4_T_le_v4SPD16_eabi.lib : trgdrv.obj (.text)
                  00000a90    000002c0     sysbios.aem4f : BIOS.obj (.text:ti_sysbios_knl_Semaphore_pend__E)
                  00000d50    00000254                   : BIOS.obj (.text:ti_sysbios_heaps_HeapMem_free__E)
                  00000fa4    00000004     empty_pem4f.oem4f (.text:ti_sysbios_BIOS_RtsGateProxy_enter__E)
                  00000fa8    00000248     sysbios.aem4f : BIOS.obj (.text:ti_sysbios_heaps_HeapMem_alloc__E)
                  000011f0    00000204     driverlib.lib : sysctl.obj (.text:SysCtlClockFreqSet)
                  000013f4    00000204     Boot.aem4f : Boot_sysctl.oem4f (.text:ti_catalog_arm_cortexm4_tiva_ce_Boot_sysCtlClockFreqSetI__I)
                  000015f8    000001fc     sysbios.aem4f : BIOS.obj (.text:ti_sysbios_family_arm_m3_Hwi_excHandlerMax__I)
                  000017f4    00000004     empty_pem4f.oem4f (.text:ti_sysbios_BIOS_RtsGateProxy_leave__E)
                  000017f8    00000174     sysbios.aem4f : BIOS.obj (.text:ti_sysbios_family_arm_m3_Hwi_excBusFault__I)
                  0000196c    00000004                   : BIOS.obj (.text:ti_sysbios_family_arm_lm4_Timer_masterEnable__I)
                  00001970    00000164                   : BIOS.obj (.text:ti_sysbios_family_arm_m3_Hwi_excUsageFault__I)
                  00001ad4    00000004     empty_pem4f.oem4f (.text:ti_sysbios_family_arm_m3_TaskSupport_Module__startupDone__S)
                  00001ad8    00000148     sysbios.aem4f : BIOS.obj (.text:ti_sysbios_family_arm_m3_Hwi_excMemFault__I)
                  00001c20    0000013c                   : BIOS.obj (.text:ti_sysbios_heaps_HeapMem_Instance_init__E)
                  00001d5c    00000130     driverlib.lib : gpio.obj (.text:GPIOPadConfigSet)
                  00001e8c    00000004     empty_pem4f.oem4f (.text:ti_sysbios_heaps_HeapMem_Module_GateProxy_enter__E)
                  00001e90    00000120     sysbios.aem4f : BIOS.obj (.text:ti_sysbios_family_arm_lm4_Timer_start__E)
                  00001fb0    00000118     ti.targets.arm.rtsarm.aem4f : Error.oem4f (.text:xdc_runtime_Error_policyDefault__E)
                  000020c8    0000010c     driverlib.lib : sysctl.obj (.text:SysCtlClockGet)
                  000021d4    00000100     ti.targets.arm.rtsarm.aem4f : Core-mem.oem4f (.text:xdc_runtime_Core_createObject__I)
                  000022d4    000000f8                                 : Startup.oem4f (.text:xdc_runtime_Startup_startMods__I)
                  000023cc    000000f8     empty_pem4f.oem4f (.text:xdc_runtime_System_printfExtend__I)
                  000024c4    000000f4     sysbios.aem4f : m3_Hwi_asm.obj (.text:ti_sysbios_family_arm_m3_Hwi_dispatch__I)
                  000025b8    000000ec     main.obj (.text:ledToggle)
                  000026a4    00000004     empty_pem4f.oem4f (.text:ti_sysbios_heaps_HeapMem_Module_GateProxy_leave__E)
                  000026a8    000000ec     sysbios.aem4f : BIOS.obj (.text:ti_sysbios_knl_Semaphore_post__E)
                  00002794    000000cc     ti.targets.arm.rtsarm.aem4f : Core-smem.oem4f (.text:xdc_runtime_Core_constructObject__I)
                  00002860    000000bc     sysbios.aem4f : BIOS.obj (.text:ti_sysbios_family_arm_m3_Hwi_excDebugMon__I)
                  0000291c    00000004     empty_pem4f.oem4f (.text:ti_sysbios_knl_Clock_TimerProxy_getMaxTicks__E)
                  00002920    000000bc     sysbios.aem4f : BIOS.obj (.text:ti_sysbios_family_arm_m3_Hwi_excHardFault__I)
                  000029dc    00000004     empty_pem4f.oem4f (.text:ti_sysbios_knl_Queue_destruct)
                  000029e0    000000b4     sysbios.aem4f : BIOS.obj (.text:ti_sysbios_gates_GateMutex_enter__E)
                  00002a94    00000004     empty_pem4f.oem4f (.text:ti_sysbios_knl_Semaphore_destruct)
                  00002a98    000000b4     sysbios.aem4f : BIOS.obj (.text:ti_sysbios_knl_Task_checkStacks__E)
                  00002b4c    00000004     ti.targets.arm.rtsarm.aem4f : Error.oem4f (.text:xdc_runtime_Error_getSite__E)
                  00002b50    000000ac     sysbios.aem4f : BIOS.obj (.text:ti_sysbios_family_arm_lm4_Timer_enableTiva__I)
                  00002bfc    00000004     empty_pem4f.oem4f (.text:xdc_runtime_System_Module_GateProxy_enter__E)
                  00002c00    000000a8     sysbios.aem4f : BIOS.obj (.text:ti_sysbios_family_arm_lm4_Timer_enableTimers__I)
                  00002ca8    000000a0     auto_init.aem4f : auto_init.oem4f (.text)
                  00002d48    000000a0     ti.targets.arm.rtsarm.aem4f : Text.oem4f (.text:xdc_runtime_Text_putMod__E)
                  00002de8    0000009c     rtsv7M4_T_le_v4SPD16_eabi.lib : memcpy_t2.obj (.text)
                  00002e84    00000004     empty_pem4f.oem4f (.text:xdc_runtime_System_Module_GateProxy_leave__E)
                  00002e88    0000009c     sysbios.aem4f : BIOS.obj (.text:ti_sysbios_knl_Semaphore_Instance_init__E)
                  00002f24    00000004     ti.targets.arm.rtsarm.aem4f : System.oem4f (.text:xdc_runtime_System_aprintf_va__F)
                  00002f28    0000009c     sysbios.aem4f : BIOS.obj (.text:ti_sysbios_knl_Task_postInit__I)
                  00002fc4    0000009a     ti.targets.arm.rtsarm.aem4f : Text.oem4f (.text:xdc_runtime_Text_putSite__E)
                  0000305e    00000002     rtsv7M4_T_le_v4SPD16_eabi.lib : i_div0.obj (.text)
                  00003060    00000098     Boot.aem4f : Boot.oem4f (.text:ti_catalog_arm_cortexm4_tiva_ce_Boot_sysCtlClockFreqSet__E)
                  000030f8    00000094     sysbios.aem4f : BIOS.obj (.text:ti_sysbios_family_arm_m3_Hwi_initNVIC__E)
                  0000318c    0000008c                   : m3_TaskSupport_asm.obj (.text:ti_sysbios_family_arm_m3_TaskSupport_buildTaskStack)
                  00003218    00000084                   : BIOS.obj (.text:ti_sysbios_family_arm_m3_Hwi_postInit__I)
                  0000329c    0000007a     rtsv7M4_T_le_v4SPD16_eabi.lib : memset_t2.obj (.text)
                  00003316    00000002     empty_pem4f.oem4f (.text:ti_sysbios_BIOS_nullFunc__I)
                  00003318    0000006d     ti.targets.arm.rtsarm.aem4f : System.oem4f (.text:xdc_runtime_System_formatNum__I)
                  00003385    00000001     --HOLE-- [fill = 0]
                  00003386    00000002     empty_pem4f.oem4f (.text:xdc_runtime_Startup_reset__I)
                  00003388    0000006c     main.obj (.text:hardware_init)
                  000033f4    00000004     ti.targets.arm.rtsarm.aem4f : System.oem4f (.text:xdc_runtime_System_printf_va__F)
                  000033f8    0000006c     sysbios.aem4f : BIOS.obj (.text:ti_sysbios_knl_Clock_workFunc__E)
                  00003464    00000004     --HOLE-- [fill = 0]
                  00003468    0000006c                   : BIOS.obj (.text:ti_sysbios_knl_Swi_restoreHwi__E)
                  000034d4    00000004     --HOLE-- [fill = 0]
                  000034d8    0000006c                   : BIOS.obj (.text:ti_sysbios_knl_Task_exit__E)
                  00003544    0000006c     ti.targets.arm.rtsarm.aem4f : Error.oem4f (.text:xdc_runtime_Error_print__E)
                  000035b0    0000006c                                 : Memory.oem4f (.text:xdc_runtime_Memory_alloc__E)
                  0000361c    0000006a     rtsv7M4_T_le_v4SPD16_eabi.lib : copy_decompress_rle.obj (.text)
                  00003686    00000002     --HOLE-- [fill = 0]
                  00003688    00000068                                   : trgmsg.obj (.text)
                  000036f0    00000066     ti.targets.arm.rtsarm.aem4f : Core-mem.oem4f (.text:xdc_runtime_Core_deleteObject__I)
                  00003756    00000002     --HOLE-- [fill = 0]
                  00003758    00000064     sysbios.aem4f : BIOS.obj (.text:ti_sysbios_family_arm_lm4_Timer_Module_startup__E)
                  000037bc    00000004     --HOLE-- [fill = 0]
                  000037c0    00000064                   : BIOS.obj (.text:ti_sysbios_family_arm_m3_Hwi_dispatchC__I)
                  00003824    00000060     driverlib.lib : timer.obj (.text:TimerConfigure)
                  00003884    00000004     --HOLE-- [fill = 0]
                  00003888    00000060     sysbios.aem4f : BIOS.obj (.text:ti_sysbios_knl_Task_schedule__I)
                  000038e8    0000005c                   : BIOS.obj (.text:ti_sysbios_knl_Swi_run__I)
                  00003944    00000004     --HOLE-- [fill = 0]
                  00003948    0000005c                   : BIOS.obj (.text:ti_sysbios_knl_Swi_schedule__I)
                  000039a4    00000004     --HOLE-- [fill = 0]
                  000039a8    0000005c                   : BIOS.obj (.text:ti_sysbios_knl_Task_Module_startup__E)
                  00003a04    00000004     --HOLE-- [fill = 0]
                  00003a08    0000005c                   : BIOS.obj (.text:ti_sysbios_knl_Task_startCore__E)
                  00003a64    0000005b     ti.targets.arm.rtsarm.aem4f : Text.oem4f (.text:xdc_runtime_Text_putLab__E)
                  00003abf    00000001     --HOLE-- [fill = 0]
                  00003ac0    00000058     boot.aem4f : boot.oem4f (.text)
                  00003b18    00000058     sysbios.aem4f : m3_Hwi_asm_switch.obj (.text:ti_sysbios_family_arm_m3_Hwi_initStacks__E)
                  00003b70    00000054     ti.targets.arm.rtsarm.aem4f : Assert.oem4f (.text:xdc_runtime_Assert_raise__I)
                  00003bc4    00000050     Boot.aem4f : Boot_sysctl.oem4f (.text:_SysCtlFrequencyGet)
                  00003c14    00000004     --HOLE-- [fill = 0]
                  00003c18    00000050     sysbios.aem4f : BIOS.obj (.text:ti_sysbios_family_arm_m3_Hwi_Module_startup__E)
                  00003c68    00000050     ti.targets.arm.rtsarm.aem4f : Startup.oem4f (.text:xdc_runtime_Startup_exec__E)
                  00003cb8    00000050                                 : Text.oem4f (.text:xdc_runtime_Text_visitRope2__I)
                  00003d08    0000004c     rtsv7M4_T_le_v4SPD16_eabi.lib : cpy_tbl.obj (.text)
                  00003d54    00000004     --HOLE-- [fill = 0]
                  00003d58    0000004c     sysbios.aem4f : BIOS.obj (.text:ti_sysbios_heaps_HeapMem_getStats__E)
                  00003da4    00000004     --HOLE-- [fill = 0]
                  00003da8    0000004c                   : BIOS.obj (.text:ti_sysbios_knl_Swi_runLoop__I)
                  00003df4    00000004     --HOLE-- [fill = 0]
                  00003df8    0000004c                   : BIOS.obj (.text:ti_sysbios_knl_Task_allBlockedFunction__I)
                  00003e44    00000048     driverlib.lib : sysctl.obj (.text:_SysCtlFrequencyGet)
                  00003e8c    00000004     --HOLE-- [fill = 0]
                  00003e90    00000048     sysbios.aem4f : BIOS.obj (.text:ti_sysbios_family_arm_m3_Hwi_disableInterrupt__E)
                  00003ed8    00000048                   : BIOS.obj (.text:ti_sysbios_family_arm_m3_Hwi_enableInterrupt__E)
                  00003f20    00000048                   : BIOS.obj (.text:ti_sysbios_family_arm_m3_Hwi_excReserved__I)
                  00003f68    00000046     ti.targets.arm.rtsarm.aem4f : Core-params.oem4f (.text:xdc_runtime_Core_assignParams__I)
                  00003fae    00000002     --HOLE-- [fill = 0]
                  00003fb0    00000044     rtsv7M4_T_le_v4SPD16_eabi.lib : exit.obj (.text)
                  00003ff4    00000004     --HOLE-- [fill = 0]
                  00003ff8    00000044     sysbios.aem4f : BIOS.obj (.text:ti_sysbios_family_arm_lm4_Timer_isrStub__E)
                  0000403c    00000004     --HOLE-- [fill = 0]
                  00004040    00000044                   : BIOS.obj (.text:ti_sysbios_family_arm_m3_Hwi_getStackInfo__E)
                  00004084    00000004     --HOLE-- [fill = 0]
                  00004088    00000044                   : BIOS.obj (.text:ti_sysbios_knl_Swi_post__E)
                  000040cc    00000044     ti.targets.arm.rtsarm.aem4f : Error.oem4f (.text:xdc_runtime_Error_setX__E)
                  00004110    00000044                                 : SysMin.oem4f (.text:xdc_runtime_SysMin_flush__E)
                  00004154    00000044                                 : Text.oem4f (.text:xdc_runtime_Text_xprintf__I)
                  00004198    00000040     rtsv7M4_T_le_v4SPD16_eabi.lib : u_divt2.obj (.text)
                  000041d8    00000040     sysbios.aem4f : BIOS.obj (.text:ti_sysbios_family_arm_lm4_Timer_startup__E)
                  00004218    0000003c                   : BIOS.obj (.text:ti_sysbios_family_arm_m3_Hwi_excSvCall__I)
                  00004254    00000004     --HOLE-- [fill = 0]
                  00004258    0000003c                   : BIOS.obj (.text:ti_sysbios_heaps_HeapMem_init__I)
                  00004294    00000004     --HOLE-- [fill = 0]
                  00004298    0000003c                   : BIOS.obj (.text:ti_sysbios_knl_Swi_restore__E)
                  000042d4    00000004     --HOLE-- [fill = 0]
                  000042d8    00000038                   : BIOS.obj (.text:ti_sysbios_family_arm_m3_Hwi_excNoIsr__I)
                  00004310    00000038                   : BIOS.obj (.text:ti_sysbios_knl_Task_processVitalTaskFlag__I)
                  00004348    00000038     ti.targets.arm.rtsarm.aem4f : SysMin.oem4f (.text:xdc_runtime_SysMin_putch__E)
                  00004380    00000038                                 : System.oem4f (.text:xdc_runtime_System_atexit__E)
                  000043b8    00000034     driverlib.lib : sysctl.obj (.text:SysCtlPeripheralEnable)
                  000043ec    00000004     --HOLE-- [fill = 0]
                  000043f0    00000034     sysbios.aem4f : BIOS.obj (.text:ti_sysbios_family_arm_m3_Hwi_excNmi__I)
                  00004424    00000004     --HOLE-- [fill = 0]
                  00004428    00000034                   : BIOS.obj (.text:ti_sysbios_hal_Hwi_checkStack)
                  0000445c    00000034     ti.targets.arm.rtsarm.aem4f : Core-label.oem4f (.text:xdc_runtime_Core_assignLabel__I)
                  00004490    00000033                                 : Text.oem4f (.text:xdc_runtime_Text_printVisFxn__I)
                  000044c3    00000005     --HOLE-- [fill = 0]
                  000044c8    00000032     sysbios.aem4f : BIOS.obj (.text:ti_sysbios_hal_Hwi_initStack)
                  000044fa    00000002     --HOLE-- [fill = 0]
                  000044fc    00000030     empty_pem4f.oem4f (.text:ti_sysbios_BIOS_atExitFunc__I)
                  0000452c    00000004     --HOLE-- [fill = 0]
                  00004530    00000030     sysbios.aem4f : BIOS.obj (.text:ti_sysbios_family_arm_lm4_Timer_stop__E)
                  00004560    00000030                   : BIOS.obj (.text:ti_sysbios_family_arm_m3_TaskSupport_start__E)
                  00004590    00000030     empty_pem4f.oem4f (.text:ti_sysbios_gates_GateHwi_Object__create__S)
                  000045c0    00000030     empty_pem4f.oem4f (.text:ti_sysbios_gates_GateMutex_Object__create__S)
                  000045f0    00000030     empty_pem4f.oem4f (.text:ti_sysbios_heaps_HeapMem_Object__create__S)
                  00004620    00000030     empty_pem4f.oem4f (.text:ti_sysbios_knl_Semaphore_construct)
                  00004650    00000030     sysbios.aem4f : BIOS.obj (.text:ti_sysbios_knl_Semaphore_pendTimeout__I)
                  00004680    00000030                   : BIOS.obj (.text:ti_sysbios_knl_Task_unblockI__E)
                  000046b0    00000030     ti.targets.arm.rtsarm.aem4f : SysMin.oem4f (.text:xdc_runtime_SysMin_abort__E)
                  000046e0    00000030                                 : System.oem4f (.text:xdc_runtime_System_processAtExit__E)
                  00004710    0000002c     empty_pem4f.oem4f (.text:ti_sysbios_knl_Clock_doTick__I)
                  0000473c    0000002c     empty_pem4f.oem4f (.text:ti_sysbios_knl_Queue_construct)
                  00004768    0000002c     sysbios.aem4f : BIOS.obj (.text:ti_sysbios_knl_Task_restore__E)
                  00004794    0000002c     ti.targets.arm.rtsarm.aem4f : Text.oem4f (.text:xdc_runtime_Text_cordText__E)
                  000047c0    0000002a     driverlib.lib : gpio.obj (.text:GPIODirModeSet)
                  000047ea    0000002a     ti.targets.arm.rtsarm.aem4f : System.oem4f (.text:xdc_runtime_System_putchar__I)
                  00004814    00000004     --HOLE-- [fill = 0]
                  00004818    00000028     sysbios.aem4f : BIOS.obj (.text:ti_sysbios_knl_Swi_Module_startup__E)
                  00004840    00000026                   : m3_Hwi_asm.obj (.text:ti_sysbios_family_arm_m3_Hwi_pendSV__I)
                  00004866    00000026     ti.targets.arm.rtsarm.aem4f : System.oem4f (.text:xdc_runtime_System_avprintf__E)
                  0000488c    00000024     empty_pem4f.oem4f (.text:ti_sysbios_BIOS_errorRaiseHook__I)
                  000048b0    00000024     empty_pem4f.oem4f (.text:ti_sysbios_BIOS_registerRTSLock__I)
                  000048d4    00000024     empty_pem4f.oem4f (.text:ti_sysbios_BIOS_removeRTSLock__I)
                  000048f8    00000024     empty_pem4f.oem4f (.text:ti_sysbios_BIOS_startFunc__I)
                  0000491c    00000024     empty_pem4f.oem4f (.text:ti_sysbios_gates_GateMutex_Object__delete__S)
                  00004940    00000024     sysbios.aem4f : BIOS.obj (.text:ti_sysbios_knl_Clock_Module_startup__E)
                  00004964    00000004     --HOLE-- [fill = 0]
                  00004968    00000024                   : BIOS.obj (.text:ti_sysbios_knl_Task_restoreHwi__E)
                  0000498c    00000024     ti.targets.arm.rtsarm.aem4f : System.oem4f (.text:xdc_runtime_System_vprintf__E)
                  000049b0    00000022     sysbios.aem4f : BIOS.obj (.text:ti_sysbios_family_arm_lm4_Timer_write__I)
                  000049d2    00000022     empty_pem4f.oem4f (.text:xdc_runtime_SysMin_output__I)
                  000049f4    00000020     Boot.aem4f : Boot_sysctl.oem4f (.text:_SysCtlMemTimingGet)
                  00004a14    00000020     empty_pem4f.oem4f (.text:ti_sysbios_BIOS_rtsLock__I)
                  00004a34    00000020     sysbios.aem4f : m3_Hwi_asm.obj (.text:ti_sysbios_family_arm_m3_Hwi_excHandlerAsm__I)
                  00004a54    00000004     --HOLE-- [fill = 0]
                  00004a58    00000020                   : BIOS.obj (.text:ti_sysbios_family_arm_m3_Hwi_excHandler__I)
                  00004a78    00000020     empty_pem4f.oem4f (.text:ti_sysbios_gates_GateHwi_Object__delete__S)
                  00004a98    00000020     empty_pem4f.oem4f (.text:ti_sysbios_heaps_HeapMem_Object__delete__S)
                  00004ab8    00000020     sysbios.aem4f : BIOS.obj (.text:ti_sysbios_knl_Idle_run__E)
                  00004ad8    00000020     empty_pem4f.oem4f (.text:ti_sysbios_knl_Semaphore_Object__destruct__S)
                  00004af8    00000020     ti.targets.arm.rtsarm.aem4f : Registry.oem4f (.text:xdc_runtime_Registry_findById__E)
                  00004b18    00000020                                 : SysMin.oem4f (.text:xdc_runtime_SysMin_Module_startup__E)
                  00004b38    0000001e     sysbios.aem4f : m3_Hwi_asm_switch.obj (.text:ti_sysbios_family_xxx_Hwi_switchAndRunFunc)
                  00004b56    00000002     --HOLE-- [fill = 0]
                  00004b58    0000001c     driverlib.lib : sysctl.obj (.text:_SysCtlMemTimingGet)
                  00004b74    00000004     --HOLE-- [fill = 0]
                  00004b78    0000001c     sysbios.aem4f : BIOS.obj (.text:ti_sysbios_gates_GateMutex_Instance_init__E)
                  00004b94    0000001c     empty_pem4f.oem4f (.text:ti_sysbios_knl_Queue_Object__destruct__S)
                  00004bb0    0000001c     sysbios.aem4f : BIOS.obj (.text:ti_sysbios_knl_Queue_put__E)
                  00004bcc    00000004     --HOLE-- [fill = 0]
                  00004bd0    0000001c                   : BIOS.obj (.text:ti_sysbios_knl_Task_enter__I)
                  00004bec    0000001c     ti.targets.arm.rtsarm.aem4f : Error.oem4f (.text:xdc_runtime_Error_raiseX__E)
                  00004c08    0000001c                                 : Memory.oem4f (.text:xdc_runtime_Memory_valloc__E)
                  00004c24    0000001c                                 : SysMin.oem4f (.text:xdc_runtime_SysMin_exit__E)
                  00004c40    0000001c                                 : System.oem4f (.text:xdc_runtime_System_abort__E)
                  00004c5c    0000001a     empty_pem4f.oem4f (.text:ti_sysbios_family_arm_m3_Hwi_Handle__label__S)
                  00004c76    0000001a     empty_pem4f.oem4f (.text:ti_sysbios_gates_GateHwi_Handle__label__S)
                  00004c90    0000001a     empty_pem4f.oem4f (.text:ti_sysbios_gates_GateMutex_Handle__label__S)
                  00004caa    0000001a     empty_pem4f.oem4f (.text:ti_sysbios_heaps_HeapMem_Handle__label__S)
                  00004cc4    0000001a     empty_pem4f.oem4f (.text:ti_sysbios_knl_Swi_Handle__label__S)
                  00004cde    0000001a     empty_pem4f.oem4f (.text:ti_sysbios_knl_Task_Handle__label__S)
                  00004cf8    0000001a     empty_pem4f.oem4f (.text:xdc_runtime_System_aprintf__E)
                  00004d12    0000001a     empty_pem4f.oem4f (.text:xdc_runtime_System_printf__E)
                  00004d2c    00000018     driverlib.lib : gpio.obj (.text:GPIOPinTypeGPIOOutput)
                  00004d44    00000018     rtsv7M4_T_le_v4SPD16_eabi.lib : args_main.obj (.text)
                  00004d5c    00000018     empty_pem4f.oem4f (.text:ti_sysbios_BIOS_rtsUnlock__I)
                  00004d74    00000018     empty_pem4f.oem4f (.text:ti_sysbios_family_arm_lm4_Timer_Module__startupDone__F)
                  00004d8c    00000018     empty_pem4f.oem4f (.text:ti_sysbios_family_arm_m3_Hwi_Module__startupDone__F)
                  00004da4    00000018     sysbios.aem4f : m3_TaskSupport_asm.obj (.text:ti_sysbios_family_arm_m3_TaskSupport_swap__E)
                  00004dbc    00000004     --HOLE-- [fill = 0]
                  00004dc0    00000018                   : BIOS.obj (.text:ti_sysbios_gates_GateMutex_leave__E)
                  00004dd8    00000018     ti.targets.arm.rtsarm.aem4f : Error.oem4f (.text:xdc_runtime_Error_check__E)
                  00004df0    00000018                                 : System.oem4f (.text:xdc_runtime_System_exit__E)
                  00004e08    00000018                                 : Text.oem4f (.text:xdc_runtime_Text_ropeText__E)
                  00004e20    00000016     empty_pem4f.oem4f (.text:ti_sysbios_BIOS_exitFunc__I)
                  00004e36    00000002     --HOLE-- [fill = 0]
                  00004e38    00000014     rtsv7M4_T_le_v4SPD16_eabi.lib : _lock.obj (.text)
                  00004e4c    00000014                                   : strcpy.obj (.text)
                  00004e60    00000014                                   : strlen.obj (.text)
                  00004e74    00000014     empty_pem4f.oem4f (.text:ti_sysbios_family_arm_m3_Hwi_Object__get__S)
                  00004e88    00000014     sysbios.aem4f : BIOS.obj (.text:ti_sysbios_family_arm_m3_Hwi_switchFromBootStack__E)
                  00004e9c    00000014     empty_pem4f.oem4f (.text:ti_sysbios_heaps_HeapMem_Object__get__S)
                  00004eb0    00000014     empty_pem4f.oem4f (.text:ti_sysbios_knl_Swi_Object__get__S)
                  00004ec4    00000012     driverlib.lib : timer.obj (.text:TimerLoadSet)
                  00004ed6    00000002     --HOLE-- [fill = 0]
                  00004ed8    00000012     sysbios.aem4f : BIOS.obj (.text:ti_sysbios_hal_Hwi_Module_startup__E)
                  00004eea    00000012     empty_pem4f.oem4f (.text:xdc_runtime_Startup_exec__I)
                  00004efc    00000010     empty_pem4f.oem4f (.text:.bootCodeSection:ti_catalog_arm_cortexm4_tiva_ce_Boot_init__I)
                  00004f0c    00000010     main.obj (.text:delay)
                  00004f1c    00000004     --HOLE-- [fill = 0]
                  00004f20    00000010     sysbios.aem4f : BIOS.obj (.text:ti_sysbios_BIOS_setThreadType__E)
                  00004f30    00000010                   : BIOS.obj (.text:ti_sysbios_BIOS_start__E)
                  00004f40    00000010                   : m3_TaskSupport_asm.obj (.text:ti_sysbios_family_arm_m3_TaskSupport_glue)
                  00004f50    00000010                   : BIOS.obj (.text:ti_sysbios_gates_GateMutex_Instance_finalize__E)
                  00004f60    00000010                   : BIOS.obj (.text:ti_sysbios_knl_Semaphore_Instance_finalize__E)
                  00004f70    00000010                   : BIOS.obj (.text:ti_sysbios_knl_Swi_disable__E)
                  00004f80    00000010     empty_pem4f.oem4f (.text:ti_sysbios_knl_Task_Object__get__S)
                  00004f90    00000010     sysbios.aem4f : BIOS.obj (.text:ti_sysbios_knl_Task_disable__E)
                  00004fa0    00000010     ti.targets.arm.rtsarm.aem4f : Gate.oem4f (.text:xdc_runtime_Gate_leaveSystem__E)
                  00004fb0    00000010                                 : Memory.oem4f (.text:xdc_runtime_Memory_free__E)
                  00004fc0    00000010                                 : SysMin.oem4f (.text:xdc_runtime_SysMin_ready__E)
                  00004fd0    00000010                                 : System.oem4f (.text:xdc_runtime_System_vsnprintf__E)
                  00004fe0    00000010     empty_pem4f.oem4f (.text:xdc_runtime_Text_visitRope__I)
                  00004ff0    0000000e     driverlib.lib : timer.obj (.text:TimerEnable)
                  00004ffe    0000000e     rtsv7M4_T_le_v4SPD16_eabi.lib : copy_decompress_none.obj (.text:decompress:none)
                  0000500c    00000004     --HOLE-- [fill = 0]
                  00005010    0000000e     sysbios.aem4f : BIOS.obj (.text:ti_sysbios_knl_Idle_loop__E)
                  0000501e    00000002     --HOLE-- [fill = 0]
                  00005020    0000000e                   : BIOS.obj (.text:ti_sysbios_knl_Queue_empty__E)
                  0000502e    0000000c     rtsv7M4_T_le_v4SPD16_eabi.lib : copy_zero_init.obj (.text:decompress:ZI)
                  0000503a    0000000c     main.obj (.text:main)
                  00005046    00000002     --HOLE-- [fill = 0]
                  00005048    0000000c     sysbios.aem4f : BIOS.obj (.text:ti_sysbios_family_arm_lm4_Timer_getMaxTicks__E)
                  00005054    00000004     --HOLE-- [fill = 0]
                  00005058    0000000c                   : BIOS.obj (.text:ti_sysbios_family_arm_m3_TaskSupport_checkStack__E)
                  00005064    00000004     --HOLE-- [fill = 0]
                  00005068    0000000c                   : BIOS.obj (.text:ti_sysbios_gates_GateHwi_enter__E)
                  00005074    0000000c     empty_pem4f.oem4f (.text:ti_sysbios_knl_Queue_Object__get__S)
                  00005080    0000000c     ti.targets.arm.rtsarm.aem4f : Error.oem4f (.text:xdc_runtime_Error_init__E)
                  0000508c    0000000c                                 : Gate.oem4f (.text:xdc_runtime_Gate_enterSystem__E)
                  00005098    0000000c                                 : Memory.oem4f (.text:xdc_runtime_Memory_calloc__E)
                  000050a4    0000000c                                 : Memory.oem4f (.text:xdc_runtime_Memory_getMaxDefaultTypeAlign__E)
                  000050b0    0000000a     empty_pem4f.oem4f (.text:xdc_runtime_IHeap_alloc)
                  000050ba    0000000a     empty_pem4f.oem4f (.text:xdc_runtime_IHeap_free)
                  000050c4    00000008     driverlib.lib : timer.obj (.text:TimerIntEnable)
                  000050cc    00000008     sysbios.aem4f : BIOS.obj (.text:ti_sysbios_family_arm_lm4_Timer_masterDisable__I)
                  000050d4    00000004     --HOLE-- [fill = 0]
                  000050d8    00000008                   : BIOS.obj (.text:ti_sysbios_family_arm_m3_Hwi_doSwiRestore__I)
                  000050e0    00000008                   : BIOS.obj (.text:ti_sysbios_family_arm_m3_Hwi_startup__E)
                  000050e8    00000006     driverlib.lib : gpio.obj (.text:GPIOPinWrite)
                  000050ee    00000006                   : sysctl.obj (.text:SysCtlDelay)
                  000050f4    00000006     ti.targets.arm.rtsarm.aem4f : xdc_noinit.oem4f (.text:__xdc__init)
                  000050fa    00000006     rtsv7M4_T_le_v4SPD16_eabi.lib : copy_decompress_rle.obj (.text:decompress:rle24)
                  00005100    00000006     sysbios.aem4f : BIOS.obj (.text:ti_sysbios_family_arm_m3_Hwi_doTaskRestore__I)
                  00005106    00000002     --HOLE-- [fill = 0]
                  00005108    00000006                   : BIOS.obj (.text:ti_sysbios_gates_GateHwi_leave__E)
                  0000510e    00000002     --HOLE-- [fill = 0]
                  00005110    00000006                   : BIOS.obj (.text:ti_sysbios_heaps_HeapMem_isBlocking__E)
                  00005116    00000002     --HOLE-- [fill = 0]
                  00005118    00000006                   : BIOS.obj (.text:ti_sysbios_knl_Queue_Instance_init__E)
                  0000511e    00000002     --HOLE-- [fill = 0]
                  00005120    00000006                   : BIOS.obj (.text:ti_sysbios_knl_Swi_startup__E)
                  00005126    00000006     ti.targets.arm.rtsarm.aem4f : System.oem4f (.text:xdc_runtime_System_Module_startup__E)
                  0000512c    00000004     --HOLE-- [fill = 0]
                  00005130    00000004     sysbios.aem4f : BIOS.obj (.text:ti_sysbios_gates_GateHwi_query__E)
                  00005134    00000004     --HOLE-- [fill = 0]
                  00005138    00000004                   : BIOS.obj (.text:ti_sysbios_gates_GateMutex_query__E)
                  0000513c    00000004     --HOLE-- [fill = 0]
                  00005140    00000004                   : BIOS.obj (.text:ti_sysbios_knl_Task_startup__E)
                  00005144    00000004     --HOLE-- [fill = 0]
                  00005148    00000002                   : BIOS.obj (.text:ti_sysbios_gates_GateHwi_Instance_init__E)
                  0000514a    00000006     --HOLE-- [fill = 0]
                  00005150    00000002                   : BIOS.obj (.text:ti_sysbios_knl_Clock_logTick__E)

.const     0    00005154    000020a9     
                  00005154    0000186c     empty_pem4f.oem4f (.const:xdc_runtime_Text_charTab__A)
                  000069c0    00000120     Boot.aem4f : Boot_sysctl.oem4f (.const:g_pppui32XTALtoVCO)
                  00006ae0    00000120     driverlib.lib : sysctl.obj (.const:g_pppui32XTALtoVCO)
                  00006c00    000000bc     empty_pem4f.oem4f (.const:xdc_runtime_Text_nodeTab__A)
                  00006cbc    0000006c     Boot.aem4f : Boot_sysctl.oem4f (.const:g_pui32Xtals)
                  00006d28    0000006c     driverlib.lib : sysctl.obj (.const:g_pui32Xtals)
                  00006d94    00000048     empty_pem4f.oem4f (.const:.string)
                  00006ddc    00000030     Boot.aem4f : Boot_sysctl.oem4f (.const:g_sXTALtoMEMTIM)
                  00006e0c    00000030     driverlib.lib : sysctl.obj (.const:g_sXTALtoMEMTIM)
                  00006e3c    00000028     empty_pem4f.oem4f (.const:ti_sysbios_heaps_HeapMem_Module__FXNS__C)
                  00006e64    00000024     empty_pem4f.oem4f (.const:ti_sysbios_gates_GateHwi_Module__FXNS__C)
                  00006e88    00000024     empty_pem4f.oem4f (.const:ti_sysbios_gates_GateMutex_Module__FXNS__C)
                  00006eac    00000024     empty_pem4f.oem4f (.const:ti_sysbios_heaps_HeapMem_Object__PARAMS__C)
                  00006ed0    00000024     empty_pem4f.oem4f (.const:ti_sysbios_knl_Semaphore_Object__PARAMS__C)
                  00006ef4    00000020     empty_pem4f.oem4f (.const:ti_sysbios_gates_GateHwi_Object__DESC__C)
                  00006f14    00000020     empty_pem4f.oem4f (.const:ti_sysbios_gates_GateMutex_Object__DESC__C)
                  00006f34    00000020     empty_pem4f.oem4f (.const:ti_sysbios_heaps_HeapMem_Object__DESC__C)
                  00006f54    00000020     empty_pem4f.oem4f (.const:ti_sysbios_knl_Queue_Object__DESC__C)
                  00006f74    00000020     empty_pem4f.oem4f (.const:ti_sysbios_knl_Semaphore_Object__DESC__C)
                  00006f94    00000020     empty_pem4f.oem4f (.const:xdc_runtime_Startup_sfxnTab__A)
                  00006fb4    00000018     empty_pem4f.oem4f (.const:ti_sysbios_gates_GateHwi_Object__PARAMS__C)
                  00006fcc    00000018     empty_pem4f.oem4f (.const:ti_sysbios_gates_GateMutex_Object__PARAMS__C)
                  00006fe4    00000018     empty_pem4f.oem4f (.const:ti_sysbios_knl_Queue_Object__PARAMS__C)
                  00006ffc    00000014     empty_pem4f.oem4f (.const:xdc_runtime_Startup_firstFxns__A)
                  00007010    00000010     empty_pem4f.oem4f (.const:xdc_runtime_Startup_sfxnRts__A)
                  00007020    00000008     Boot.aem4f : Boot_sysctl.oem4f (.const)
                  00007028    00000008     driverlib.lib : sysctl.obj (.const)
                  00007030    00000008     empty_pem4f.oem4f (.const:ti_sysbios_family_arm_m3_Hwi_excHookFuncs__A)
                  00007038    00000008     empty_pem4f.oem4f (.const:ti_sysbios_knl_Idle_funcList__C)
                  00007040    00000008     empty_pem4f.oem4f (.const:xdc_runtime_Startup_firstFxns__C)
                  00007048    00000008     empty_pem4f.oem4f (.const:xdc_runtime_Startup_lastFxns__C)
                  00007050    00000004     empty_pem4f.oem4f (.const:ti_catalog_arm_cortexm4_tiva_ce_Boot_A_mustNotUseEnhancedClockMode__C)
                  00007054    00000004     empty_pem4f.oem4f (.const:ti_catalog_arm_cortexm4_tiva_ce_Boot_Module__diagsEnabled__C)
                  00007058    00000004     empty_pem4f.oem4f (.const:ti_catalog_arm_cortexm4_tiva_ce_Boot_Module__diagsIncluded__C)
                  0000705c    00000004     empty_pem4f.oem4f (.const:ti_catalog_arm_cortexm4_tiva_ce_Boot_Module__diagsMask__C)
                  00007060    00000004     empty_pem4f.oem4f (.const:ti_sysbios_family_arm_lm4_Timer_enableFunc__C)
                  00007064    00000004     empty_pem4f.oem4f (.const:ti_sysbios_family_arm_lm4_Timer_numTimerDevices__C)
                  00007068    00000004     empty_pem4f.oem4f (.const:ti_sysbios_family_arm_lm4_Timer_startupNeeded__C)
                  0000706c    00000004     empty_pem4f.oem4f (.const:ti_sysbios_family_arm_m3_Hwi_E_NMI__C)
                  00007070    00000004     empty_pem4f.oem4f (.const:ti_sysbios_family_arm_m3_Hwi_E_busFault__C)
                  00007074    00000004     empty_pem4f.oem4f (.const:ti_sysbios_family_arm_m3_Hwi_E_debugMon__C)
                  00007078    00000004     empty_pem4f.oem4f (.const:ti_sysbios_family_arm_m3_Hwi_E_hardFault__C)
                  0000707c    00000004     empty_pem4f.oem4f (.const:ti_sysbios_family_arm_m3_Hwi_E_memFault__C)
                  00007080    00000004     empty_pem4f.oem4f (.const:ti_sysbios_family_arm_m3_Hwi_E_noIsr__C)
                  00007084    00000004     empty_pem4f.oem4f (.const:ti_sysbios_family_arm_m3_Hwi_E_reserved__C)
                  00007088    00000004     empty_pem4f.oem4f (.const:ti_sysbios_family_arm_m3_Hwi_E_svCall__C)
                  0000708c    00000004     empty_pem4f.oem4f (.const:ti_sysbios_family_arm_m3_Hwi_E_usageFault__C)
                  00007090    00000004     empty_pem4f.oem4f (.const:ti_sysbios_family_arm_m3_Hwi_NUM_INTERRUPTS__C)
                  00007094    00000004     empty_pem4f.oem4f (.const:ti_sysbios_family_arm_m3_Hwi_Object__count__C)
                  00007098    00000004     empty_pem4f.oem4f (.const:ti_sysbios_family_arm_m3_Hwi_ccr__C)
                  0000709c    00000004     empty_pem4f.oem4f (.const:ti_sysbios_family_arm_m3_Hwi_excHandlerFunc__C)
                  000070a0    00000004     empty_pem4f.oem4f (.const:ti_sysbios_family_arm_m3_Hwi_excHookFuncs__C)
                  000070a4    00000004     empty_pem4f.oem4f (.const:ti_sysbios_family_arm_m3_Hwi_nullIsrFunc__C)
                  000070a8    00000004     empty_pem4f.oem4f (.const:ti_sysbios_family_arm_m3_Hwi_priGroup__C)
                  000070ac    00000004     empty_pem4f.oem4f (.const:ti_sysbios_gates_GateMutex_A_badContext__C)
                  000070b0    00000004     empty_pem4f.oem4f (.const:ti_sysbios_gates_GateMutex_Instance_State_sem__O)
                  000070b4    00000004     empty_pem4f.oem4f (.const:ti_sysbios_gates_GateMutex_Module__diagsEnabled__C)
                  000070b8    00000004     empty_pem4f.oem4f (.const:ti_sysbios_gates_GateMutex_Module__diagsIncluded__C)
                  000070bc    00000004     empty_pem4f.oem4f (.const:ti_sysbios_gates_GateMutex_Module__diagsMask__C)
                  000070c0    00000004     empty_pem4f.oem4f (.const:ti_sysbios_hal_Hwi_E_stackOverflow__C)
                  000070c4    00000004     empty_pem4f.oem4f (.const:ti_sysbios_heaps_HeapMem_A_align__C)
                  000070c8    00000004     empty_pem4f.oem4f (.const:ti_sysbios_heaps_HeapMem_A_heapSize__C)
                  000070cc    00000004     empty_pem4f.oem4f (.const:ti_sysbios_heaps_HeapMem_A_invalidFree__C)
                  000070d0    00000004     empty_pem4f.oem4f (.const:ti_sysbios_heaps_HeapMem_A_zeroBlock__C)
                  000070d4    00000004     empty_pem4f.oem4f (.const:ti_sysbios_heaps_HeapMem_E_memory__C)
                  000070d8    00000004     empty_pem4f.oem4f (.const:ti_sysbios_heaps_HeapMem_Module__diagsEnabled__C)
                  000070dc    00000004     empty_pem4f.oem4f (.const:ti_sysbios_heaps_HeapMem_Module__diagsIncluded__C)
                  000070e0    00000004     empty_pem4f.oem4f (.const:ti_sysbios_heaps_HeapMem_Module__diagsMask__C)
                  000070e4    00000004     empty_pem4f.oem4f (.const:ti_sysbios_heaps_HeapMem_Module__gateObj__C)
                  000070e8    00000004     empty_pem4f.oem4f (.const:ti_sysbios_heaps_HeapMem_Object__count__C)
                  000070ec    00000004     empty_pem4f.oem4f (.const:ti_sysbios_heaps_HeapMem_reqAlign__C)
                  000070f0    00000004     empty_pem4f.oem4f (.const:ti_sysbios_knl_Clock_Module_State_clockQ__O)
                  000070f4    00000004     empty_pem4f.oem4f (.const:ti_sysbios_knl_Idle_funcList__A)
                  000070f8    00000004     empty_pem4f.oem4f (.const:ti_sysbios_knl_Semaphore_A_badContext__C)
                  000070fc    00000004     empty_pem4f.oem4f (.const:ti_sysbios_knl_Semaphore_A_noEvents__C)
                  00007100    00000004     empty_pem4f.oem4f (.const:ti_sysbios_knl_Semaphore_A_overflow__C)
                  00007104    00000004     empty_pem4f.oem4f (.const:ti_sysbios_knl_Semaphore_A_pendTaskDisabled__C)
                  00007108    00000004     empty_pem4f.oem4f (.const:ti_sysbios_knl_Semaphore_Instance_State_pendQ__O)
                  0000710c    00000004     empty_pem4f.oem4f (.const:ti_sysbios_knl_Semaphore_Module__diagsEnabled__C)
                  00007110    00000004     empty_pem4f.oem4f (.const:ti_sysbios_knl_Semaphore_Module__diagsIncluded__C)
                  00007114    00000004     empty_pem4f.oem4f (.const:ti_sysbios_knl_Semaphore_Module__diagsMask__C)
                  00007118    00000004     empty_pem4f.oem4f (.const:ti_sysbios_knl_Swi_Object__count__C)
                  0000711c    00000004     empty_pem4f.oem4f (.const:ti_sysbios_knl_Task_E_spOutOfBounds__C)
                  00007120    00000004     empty_pem4f.oem4f (.const:ti_sysbios_knl_Task_E_stackOverflow__C)
                  00007124    00000004     empty_pem4f.oem4f (.const:ti_sysbios_knl_Task_Module_State_inactiveQ__O)
                  00007128    00000004     empty_pem4f.oem4f (.const:ti_sysbios_knl_Task_Object__count__C)
                  0000712c    00000004     empty_pem4f.oem4f (.const:ti_sysbios_knl_Task_allBlockedFunc__C)
                  00007130    00000004     empty_pem4f.oem4f (.const:ti_sysbios_knl_Task_numConstructedTasks__C)
                  00007134    00000004     empty_pem4f.oem4f (.const:xdc_runtime_Assert_E_assertFailed__C)
                  00007138    00000004     empty_pem4f.oem4f (.const:xdc_runtime_Core_A_initializedParams__C)
                  0000713c    00000004     empty_pem4f.oem4f (.const:xdc_runtime_Core_Module__diagsEnabled__C)
                  00007140    00000004     empty_pem4f.oem4f (.const:xdc_runtime_Core_Module__diagsIncluded__C)
                  00007144    00000004     empty_pem4f.oem4f (.const:xdc_runtime_Core_Module__diagsMask__C)
                  00007148    00000004     empty_pem4f.oem4f (.const:xdc_runtime_Error_E_memory__C)
                  0000714c    00000004     empty_pem4f.oem4f (.const:xdc_runtime_Error_Module__diagsEnabled__C)
                  00007150    00000004     empty_pem4f.oem4f (.const:xdc_runtime_Error_Module__diagsIncluded__C)
                  00007154    00000004     empty_pem4f.oem4f (.const:xdc_runtime_Error_Module__diagsMask__C)
                  00007158    00000004     empty_pem4f.oem4f (.const:xdc_runtime_Error_Module__loggerFxn8__C)
                  0000715c    00000004     empty_pem4f.oem4f (.const:xdc_runtime_Error_Module__loggerObj__C)
                  00007160    00000004     empty_pem4f.oem4f (.const:xdc_runtime_Error_policyFxn__C)
                  00007164    00000004     empty_pem4f.oem4f (.const:xdc_runtime_Error_raiseHook__C)
                  00007168    00000004     empty_pem4f.oem4f (.const:xdc_runtime_IGateProvider_Interface__BASE__C)
                  0000716c    00000004     empty_pem4f.oem4f (.const:xdc_runtime_IHeap_Interface__BASE__C)
                  00007170    00000004     empty_pem4f.oem4f (.const:xdc_runtime_IModule_Interface__BASE__C)
                  00007174    00000004     empty_pem4f.oem4f (.const:xdc_runtime_Log_L_error__C)
                  00007178    00000004     empty_pem4f.oem4f (.const:xdc_runtime_Log_L_info__C)
                  0000717c    00000004     empty_pem4f.oem4f (.const:xdc_runtime_Main_Module__diagsEnabled__C)
                  00007180    00000004     empty_pem4f.oem4f (.const:xdc_runtime_Main_Module__diagsIncluded__C)
                  00007184    00000004     empty_pem4f.oem4f (.const:xdc_runtime_Main_Module__diagsMask__C)
                  00007188    00000004     empty_pem4f.oem4f (.const:xdc_runtime_Main_Module__loggerFxn4__C)
                  0000718c    00000004     empty_pem4f.oem4f (.const:xdc_runtime_Main_Module__loggerObj__C)
                  00007190    00000004     empty_pem4f.oem4f (.const:xdc_runtime_Memory_defaultHeapInstance__C)
                  00007194    00000004     empty_pem4f.oem4f (.const:xdc_runtime_Startup_execImpl__C)
                  00007198    00000004     empty_pem4f.oem4f (.const:xdc_runtime_Startup_maxPasses__C)
                  0000719c    00000004     empty_pem4f.oem4f (.const:xdc_runtime_Startup_sfxnRts__C)
                  000071a0    00000004     empty_pem4f.oem4f (.const:xdc_runtime_Startup_sfxnTab__C)
                  000071a4    00000004     empty_pem4f.oem4f (.const:xdc_runtime_SysMin_bufSize__C)
                  000071a8    00000004     empty_pem4f.oem4f (.const:xdc_runtime_SysMin_outputFunc__C)
                  000071ac    00000004     empty_pem4f.oem4f (.const:xdc_runtime_System_Module__gateObj__C)
                  000071b0    00000004     empty_pem4f.oem4f (.const:xdc_runtime_System_abortFxn__C)
                  000071b4    00000004     empty_pem4f.oem4f (.const:xdc_runtime_System_exitFxn__C)
                  000071b8    00000004     empty_pem4f.oem4f (.const:xdc_runtime_System_extendFxn__C)
                  000071bc    00000004     empty_pem4f.oem4f (.const:xdc_runtime_System_maxAtexitHandlers__C)
                  000071c0    00000004     empty_pem4f.oem4f (.const:xdc_runtime_Text_charTab__C)
                  000071c4    00000004     empty_pem4f.oem4f (.const:xdc_runtime_Text_nameEmpty__C)
                  000071c8    00000004     empty_pem4f.oem4f (.const:xdc_runtime_Text_nameStatic__C)
                  000071cc    00000004     empty_pem4f.oem4f (.const:xdc_runtime_Text_nameUnknown__C)
                  000071d0    00000004     empty_pem4f.oem4f (.const:xdc_runtime_Text_nodeTab__C)
                  000071d4    00000004     empty_pem4f.oem4f (.const:xdc_runtime_Text_visitRopeFxn__C)
                  000071d8    00000002     empty_pem4f.oem4f (.const:ti_catalog_arm_cortexm4_tiva_ce_Boot_Module__id__C)
                  000071da    00000002     empty_pem4f.oem4f (.const:ti_sysbios_family_arm_m3_Hwi_Module__id__C)
                  000071dc    00000002     empty_pem4f.oem4f (.const:ti_sysbios_gates_GateMutex_Module__id__C)
                  000071de    00000002     empty_pem4f.oem4f (.const:ti_sysbios_hal_Hwi_Module__id__C)
                  000071e0    00000002     empty_pem4f.oem4f (.const:ti_sysbios_heaps_HeapMem_Module__id__C)
                  000071e2    00000002     empty_pem4f.oem4f (.const:ti_sysbios_knl_Semaphore_Module__id__C)
                  000071e4    00000002     empty_pem4f.oem4f (.const:ti_sysbios_knl_Task_Module__id__C)
                  000071e6    00000002     empty_pem4f.oem4f (.const:xdc_runtime_Core_Module__id__C)
                  000071e8    00000002     empty_pem4f.oem4f (.const:xdc_runtime_Error_Module__loggerDefined__C)
                  000071ea    00000002     empty_pem4f.oem4f (.const:xdc_runtime_Error_maxDepth__C)
                  000071ec    00000002     empty_pem4f.oem4f (.const:xdc_runtime_Main_Module__id__C)
                  000071ee    00000002     empty_pem4f.oem4f (.const:xdc_runtime_Main_Module__loggerDefined__C)
                  000071f0    00000002     empty_pem4f.oem4f (.const:xdc_runtime_Memory_Module__id__C)
                  000071f2    00000002     empty_pem4f.oem4f (.const:xdc_runtime_SysMin_flushAtExit__C)
                  000071f4    00000002     empty_pem4f.oem4f (.const:xdc_runtime_Text_charCnt__C)
                  000071f6    00000002     empty_pem4f.oem4f (.const:xdc_runtime_Text_isLoaded__C)
                  000071f8    00000002     empty_pem4f.oem4f (.const:xdc_runtime_Text_registryModsLastId__C)
                  000071fa    00000002     empty_pem4f.oem4f (.const:xdc_runtime_Text_unnamedModsLastId__C)
                  000071fc    00000001     empty_pem4f.oem4f (.const:xdc_runtime_Error_policy__C)

.cinit     0    00007200    00000370     
                  00007200    00000337     (.cinit..data.load) [load image, compression = rle]
                  00007537    00000001     --HOLE-- [fill = 0]
                  00007538    0000000c     (__TI_handler_table)
                  00007544    00000004     --HOLE-- [fill = 0]
                  00007548    00000008     (.cinit..bss.load) [load image, compression = zero_init]
                  00007550    00000008     (.cinit..vecs.load) [load image, compression = zero_init]
                  00007558    00000018     (__TI_cinit_table)

.init_array 
*          0    00000000    00000000     UNINITIALIZED

.resetVecs 
*          0    00000000    0000003c     
                  00000000    0000003c     empty_pem4f.oem4f (.resetVecs)

.vecs      0    20000000    00000360     UNINITIALIZED
                  20000000    00000360     empty_pem4f.oem4f (.vecs)

.bss       0    20000360    00000b08     UNINITIALIZED
                  20000360    00000400     empty_pem4f.oem4f (.bss:ti_sysbios_heaps_HeapMem_Instance_State_0_buf__A)
                  20000760    00000360     empty_pem4f.oem4f (.bss:ti_sysbios_family_arm_m3_Hwi_dispatchTable)
                  20000ac0    00000200     empty_pem4f.oem4f (.bss:taskStackSection)
                  20000cc0    00000120     rtsv7M4_T_le_v4SPD16_eabi.lib : trgmsg.obj (.bss:__CIOBUF_)
                  20000de0    00000080     empty_pem4f.oem4f (.bss:xdc_runtime_SysMin_Module_State_0_outbuf__A)
                  20000e60    00000008     (.common:parmbuf)

.data      0    20000e68    00000457     UNINITIALIZED
                  20000e68    00000114     empty_pem4f.oem4f (.data)
                  20000f7c    00000080     empty_pem4f.oem4f (.data:ti_sysbios_knl_Swi_Module_State_0_readyQ__A)
                  20000ffc    00000080     empty_pem4f.oem4f (.data:ti_sysbios_knl_Task_Module_State_0_readyQ__A)
                  2000107c    0000004c     empty_pem4f.oem4f (.data:ti_sysbios_knl_Task_Object__table__V)
                  200010c8    00000044     empty_pem4f.oem4f (.data:ti_sysbios_knl_Task_Module__state__V)
                  2000110c    00000040     empty_pem4f.oem4f (.data:ti_sysbios_family_arm_lm4_Timer_Module_State_0_device__A)
                  2000114c    00000040     empty_pem4f.oem4f (.data:ti_sysbios_family_arm_lm4_Timer_Object__table__V)
                  2000118c    00000038     empty_pem4f.oem4f (.data:ti_sysbios_gates_GateMutex_Object__table__V)
                  200011c4    00000034     empty_pem4f.oem4f (.data:ti_sysbios_family_arm_m3_Hwi_Module__state__V)
                  200011f8    00000030     empty_pem4f.oem4f (.data:ti_sysbios_family_arm_m3_Hwi_Object__table__V)
                  20001228    00000030     empty_pem4f.oem4f (.data:ti_sysbios_knl_Swi_Object__table__V)
                  20001258    0000002c     empty_pem4f.oem4f (.data:ti_sysbios_knl_Clock_Module__state__V)
                  20001284    00000024     empty_pem4f.oem4f (.data:ti_sysbios_BIOS_Module__state__V)
                  200012a8    00000008     rtsv7M4_T_le_v4SPD16_eabi.lib : _lock.obj (.data)
                  200012b0    00000008                                   : exit.obj (.data)
                  200012b8    00000004                                   : stkdepth_vars.obj (.data)
                  200012bc    00000003     main.obj (.data)

.stack     0    200012c0    00000300     UNINITIALIZED
                  200012c0    00000300     --HOLE--

.bootVecs 
*          0    00000000    00000008     DSECT
                  00000000    00000008     boot.aem4f : boot.oem4f (.bootVecs)

xdc.meta   0    00000000    000000dc     COPY SECTION
                  00000000    000000dc     empty_pem4f.oem4f (xdc.meta)

.TI.noinit 
*          0    20000360    00000000     UNINITIALIZED

.TI.persistent 
*          0    20000e68    00000000     UNINITIALIZED


LINKER GENERATED COPY TABLES

__TI_cinit_table @ 00007558 records: 3, size/record: 8, table size: 24
	.data: load addr=00007200, load size=00000337 bytes, run addr=20000e68, run size=00000457 bytes, compression=rle
	.bss: load addr=00007548, load size=00000008 bytes, run addr=20000360, run size=00000b08 bytes, compression=zero_init
	.vecs: load addr=00007550, load size=00000008 bytes, run addr=20000000, run size=00000360 bytes, compression=zero_init


LINKER GENERATED HANDLER TABLE

__TI_handler_table @ 00007538 records: 3, size/record: 4, table size: 12
	index: 0, handler: __TI_decompress_rle24
	index: 1, handler: __TI_decompress_none
	index: 2, handler: __TI_zero_init


GLOBAL SYMBOLS: SORTED ALPHABETICALLY BY Name 

address   name                                                                 
-------   ----                                                                 
00003fb1  C$$EXIT                                                              
000036b7  C$$IO$$                                                              
000047c1  GPIODirModeSet                                                       
00001d5d  GPIOPadConfigSet                                                     
00004d2d  GPIOPinTypeGPIOOutput                                                
000050e9  GPIOPinWrite                                                         
00000a49  HOSTclock                                                            
00000a11  HOSTclose                                                            
000009d3  HOSTgetenv                                                           
00000977  HOSTlseek                                                            
00000925  HOSTopen                                                             
000008d9  HOSTread                                                             
0000087b  HOSTrename                                                           
00000841  HOSTtime                                                             
00000809  HOSTunlink                                                           
000007bd  HOSTwrite                                                            
UNDEFED   SHT$$INIT_ARRAY$$Base                                                
UNDEFED   SHT$$INIT_ARRAY$$Limit                                               
000011f1  SysCtlClockFreqSet                                                   
000020c9  SysCtlClockGet                                                       
000050ef  SysCtlDelay                                                          
000043b9  SysCtlPeripheralEnable                                               
00003825  TimerConfigure                                                       
00004ff1  TimerEnable                                                          
000050c5  TimerIntEnable                                                       
00004ec5  TimerLoadSet                                                         
00000000  __ASM__                                                              
20000cc0  __CIOBUF_                                                            
0000005a  __ISA__                                                              
0000006d  __PLAT__                                                             
200015c0  __STACK_END                                                          
00000300  __STACK_SIZE                                                         
0000008e  __TARG__                                                             
00007558  __TI_CINIT_Base                                                      
00007570  __TI_CINIT_Limit                                                     
00007538  __TI_Handler_Table_Base                                              
00007544  __TI_Handler_Table_Limit                                             
00002ca9  __TI_auto_init                                                       
200012b0  __TI_cleanup_ptr                                                     
00004fff  __TI_decompress_none                                                 
000050fb  __TI_decompress_rle24                                                
200012b4  __TI_dtors_ptr                                                       
000036bb  __TI_readmsg                                                         
00007200  __TI_static_base__                                                   
00003689  __TI_writemsg                                                        
0000502f  __TI_zero_init                                                       
000000b4  __TRDR__                                                             
0000305f  __aeabi_idiv0                                                        
0000329d  __aeabi_memclr                                                       
0000329d  __aeabi_memclr4                                                      
0000329d  __aeabi_memclr8                                                      
00002de9  __aeabi_memcpy                                                       
00002de9  __aeabi_memcpy4                                                      
00002de9  __aeabi_memcpy8                                                      
0000329f  __aeabi_memset                                                       
0000329f  __aeabi_memset4                                                      
0000329f  __aeabi_memset8                                                      
00004199  __aeabi_uidiv                                                        
00004199  __aeabi_uidivmod                                                     
ffffffff  __binit__                                                            
ffffffff  __c_args__                                                           
200012c0  __stack                                                              
000050f5  __xdc__init                                                          
20000f78  __xdc__init__addr                                                    
00004d45  _args_main                                                           
00003ac1  _c_int00                                                             
200012a8  _lock                                                                
00004e47  _nop                                                                 
00004e3f  _register_lock                                                       
00004e39  _register_unlock                                                     
200012ac  _unlock                                                              
00003fb5  abort                                                                
ffffffff  binit                                                                
00003d09  copy_in                                                              
00004f0d  delay                                                                
00003fbd  exit                                                                 
00003389  hardware_init                                                        
200012bc  i16ToggleCount                                                       
000025b9  ledToggle                                                            
0000503b  main                                                                 
200012b8  main_func_sp                                                         
00002de9  memcpy                                                               
000032a5  memset                                                               
00004e4d  strcpy                                                               
00004e61  strlen                                                               
00007050  ti_catalog_arm_cortexm4_tiva_ce_Boot_A_mustNotUseEnhancedClockMode__C
00007054  ti_catalog_arm_cortexm4_tiva_ce_Boot_Module__diagsEnabled__C         
00007058  ti_catalog_arm_cortexm4_tiva_ce_Boot_Module__diagsIncluded__C        
0000705c  ti_catalog_arm_cortexm4_tiva_ce_Boot_Module__diagsMask__C            
000071d8  ti_catalog_arm_cortexm4_tiva_ce_Boot_Module__id__C                   
00004efd  ti_catalog_arm_cortexm4_tiva_ce_Boot_init__I                         
000013f5  ti_catalog_arm_cortexm4_tiva_ce_Boot_sysCtlClockFreqSetI__I          
00003061  ti_catalog_arm_cortexm4_tiva_ce_Boot_sysCtlClockFreqSet__E           
20001284  ti_sysbios_BIOS_Module__state__V                                     
00004c91  ti_sysbios_BIOS_RtsGateProxy_Handle__label__S                        
0000491d  ti_sysbios_BIOS_RtsGateProxy_Object__delete__S                       
00000fa5  ti_sysbios_BIOS_RtsGateProxy_enter__E                                
000017f5  ti_sysbios_BIOS_RtsGateProxy_leave__E                                
00005139  ti_sysbios_BIOS_RtsGateProxy_query__E                                
000044fd  ti_sysbios_BIOS_atExitFunc__I                                        
0000488d  ti_sysbios_BIOS_errorRaiseHook__I                                    
00004e21  ti_sysbios_BIOS_exitFunc__I                                          
00003317  ti_sysbios_BIOS_nullFunc__I                                          
000048b1  ti_sysbios_BIOS_registerRTSLock__I                                   
000048d5  ti_sysbios_BIOS_removeRTSLock__I                                     
00004a15  ti_sysbios_BIOS_rtsLock__I                                           
00004d5d  ti_sysbios_BIOS_rtsUnlock__I                                         
00004f21  ti_sysbios_BIOS_setThreadType__E                                     
000048f9  ti_sysbios_BIOS_startFunc__I                                         
00004f31  ti_sysbios_BIOS_start__E                                             
2000110c  ti_sysbios_family_arm_lm4_Timer_Module_State_0_device__A             
20000e70  ti_sysbios_family_arm_lm4_Timer_Module_State_0_handles__A            
20000e68  ti_sysbios_family_arm_lm4_Timer_Module__root__V                      
00004d75  ti_sysbios_family_arm_lm4_Timer_Module__startupDone__F               
00004d75  ti_sysbios_family_arm_lm4_Timer_Module__startupDone__S               
20000e90  ti_sysbios_family_arm_lm4_Timer_Module__state__V                     
00003759  ti_sysbios_family_arm_lm4_Timer_Module_startup__E                    
2000114c  ti_sysbios_family_arm_lm4_Timer_Object__table__V                     
00007060  ti_sysbios_family_arm_lm4_Timer_enableFunc__C                        
00002c01  ti_sysbios_family_arm_lm4_Timer_enableTimers__I                      
00002b51  ti_sysbios_family_arm_lm4_Timer_enableTiva__I                        
00005049  ti_sysbios_family_arm_lm4_Timer_getMaxTicks__E                       
00003ff9  ti_sysbios_family_arm_lm4_Timer_isrStub__E                           
000050cd  ti_sysbios_family_arm_lm4_Timer_masterDisable__I                     
0000196d  ti_sysbios_family_arm_lm4_Timer_masterEnable__I                      
00007064  ti_sysbios_family_arm_lm4_Timer_numTimerDevices__C                   
00001e91  ti_sysbios_family_arm_lm4_Timer_start__E                             
00007068  ti_sysbios_family_arm_lm4_Timer_startupNeeded__C                     
000041d9  ti_sysbios_family_arm_lm4_Timer_startup__E                           
00004531  ti_sysbios_family_arm_lm4_Timer_stop__E                              
000049b1  ti_sysbios_family_arm_lm4_Timer_write__I                             
0000706c  ti_sysbios_family_arm_m3_Hwi_E_NMI__C                                
00007070  ti_sysbios_family_arm_m3_Hwi_E_busFault__C                           
00007074  ti_sysbios_family_arm_m3_Hwi_E_debugMon__C                           
00007078  ti_sysbios_family_arm_m3_Hwi_E_hardFault__C                          
0000707c  ti_sysbios_family_arm_m3_Hwi_E_memFault__C                           
00007080  ti_sysbios_family_arm_m3_Hwi_E_noIsr__C                              
00007084  ti_sysbios_family_arm_m3_Hwi_E_reserved__C                           
00007088  ti_sysbios_family_arm_m3_Hwi_E_svCall__C                             
0000708c  ti_sysbios_family_arm_m3_Hwi_E_usageFault__C                         
00004c5d  ti_sysbios_family_arm_m3_Hwi_Handle__label__S                        
20000ea4  ti_sysbios_family_arm_m3_Hwi_Module_State_0_excActive__A             
20000ea8  ti_sysbios_family_arm_m3_Hwi_Module_State_0_excContext__A            
20000eac  ti_sysbios_family_arm_m3_Hwi_Module_State_0_excStack__A              
000071da  ti_sysbios_family_arm_m3_Hwi_Module__id__C                           
20000e9c  ti_sysbios_family_arm_m3_Hwi_Module__root__V                         
00004d8d  ti_sysbios_family_arm_m3_Hwi_Module__startupDone__F                  
00004d8d  ti_sysbios_family_arm_m3_Hwi_Module__startupDone__S                  
200011c4  ti_sysbios_family_arm_m3_Hwi_Module__state__V                        
00003c19  ti_sysbios_family_arm_m3_Hwi_Module_startup__E                       
00007090  ti_sysbios_family_arm_m3_Hwi_NUM_INTERRUPTS__C                       
00007094  ti_sysbios_family_arm_m3_Hwi_Object__count__C                        
00004e75  ti_sysbios_family_arm_m3_Hwi_Object__get__S                          
200011f8  ti_sysbios_family_arm_m3_Hwi_Object__table__V                        
00007098  ti_sysbios_family_arm_m3_Hwi_ccr__C                                  
00003e91  ti_sysbios_family_arm_m3_Hwi_disableInterrupt__E                     
000037c1  ti_sysbios_family_arm_m3_Hwi_dispatchC__I                            
20000760  ti_sysbios_family_arm_m3_Hwi_dispatchTable                           
000024c5  ti_sysbios_family_arm_m3_Hwi_dispatch__I                             
000050d9  ti_sysbios_family_arm_m3_Hwi_doSwiRestore__I                         
00005101  ti_sysbios_family_arm_m3_Hwi_doTaskRestore__I                        
00003ed9  ti_sysbios_family_arm_m3_Hwi_enableInterrupt__E                      
000017f9  ti_sysbios_family_arm_m3_Hwi_excBusFault__I                          
00002861  ti_sysbios_family_arm_m3_Hwi_excDebugMon__I                          
00000041  ti_sysbios_family_arm_m3_Hwi_excDumpRegs__I                          
00004a35  ti_sysbios_family_arm_m3_Hwi_excHandlerAsm__I                        
0000709c  ti_sysbios_family_arm_m3_Hwi_excHandlerFunc__C                       
000015f9  ti_sysbios_family_arm_m3_Hwi_excHandlerMax__I                        
00004a59  ti_sysbios_family_arm_m3_Hwi_excHandler__I                           
00002921  ti_sysbios_family_arm_m3_Hwi_excHardFault__I                         
00007030  ti_sysbios_family_arm_m3_Hwi_excHookFuncs__A                         
000070a0  ti_sysbios_family_arm_m3_Hwi_excHookFuncs__C                         
00001ad9  ti_sysbios_family_arm_m3_Hwi_excMemFault__I                          
000043f1  ti_sysbios_family_arm_m3_Hwi_excNmi__I                               
000042d9  ti_sysbios_family_arm_m3_Hwi_excNoIsr__I                             
00003f21  ti_sysbios_family_arm_m3_Hwi_excReserved__I                          
00004219  ti_sysbios_family_arm_m3_Hwi_excSvCall__I                            
00001971  ti_sysbios_family_arm_m3_Hwi_excUsageFault__I                        
00004041  ti_sysbios_family_arm_m3_Hwi_getStackInfo__E                         
000030f9  ti_sysbios_family_arm_m3_Hwi_initNVIC__E                             
00003b19  ti_sysbios_family_arm_m3_Hwi_initStacks__E                           
000070a4  ti_sysbios_family_arm_m3_Hwi_nullIsrFunc__C                          
e000e000  ti_sysbios_family_arm_m3_Hwi_nvic                                    
00004841  ti_sysbios_family_arm_m3_Hwi_pendSV__I                               
00003219  ti_sysbios_family_arm_m3_Hwi_postInit__I                             
000070a8  ti_sysbios_family_arm_m3_Hwi_priGroup__C                             
20000000  ti_sysbios_family_arm_m3_Hwi_ramVectors                              
00000000  ti_sysbios_family_arm_m3_Hwi_resetVectors                            
00004865  ti_sysbios_family_arm_m3_Hwi_return                                  
000050e1  ti_sysbios_family_arm_m3_Hwi_startup__E                              
00004e89  ti_sysbios_family_arm_m3_Hwi_switchFromBootStack__E                  
00001ad5  ti_sysbios_family_arm_m3_TaskSupport_Module__startupDone__S          
0000318d  ti_sysbios_family_arm_m3_TaskSupport_buildTaskStack                  
00005059  ti_sysbios_family_arm_m3_TaskSupport_checkStack__E                   
00004f41  ti_sysbios_family_arm_m3_TaskSupport_glue                            
00004561  ti_sysbios_family_arm_m3_TaskSupport_start__E                        
00004da5  ti_sysbios_family_arm_m3_TaskSupport_swap__E                         
00004b39  ti_sysbios_family_xxx_Hwi_switchAndRunFunc                           
00004c77  ti_sysbios_gates_GateHwi_Handle__label__S                            
00005149  ti_sysbios_gates_GateHwi_Instance_init__E                            
00006e64  ti_sysbios_gates_GateHwi_Module__FXNS__C                             
20000eb0  ti_sysbios_gates_GateHwi_Module__root__V                             
00006ef4  ti_sysbios_gates_GateHwi_Object__DESC__C                             
00006fb4  ti_sysbios_gates_GateHwi_Object__PARAMS__C                           
00004591  ti_sysbios_gates_GateHwi_Object__create__S                           
00004a79  ti_sysbios_gates_GateHwi_Object__delete__S                           
20000eb8  ti_sysbios_gates_GateHwi_Object__table__V                            
00005069  ti_sysbios_gates_GateHwi_enter__E                                    
00005109  ti_sysbios_gates_GateHwi_leave__E                                    
00005131  ti_sysbios_gates_GateHwi_query__E                                    
000070ac  ti_sysbios_gates_GateMutex_A_badContext__C                           
00004c91  ti_sysbios_gates_GateMutex_Handle__label__S                          
000070b0  ti_sysbios_gates_GateMutex_Instance_State_sem__O                     
00004f51  ti_sysbios_gates_GateMutex_Instance_finalize__E                      
00004b79  ti_sysbios_gates_GateMutex_Instance_init__E                          
00006e88  ti_sysbios_gates_GateMutex_Module__FXNS__C                           
000070b4  ti_sysbios_gates_GateMutex_Module__diagsEnabled__C                   
000070b8  ti_sysbios_gates_GateMutex_Module__diagsIncluded__C                  
000070bc  ti_sysbios_gates_GateMutex_Module__diagsMask__C                      
000071dc  ti_sysbios_gates_GateMutex_Module__id__C                             
20000ebc  ti_sysbios_gates_GateMutex_Module__root__V                           
00006f14  ti_sysbios_gates_GateMutex_Object__DESC__C                           
00006fcc  ti_sysbios_gates_GateMutex_Object__PARAMS__C                         
000045c1  ti_sysbios_gates_GateMutex_Object__create__S                         
0000491d  ti_sysbios_gates_GateMutex_Object__delete__S                         
2000118c  ti_sysbios_gates_GateMutex_Object__table__V                          
000029e1  ti_sysbios_gates_GateMutex_enter__E                                  
00004dc1  ti_sysbios_gates_GateMutex_leave__E                                  
00005139  ti_sysbios_gates_GateMutex_query__E                                  
000070c0  ti_sysbios_hal_Hwi_E_stackOverflow__C                                
00004c5d  ti_sysbios_hal_Hwi_HwiProxy_Handle__label__S                         
00004d8d  ti_sysbios_hal_Hwi_HwiProxy_Module__startupDone__S                   
00003e91  ti_sysbios_hal_Hwi_HwiProxy_disableInterrupt__E                      
00003ed9  ti_sysbios_hal_Hwi_HwiProxy_enableInterrupt__E                       
00004041  ti_sysbios_hal_Hwi_HwiProxy_getStackInfo__E                          
000050e1  ti_sysbios_hal_Hwi_HwiProxy_startup__E                               
00004e89  ti_sysbios_hal_Hwi_HwiProxy_switchFromBootStack__E                   
000071de  ti_sysbios_hal_Hwi_Module__id__C                                     
20000ec4  ti_sysbios_hal_Hwi_Module__root__V                                   
00004ed9  ti_sysbios_hal_Hwi_Module_startup__E                                 
20000ecc  ti_sysbios_hal_Hwi_Object__table__V                                  
00004429  ti_sysbios_hal_Hwi_checkStack                                        
000044c9  ti_sysbios_hal_Hwi_initStack                                         
000070c4  ti_sysbios_heaps_HeapMem_A_align__C                                  
000070c8  ti_sysbios_heaps_HeapMem_A_heapSize__C                               
000070cc  ti_sysbios_heaps_HeapMem_A_invalidFree__C                            
000070d0  ti_sysbios_heaps_HeapMem_A_zeroBlock__C                              
000070d4  ti_sysbios_heaps_HeapMem_E_memory__C                                 
00004cab  ti_sysbios_heaps_HeapMem_Handle__label__S                            
20000360  ti_sysbios_heaps_HeapMem_Instance_State_0_buf__A                     
00001c21  ti_sysbios_heaps_HeapMem_Instance_init__E                            
00004c91  ti_sysbios_heaps_HeapMem_Module_GateProxy_Handle__label__S           
0000491d  ti_sysbios_heaps_HeapMem_Module_GateProxy_Object__delete__S          
00001e8d  ti_sysbios_heaps_HeapMem_Module_GateProxy_enter__E                   
000026a5  ti_sysbios_heaps_HeapMem_Module_GateProxy_leave__E                   
00005139  ti_sysbios_heaps_HeapMem_Module_GateProxy_query__E                   
00006e3c  ti_sysbios_heaps_HeapMem_Module__FXNS__C                             
000070d8  ti_sysbios_heaps_HeapMem_Module__diagsEnabled__C                     
000070dc  ti_sysbios_heaps_HeapMem_Module__diagsIncluded__C                    
000070e0  ti_sysbios_heaps_HeapMem_Module__diagsMask__C                        
000070e4  ti_sysbios_heaps_HeapMem_Module__gateObj__C                          
000071e0  ti_sysbios_heaps_HeapMem_Module__id__C                               
20000ed4  ti_sysbios_heaps_HeapMem_Module__root__V                             
00006f34  ti_sysbios_heaps_HeapMem_Object__DESC__C                             
00006eac  ti_sysbios_heaps_HeapMem_Object__PARAMS__C                           
000070e8  ti_sysbios_heaps_HeapMem_Object__count__C                            
000045f1  ti_sysbios_heaps_HeapMem_Object__create__S                           
00004a99  ti_sysbios_heaps_HeapMem_Object__delete__S                           
00004e9d  ti_sysbios_heaps_HeapMem_Object__get__S                              
20000edc  ti_sysbios_heaps_HeapMem_Object__table__V                            
00000fa9  ti_sysbios_heaps_HeapMem_alloc__E                                    
00000d51  ti_sysbios_heaps_HeapMem_free__E                                     
00003d59  ti_sysbios_heaps_HeapMem_getStats__E                                 
00004259  ti_sysbios_heaps_HeapMem_init__I                                     
00005111  ti_sysbios_heaps_HeapMem_isBlocking__E                               
000070ec  ti_sysbios_heaps_HeapMem_reqAlign__C                                 
000070f0  ti_sysbios_knl_Clock_Module_State_clockQ__O                          
20000ef4  ti_sysbios_knl_Clock_Module__root__V                                 
20001258  ti_sysbios_knl_Clock_Module__state__V                                
00004941  ti_sysbios_knl_Clock_Module_startup__E                               
00004d75  ti_sysbios_knl_Clock_TimerProxy_Module__startupDone__S               
0000291d  ti_sysbios_knl_Clock_TimerProxy_getMaxTicks__E                       
000041d9  ti_sysbios_knl_Clock_TimerProxy_startup__E                           
00004711  ti_sysbios_knl_Clock_doTick__I                                       
00005151  ti_sysbios_knl_Clock_logTick__E                                      
000033f9  ti_sysbios_knl_Clock_workFunc__E                                     
000070f4  ti_sysbios_knl_Idle_funcList__A                                      
00007038  ti_sysbios_knl_Idle_funcList__C                                      
00005011  ti_sysbios_knl_Idle_loop__E                                          
00004ab9  ti_sysbios_knl_Idle_run__E                                           
00005119  ti_sysbios_knl_Queue_Instance_init__E                                
20000efc  ti_sysbios_knl_Queue_Module__root__V                                 
00006f54  ti_sysbios_knl_Queue_Object__DESC__C                                 
00006fe4  ti_sysbios_knl_Queue_Object__PARAMS__C                               
00004b95  ti_sysbios_knl_Queue_Object__destruct__S                             
00005075  ti_sysbios_knl_Queue_Object__get__S                                  
0000473d  ti_sysbios_knl_Queue_construct                                       
000029dd  ti_sysbios_knl_Queue_destruct                                        
00005021  ti_sysbios_knl_Queue_empty__E                                        
00004bb1  ti_sysbios_knl_Queue_put__E                                          
000070f8  ti_sysbios_knl_Semaphore_A_badContext__C                             
000070fc  ti_sysbios_knl_Semaphore_A_noEvents__C                               
00007100  ti_sysbios_knl_Semaphore_A_overflow__C                               
00007104  ti_sysbios_knl_Semaphore_A_pendTaskDisabled__C                       
00007108  ti_sysbios_knl_Semaphore_Instance_State_pendQ__O                     
00004f61  ti_sysbios_knl_Semaphore_Instance_finalize__E                        
00002e89  ti_sysbios_knl_Semaphore_Instance_init__E                            
0000710c  ti_sysbios_knl_Semaphore_Module__diagsEnabled__C                     
00007110  ti_sysbios_knl_Semaphore_Module__diagsIncluded__C                    
00007114  ti_sysbios_knl_Semaphore_Module__diagsMask__C                        
000071e2  ti_sysbios_knl_Semaphore_Module__id__C                               
20000f04  ti_sysbios_knl_Semaphore_Module__root__V                             
00006f74  ti_sysbios_knl_Semaphore_Object__DESC__C                             
00006ed0  ti_sysbios_knl_Semaphore_Object__PARAMS__C                           
00004ad9  ti_sysbios_knl_Semaphore_Object__destruct__S                         
00004621  ti_sysbios_knl_Semaphore_construct                                   
00002a95  ti_sysbios_knl_Semaphore_destruct                                    
00004651  ti_sysbios_knl_Semaphore_pendTimeout__I                              
00000a91  ti_sysbios_knl_Semaphore_pend__E                                     
000026a9  ti_sysbios_knl_Semaphore_post__E                                     
00004cc5  ti_sysbios_knl_Swi_Handle__label__S                                  
20000f7c  ti_sysbios_knl_Swi_Module_State_0_readyQ__A                          
20000f0c  ti_sysbios_knl_Swi_Module__root__V                                   
[...]
00005011  ti_sysbios_knl_Idle_loop__E                                          
00005021  ti_sysbios_knl_Queue_empty__E                                        
0000502f  __TI_zero_init                                                       
0000503b  main                                                                 
00005049  ti_sysbios_family_arm_lm4_Timer_getMaxTicks__E                       
00005059  ti_sysbios_family_arm_m3_TaskSupport_checkStack__E                   
00005059  ti_sysbios_knl_Task_SupportProxy_checkStack__E                       
00005069  ti_sysbios_gates_GateHwi_enter__E                                    
00005075  ti_sysbios_knl_Queue_Object__get__S                                  
00005081  xdc_runtime_Error_init__E                                            
0000508d  xdc_runtime_Gate_enterSystem__E                                      
00005099  xdc_runtime_Memory_calloc__E                                         
000050a5  xdc_runtime_Memory_getMaxDefaultTypeAlign__E                         
000050b1  xdc_runtime_Memory_HeapProxy_alloc__E                                
000050bb  xdc_runtime_Memory_HeapProxy_free__E                                 
000050c5  TimerIntEnable                                                       
000050cd  ti_sysbios_family_arm_lm4_Timer_masterDisable__I                     
000050d9  ti_sysbios_family_arm_m3_Hwi_doSwiRestore__I                         
000050e1  ti_sysbios_family_arm_m3_Hwi_startup__E                              
000050e1  ti_sysbios_hal_Hwi_HwiProxy_startup__E                               
000050e9  GPIOPinWrite                                                         
000050ef  SysCtlDelay                                                          
000050f5  __xdc__init                                                          
000050fb  __TI_decompress_rle24                                                
00005101  ti_sysbios_family_arm_m3_Hwi_doTaskRestore__I                        
00005109  ti_sysbios_gates_GateHwi_leave__E                                    
00005111  ti_sysbios_heaps_HeapMem_isBlocking__E                               
00005119  ti_sysbios_knl_Queue_Instance_init__E                                
00005121  ti_sysbios_knl_Swi_startup__E                                        
00005127  xdc_runtime_System_Module_startup__E                                 
00005131  ti_sysbios_gates_GateHwi_query__E                                    
00005131  xdc_runtime_Main_Module_GateProxy_query__E                           
00005131  xdc_runtime_System_Module_GateProxy_query__E                         
00005139  ti_sysbios_BIOS_RtsGateProxy_query__E                                
00005139  ti_sysbios_gates_GateMutex_query__E                                  
00005139  ti_sysbios_heaps_HeapMem_Module_GateProxy_query__E                   
00005141  ti_sysbios_knl_Task_startup__E                                       
00005149  ti_sysbios_gates_GateHwi_Instance_init__E                            
00005151  ti_sysbios_knl_Clock_logTick__E                                      
00005154  xdc_runtime_Text_charTab__A                                          
00006c00  xdc_runtime_Text_nodeTab__A                                          
00006e3c  ti_sysbios_heaps_HeapMem_Module__FXNS__C                             
00006e64  ti_sysbios_gates_GateHwi_Module__FXNS__C                             
00006e88  ti_sysbios_gates_GateMutex_Module__FXNS__C                           
00006eac  ti_sysbios_heaps_HeapMem_Object__PARAMS__C                           
00006ed0  ti_sysbios_knl_Semaphore_Object__PARAMS__C                           
00006ef4  ti_sysbios_gates_GateHwi_Object__DESC__C                             
00006f14  ti_sysbios_gates_GateMutex_Object__DESC__C                           
00006f34  ti_sysbios_heaps_HeapMem_Object__DESC__C                             
00006f54  ti_sysbios_knl_Queue_Object__DESC__C                                 
00006f74  ti_sysbios_knl_Semaphore_Object__DESC__C                             
00006f94  xdc_runtime_Startup_sfxnTab__A                                       
00006fb4  ti_sysbios_gates_GateHwi_Object__PARAMS__C                           
00006fcc  ti_sysbios_gates_GateMutex_Object__PARAMS__C                         
00006fe4  ti_sysbios_knl_Queue_Object__PARAMS__C                               
00006ffc  xdc_runtime_Startup_firstFxns__A                                     
00007010  xdc_runtime_Startup_sfxnRts__A                                       
00007030  ti_sysbios_family_arm_m3_Hwi_excHookFuncs__A                         
00007038  ti_sysbios_knl_Idle_funcList__C                                      
00007040  xdc_runtime_Startup_firstFxns__C                                     
00007048  xdc_runtime_Startup_lastFxns__C                                      
00007050  ti_catalog_arm_cortexm4_tiva_ce_Boot_A_mustNotUseEnhancedClockMode__C
00007054  ti_catalog_arm_cortexm4_tiva_ce_Boot_Module__diagsEnabled__C         
00007058  ti_catalog_arm_cortexm4_tiva_ce_Boot_Module__diagsIncluded__C        
0000705c  ti_catalog_arm_cortexm4_tiva_ce_Boot_Module__diagsMask__C            
00007060  ti_sysbios_family_arm_lm4_Timer_enableFunc__C                        
00007064  ti_sysbios_family_arm_lm4_Timer_numTimerDevices__C                   
00007068  ti_sysbios_family_arm_lm4_Timer_startupNeeded__C                     
0000706c  ti_sysbios_family_arm_m3_Hwi_E_NMI__C                                
00007070  ti_sysbios_family_arm_m3_Hwi_E_busFault__C                           
00007074  ti_sysbios_family_arm_m3_Hwi_E_debugMon__C                           
00007078  ti_sysbios_family_arm_m3_Hwi_E_hardFault__C                          
0000707c  ti_sysbios_family_arm_m3_Hwi_E_memFault__C                           
00007080  ti_sysbios_family_arm_m3_Hwi_E_noIsr__C                              
00007084  ti_sysbios_family_arm_m3_Hwi_E_reserved__C                           
00007088  ti_sysbios_family_arm_m3_Hwi_E_svCall__C                             
0000708c  ti_sysbios_family_arm_m3_Hwi_E_usageFault__C                         
00007090  ti_sysbios_family_arm_m3_Hwi_NUM_INTERRUPTS__C                       
00007094  ti_sysbios_family_arm_m3_Hwi_Object__count__C                        
00007098  ti_sysbios_family_arm_m3_Hwi_ccr__C                                  
0000709c  ti_sysbios_family_arm_m3_Hwi_excHandlerFunc__C                       
000070a0  ti_sysbios_family_arm_m3_Hwi_excHookFuncs__C                         
000070a4  ti_sysbios_family_arm_m3_Hwi_nullIsrFunc__C                          
000070a8  ti_sysbios_family_arm_m3_Hwi_priGroup__C                             
000070ac  ti_sysbios_gates_GateMutex_A_badContext__C                           
000070b0  ti_sysbios_gates_GateMutex_Instance_State_sem__O                     
000070b4  ti_sysbios_gates_GateMutex_Module__diagsEnabled__C                   
000070b8  ti_sysbios_gates_GateMutex_Module__diagsIncluded__C                  
000070bc  ti_sysbios_gates_GateMutex_Module__diagsMask__C                      
000070c0  ti_sysbios_hal_Hwi_E_stackOverflow__C                                
000070c4  ti_sysbios_heaps_HeapMem_A_align__C                                  
000070c8  ti_sysbios_heaps_HeapMem_A_heapSize__C                               
000070cc  ti_sysbios_heaps_HeapMem_A_invalidFree__C                            
000070d0  ti_sysbios_heaps_HeapMem_A_zeroBlock__C                              
000070d4  ti_sysbios_heaps_HeapMem_E_memory__C                                 
000070d8  ti_sysbios_heaps_HeapMem_Module__diagsEnabled__C                     
000070dc  ti_sysbios_heaps_HeapMem_Module__diagsIncluded__C                    
000070e0  ti_sysbios_heaps_HeapMem_Module__diagsMask__C                        
000070e4  ti_sysbios_heaps_HeapMem_Module__gateObj__C                          
000070e8  ti_sysbios_heaps_HeapMem_Object__count__C                            
000070ec  ti_sysbios_heaps_HeapMem_reqAlign__C                                 
000070f0  ti_sysbios_knl_Clock_Module_State_clockQ__O                          
000070f4  ti_sysbios_knl_Idle_funcList__A                                      
000070f8  ti_sysbios_knl_Semaphore_A_badContext__C                             
000070fc  ti_sysbios_knl_Semaphore_A_noEvents__C                               
00007100  ti_sysbios_knl_Semaphore_A_overflow__C                               
00007104  ti_sysbios_knl_Semaphore_A_pendTaskDisabled__C                       
00007108  ti_sysbios_knl_Semaphore_Instance_State_pendQ__O                     
0000710c  ti_sysbios_knl_Semaphore_Module__diagsEnabled__C                     
00007110  ti_sysbios_knl_Semaphore_Module__diagsIncluded__C                    
00007114  ti_sysbios_knl_Semaphore_Module__diagsMask__C                        
00007118  ti_sysbios_knl_Swi_Object__count__C                                  
0000711c  ti_sysbios_knl_Task_E_spOutOfBounds__C                               
00007120  ti_sysbios_knl_Task_E_stackOverflow__C                               
00007124  ti_sysbios_knl_Task_Module_State_inactiveQ__O                        
00007128  ti_sysbios_knl_Task_Object__count__C                                 
0000712c  ti_sysbios_knl_Task_allBlockedFunc__C                                
00007130  ti_sysbios_knl_Task_numConstructedTasks__C                           
00007134  xdc_runtime_Assert_E_assertFailed__C                                 
00007138  xdc_runtime_Core_A_initializedParams__C                              
0000713c  xdc_runtime_Core_Module__diagsEnabled__C                             
00007140  xdc_runtime_Core_Module__diagsIncluded__C                            
00007144  xdc_runtime_Core_Module__diagsMask__C                                
00007148  xdc_runtime_Error_E_memory__C                                        
0000714c  xdc_runtime_Error_Module__diagsEnabled__C                            
00007150  xdc_runtime_Error_Module__diagsIncluded__C                           
00007154  xdc_runtime_Error_Module__diagsMask__C                               
00007158  xdc_runtime_Error_Module__loggerFxn8__C                              
0000715c  xdc_runtime_Error_Module__loggerObj__C                               
00007160  xdc_runtime_Error_policyFxn__C                                       
00007164  xdc_runtime_Error_raiseHook__C                                       
00007168  xdc_runtime_IGateProvider_Interface__BASE__C                         
0000716c  xdc_runtime_IHeap_Interface__BASE__C                                 
00007170  xdc_runtime_IModule_Interface__BASE__C                               
00007174  xdc_runtime_Log_L_error__C                                           
00007178  xdc_runtime_Log_L_info__C                                            
0000717c  xdc_runtime_Main_Module__diagsEnabled__C                             
00007180  xdc_runtime_Main_Module__diagsIncluded__C                            
00007184  xdc_runtime_Main_Module__diagsMask__C                                
00007188  xdc_runtime_Main_Module__loggerFxn4__C                               
0000718c  xdc_runtime_Main_Module__loggerObj__C                                
00007190  xdc_runtime_Memory_defaultHeapInstance__C                            
00007194  xdc_runtime_Startup_execImpl__C                                      
00007198  xdc_runtime_Startup_maxPasses__C                                     
0000719c  xdc_runtime_Startup_sfxnRts__C                                       
000071a0  xdc_runtime_Startup_sfxnTab__C                                       
000071a4  xdc_runtime_SysMin_bufSize__C                                        
000071a8  xdc_runtime_SysMin_outputFunc__C                                     
000071ac  xdc_runtime_System_Module__gateObj__C                                
000071b0  xdc_runtime_System_abortFxn__C                                       
000071b4  xdc_runtime_System_exitFxn__C                                        
000071b8  xdc_runtime_System_extendFxn__C                                      
000071bc  xdc_runtime_System_maxAtexitHandlers__C                              
000071c0  xdc_runtime_Text_charTab__C                                          
000071c4  xdc_runtime_Text_nameEmpty__C                                        
000071c8  xdc_runtime_Text_nameStatic__C                                       
000071cc  xdc_runtime_Text_nameUnknown__C                                      
000071d0  xdc_runtime_Text_nodeTab__C                                          
000071d4  xdc_runtime_Text_visitRopeFxn__C                                     
000071d8  ti_catalog_arm_cortexm4_tiva_ce_Boot_Module__id__C                   
000071da  ti_sysbios_family_arm_m3_Hwi_Module__id__C                           
000071dc  ti_sysbios_gates_GateMutex_Module__id__C                             
000071de  ti_sysbios_hal_Hwi_Module__id__C                                     
000071e0  ti_sysbios_heaps_HeapMem_Module__id__C                               
000071e2  ti_sysbios_knl_Semaphore_Module__id__C                               
000071e4  ti_sysbios_knl_Task_Module__id__C                                    
000071e6  xdc_runtime_Core_Module__id__C                                       
000071e8  xdc_runtime_Error_Module__loggerDefined__C                           
000071ea  xdc_runtime_Error_maxDepth__C                                        
000071ec  xdc_runtime_Main_Module__id__C                                       
000071ee  xdc_runtime_Main_Module__loggerDefined__C                            
000071f0  xdc_runtime_Memory_Module__id__C                                     
000071f2  xdc_runtime_SysMin_flushAtExit__C                                    
000071f4  xdc_runtime_Text_charCnt__C                                          
000071f6  xdc_runtime_Text_isLoaded__C                                         
000071f8  xdc_runtime_Text_registryModsLastId__C                               
000071fa  xdc_runtime_Text_unnamedModsLastId__C                                
000071fc  xdc_runtime_Error_policy__C                                          
00007200  __TI_static_base__                                                   
00007538  __TI_Handler_Table_Base                                              
00007544  __TI_Handler_Table_Limit                                             
00007558  __TI_CINIT_Base                                                      
00007570  __TI_CINIT_Limit                                                     
20000000  ti_sysbios_family_arm_m3_Hwi_ramVectors                              
20000360  ti_sysbios_heaps_HeapMem_Instance_State_0_buf__A                     
20000760  ti_sysbios_family_arm_m3_Hwi_dispatchTable                           
20000ac0  ti_sysbios_knl_Task_Instance_State_0_stack__A                        
20000cc0  __CIOBUF_                                                            
20000de0  xdc_runtime_SysMin_Module_State_0_outbuf__A                          
20000e68  ti_sysbios_family_arm_lm4_Timer_Module__root__V                      
20000e70  ti_sysbios_family_arm_lm4_Timer_Module_State_0_handles__A            
20000e90  ti_sysbios_family_arm_lm4_Timer_Module__state__V                     
20000e9c  ti_sysbios_family_arm_m3_Hwi_Module__root__V                         
20000ea4  ti_sysbios_family_arm_m3_Hwi_Module_State_0_excActive__A             
20000ea8  ti_sysbios_family_arm_m3_Hwi_Module_State_0_excContext__A            
20000eac  ti_sysbios_family_arm_m3_Hwi_Module_State_0_excStack__A              
20000eb0  ti_sysbios_gates_GateHwi_Module__root__V                             
20000eb8  ti_sysbios_gates_GateHwi_Object__table__V                            
20000ebc  ti_sysbios_gates_GateMutex_Module__root__V                           
20000ec4  ti_sysbios_hal_Hwi_Module__root__V                                   
20000ecc  ti_sysbios_hal_Hwi_Object__table__V                                  
20000ed4  ti_sysbios_heaps_HeapMem_Module__root__V                             
20000edc  ti_sysbios_heaps_HeapMem_Object__table__V                            
20000ef4  ti_sysbios_knl_Clock_Module__root__V                                 
20000efc  ti_sysbios_knl_Queue_Module__root__V                                 
20000f04  ti_sysbios_knl_Semaphore_Module__root__V                             
20000f0c  ti_sysbios_knl_Swi_Module__root__V                                   
20000f14  ti_sysbios_knl_Swi_Module__state__V                                  
20000f30  ti_sysbios_knl_Task_Module__root__V                                  
20000f38  ti_sysbios_knl_Task_Module_State_0_idleTask__A                       
20000f3c  xdc_runtime_Error_Module__state__V                                   
20000f40  xdc_runtime_Memory_Module__state__V                                  
20000f44  xdc_runtime_Registry_Module__state__V                                
20000f4c  xdc_runtime_Startup_Module__state__V                                 
20000f54  xdc_runtime_SysMin_Module__state__V                                  
20000f60  xdc_runtime_System_Module_State_0_atexitHandlers__A                  
20000f68  xdc_runtime_System_Module__state__V                                  
20000f70  xdc_runtime_Text_Module__state__V                                    
20000f78  __xdc__init__addr                                                    
20000f7c  ti_sysbios_knl_Swi_Module_State_0_readyQ__A                          
20000ffc  ti_sysbios_knl_Task_Module_State_0_readyQ__A                         
2000107c  ti_sysbios_knl_Task_Object__table__V                                 
200010c8  ti_sysbios_knl_Task_Module__state__V                                 
2000110c  ti_sysbios_family_arm_lm4_Timer_Module_State_0_device__A             
2000114c  ti_sysbios_family_arm_lm4_Timer_Object__table__V                     
2000118c  ti_sysbios_gates_GateMutex_Object__table__V                          
200011c4  ti_sysbios_family_arm_m3_Hwi_Module__state__V                        
200011f8  ti_sysbios_family_arm_m3_Hwi_Object__table__V                        
20001228  ti_sysbios_knl_Swi_Object__table__V                                  
20001258  ti_sysbios_knl_Clock_Module__state__V                                
20001284  ti_sysbios_BIOS_Module__state__V                                     
200012a8  _lock                                                                
200012ac  _unlock                                                              
200012b0  __TI_cleanup_ptr                                                     
200012b4  __TI_dtors_ptr                                                       
200012b8  main_func_sp                                                         
200012bc  i16ToggleCount                                                       
200012be  ui8PinData                                                           
200012c0  __stack                                                              
200015c0  __STACK_END                                                          
e000e000  ti_sysbios_family_arm_m3_Hwi_nvic                                    
ffffffff  __binit__                                                            
ffffffff  __c_args__                                                           
ffffffff  binit                                                                
UNDEFED   SHT$$INIT_ARRAY$$Base                                                
UNDEFED   SHT$$INIT_ARRAY$$Limit                                               

[518 symbols]
